[0.019s] Invoking command in '/home/my11/interbotix_ws/build/interbotix_xsarm_puppet': AMENT_PREFIX_PATH=/home/my11/interbotix_ws/install/interbotix_xsarm_control:/home/my11/interbotix_ws/install/interbotix_xsarm_descriptions:/home/my11/interbotix_ws/install/interbotix_xs_modules:/home/my11/interbotix_ws/install/interbotix_xs_sdk:/home/my11/interbotix_ws/install/interbotix_xs_driver:/home/my11/interbotix_ws/install/interbotix_xs_msgs:/home/my11/interbotix_ws/install/interbotix_common_modules:/home/my11/interbotix_ws/install/dynamixel_workbench_toolbox:${AMENT_PREFIX_PATH} CMAKE_PREFIX_PATH=/home/my11/interbotix_ws/install/interbotix_xsarm_control:/home/my11/interbotix_ws/install/interbotix_xsarm_descriptions:/home/my11/interbotix_ws/install/interbotix_xs_sdk:/home/my11/interbotix_ws/install/interbotix_xs_driver:/home/my11/interbotix_ws/install/interbotix_xs_msgs:/home/my11/interbotix_ws/install/dynamixel_workbench_toolbox:/home/my11/apriltag_ws/install/apriltag_ros:/home/my11/ros2_ws/install/rrbot_gazebo:/home/my11/ros2_ws/install/rrbot_description:/home/my11/ros2_ws/install/plate_description:/home/my11/ros2_ws/install/opencv_test_py:/opt/ros/humble LD_LIBRARY_PATH=/home/my11/interbotix_ws/install/interbotix_xs_driver/lib:/home/my11/interbotix_ws/install/interbotix_xs_msgs/lib:/home/my11/interbotix_ws/install/dynamixel_workbench_toolbox/lib:/home/my11/apriltag_ws/install/apriltag_ros/lib:/usr/lib/x86_64-linux-gnu/gazebo-11/plugins:/opt/ros/humble/opt/rviz_ogre_vendor/lib:/opt/ros/humble/lib/x86_64-linux-gnu:/opt/ros/humble/lib:/usr/share/gazebo/../../lib/x86_64-linux-gnu/gazebo-11/plugins:/usr/share/gazebo/../../lib/x86_64-linux-gnu/gazebo-11/plugins:/usr/share/gazebo/../../lib/x86_64-linux-gnu/gazebo-11/plugins PYTHONPATH=/home/my11/interbotix_ws/install/interbotix_xs_modules/lib/python3.10/site-packages:/home/my11/interbotix_ws/install/interbotix_xs_msgs/local/lib/python3.10/dist-packages:/home/my11/interbotix_ws/install/interbotix_common_modules/lib/python3.10/site-packages:${PYTHONPATH} /usr/bin/cmake /home/my11/interbotix_ws/src/interbotix_ros_manipulators/interbotix_ros_xsarms/examples/interbotix_xsarm_puppet -DCMAKE_INSTALL_PREFIX=/home/my11/interbotix_ws/install/interbotix_xsarm_puppet
[0.056s] -- The C compiler identification is GNU 11.4.0
[0.099s] -- The CXX compiler identification is GNU 11.4.0
[0.104s] -- Detecting C compiler ABI info
[0.155s] -- Detecting C compiler ABI info - done
[0.163s] -- Check for working C compiler: /usr/bin/cc - skipped
[0.163s] -- Detecting C compile features
[0.163s] -- Detecting C compile features - done
[0.166s] -- Detecting CXX compiler ABI info
[0.233s] -- Detecting CXX compiler ABI info - done
[0.237s] -- Check for working CXX compiler: /usr/bin/c++ - skipped
[0.238s] -- Detecting CXX compile features
[0.238s] -- Detecting CXX compile features - done
[0.240s] -- Found ament_cmake: 1.3.10 (/opt/ros/humble/share/ament_cmake/cmake)
[0.374s] -- Found Python3: /usr/bin/python3 (found version "3.10.12") found components: Interpreter 
[0.451s] -- Found interbotix_xs_msgs: 0.0.0 (/home/my11/interbotix_ws/install/interbotix_xs_msgs/share/interbotix_xs_msgs/cmake)
[0.494s] -- Found rosidl_generator_c: 3.1.5 (/opt/ros/humble/share/rosidl_generator_c/cmake)
[0.500s] -- Found rosidl_adapter: 3.1.5 (/opt/ros/humble/share/rosidl_adapter/cmake)
[0.511s] -- Found rosidl_generator_cpp: 3.1.5 (/opt/ros/humble/share/rosidl_generator_cpp/cmake)
[0.525s] -- Using all available rosidl_typesupport_c: rosidl_typesupport_fastrtps_c;rosidl_typesupport_introspection_c
[0.544s] -- Using all available rosidl_typesupport_cpp: rosidl_typesupport_fastrtps_cpp;rosidl_typesupport_introspection_cpp
[0.624s] -- Found rclcpp: 16.0.10 (/opt/ros/humble/share/rclcpp/cmake)
[0.668s] -- Found rmw_implementation_cmake: 6.1.2 (/opt/ros/humble/share/rmw_implementation_cmake/cmake)
[0.672s] -- Found rmw_fastrtps_cpp: 6.2.7 (/opt/ros/humble/share/rmw_fastrtps_cpp/cmake)
[0.754s] -- Found OpenSSL: /usr/lib/x86_64-linux-gnu/libcrypto.so (found version "3.0.2")  
[0.775s] -- Found FastRTPS: /opt/ros/humble/include  
[0.804s] -- Using RMW implementation 'rmw_fastrtps_cpp' as default
[0.813s] -- Looking for pthread.h
[0.875s] -- Looking for pthread.h - found
[0.876s] -- Performing Test CMAKE_HAVE_LIBC_PTHREAD
[0.935s] -- Performing Test CMAKE_HAVE_LIBC_PTHREAD - Success
[0.935s] -- Found Threads: TRUE  
[0.963s] -- Found sensor_msgs: 4.2.4 (/opt/ros/humble/share/sensor_msgs/cmake)
[0.984s] -- Found ament_lint_auto: 0.12.14 (/opt/ros/humble/share/ament_lint_auto/cmake)
[1.066s] -- Added test 'copyright' to check source files copyright and LICENSE
[1.067s] -- Added test 'cppcheck' to perform static code analysis on C / C++ code
[1.067s] -- Configured cppcheck include dirs: /home/my11/interbotix_ws/src/interbotix_ros_manipulators/interbotix_ros_xsarms/examples/interbotix_xsarm_puppet/include
[1.067s] -- Configured cppcheck exclude dirs and/or files: 
[1.068s] -- Added test 'cpplint' to check C / C++ code against the Google style
[1.069s] -- Configured cpplint exclude dirs and/or files: 
[1.069s] -- Added test 'flake8' to check Python code syntax and style conventions
[1.070s] -- Added test 'lint_cmake' to check CMake code style
[1.070s] -- Added test 'pep257' to check Python code against some of the docstring style conventions in PEP 257
[1.071s] -- Added test 'uncrustify' to check C / C++ code style
[1.071s] -- Configured uncrustify additional arguments: 
[1.072s] -- Added test 'xmllint' to check XML markup files
[1.073s] -- Configuring done
[1.085s] -- Generating done
[1.086s] -- Build files have been written to: /home/my11/interbotix_ws/build/interbotix_xsarm_puppet
[1.096s] Invoked command in '/home/my11/interbotix_ws/build/interbotix_xsarm_puppet' returned '0': AMENT_PREFIX_PATH=/home/my11/interbotix_ws/install/interbotix_xsarm_control:/home/my11/interbotix_ws/install/interbotix_xsarm_descriptions:/home/my11/interbotix_ws/install/interbotix_xs_modules:/home/my11/interbotix_ws/install/interbotix_xs_sdk:/home/my11/interbotix_ws/install/interbotix_xs_driver:/home/my11/interbotix_ws/install/interbotix_xs_msgs:/home/my11/interbotix_ws/install/interbotix_common_modules:/home/my11/interbotix_ws/install/dynamixel_workbench_toolbox:${AMENT_PREFIX_PATH} CMAKE_PREFIX_PATH=/home/my11/interbotix_ws/install/interbotix_xsarm_control:/home/my11/interbotix_ws/install/interbotix_xsarm_descriptions:/home/my11/interbotix_ws/install/interbotix_xs_sdk:/home/my11/interbotix_ws/install/interbotix_xs_driver:/home/my11/interbotix_ws/install/interbotix_xs_msgs:/home/my11/interbotix_ws/install/dynamixel_workbench_toolbox:/home/my11/apriltag_ws/install/apriltag_ros:/home/my11/ros2_ws/install/rrbot_gazebo:/home/my11/ros2_ws/install/rrbot_description:/home/my11/ros2_ws/install/plate_description:/home/my11/ros2_ws/install/opencv_test_py:/opt/ros/humble LD_LIBRARY_PATH=/home/my11/interbotix_ws/install/interbotix_xs_driver/lib:/home/my11/interbotix_ws/install/interbotix_xs_msgs/lib:/home/my11/interbotix_ws/install/dynamixel_workbench_toolbox/lib:/home/my11/apriltag_ws/install/apriltag_ros/lib:/usr/lib/x86_64-linux-gnu/gazebo-11/plugins:/opt/ros/humble/opt/rviz_ogre_vendor/lib:/opt/ros/humble/lib/x86_64-linux-gnu:/opt/ros/humble/lib:/usr/share/gazebo/../../lib/x86_64-linux-gnu/gazebo-11/plugins:/usr/share/gazebo/../../lib/x86_64-linux-gnu/gazebo-11/plugins:/usr/share/gazebo/../../lib/x86_64-linux-gnu/gazebo-11/plugins PYTHONPATH=/home/my11/interbotix_ws/install/interbotix_xs_modules/lib/python3.10/site-packages:/home/my11/interbotix_ws/install/interbotix_xs_msgs/local/lib/python3.10/dist-packages:/home/my11/interbotix_ws/install/interbotix_common_modules/lib/python3.10/site-packages:${PYTHONPATH} /usr/bin/cmake /home/my11/interbotix_ws/src/interbotix_ros_manipulators/interbotix_ros_xsarms/examples/interbotix_xsarm_puppet -DCMAKE_INSTALL_PREFIX=/home/my11/interbotix_ws/install/interbotix_xsarm_puppet
[1.097s] Invoking command in '/home/my11/interbotix_ws/build/interbotix_xsarm_puppet': AMENT_PREFIX_PATH=/home/my11/interbotix_ws/install/interbotix_xsarm_control:/home/my11/interbotix_ws/install/interbotix_xsarm_descriptions:/home/my11/interbotix_ws/install/interbotix_xs_modules:/home/my11/interbotix_ws/install/interbotix_xs_sdk:/home/my11/interbotix_ws/install/interbotix_xs_driver:/home/my11/interbotix_ws/install/interbotix_xs_msgs:/home/my11/interbotix_ws/install/interbotix_common_modules:/home/my11/interbotix_ws/install/dynamixel_workbench_toolbox:${AMENT_PREFIX_PATH} CMAKE_PREFIX_PATH=/home/my11/interbotix_ws/install/interbotix_xsarm_control:/home/my11/interbotix_ws/install/interbotix_xsarm_descriptions:/home/my11/interbotix_ws/install/interbotix_xs_sdk:/home/my11/interbotix_ws/install/interbotix_xs_driver:/home/my11/interbotix_ws/install/interbotix_xs_msgs:/home/my11/interbotix_ws/install/dynamixel_workbench_toolbox:/home/my11/apriltag_ws/install/apriltag_ros:/home/my11/ros2_ws/install/rrbot_gazebo:/home/my11/ros2_ws/install/rrbot_description:/home/my11/ros2_ws/install/plate_description:/home/my11/ros2_ws/install/opencv_test_py:/opt/ros/humble LD_LIBRARY_PATH=/home/my11/interbotix_ws/install/interbotix_xs_driver/lib:/home/my11/interbotix_ws/install/interbotix_xs_msgs/lib:/home/my11/interbotix_ws/install/dynamixel_workbench_toolbox/lib:/home/my11/apriltag_ws/install/apriltag_ros/lib:/usr/lib/x86_64-linux-gnu/gazebo-11/plugins:/opt/ros/humble/opt/rviz_ogre_vendor/lib:/opt/ros/humble/lib/x86_64-linux-gnu:/opt/ros/humble/lib:/usr/share/gazebo/../../lib/x86_64-linux-gnu/gazebo-11/plugins:/usr/share/gazebo/../../lib/x86_64-linux-gnu/gazebo-11/plugins:/usr/share/gazebo/../../lib/x86_64-linux-gnu/gazebo-11/plugins PYTHONPATH=/home/my11/interbotix_ws/install/interbotix_xs_modules/lib/python3.10/site-packages:/home/my11/interbotix_ws/install/interbotix_xs_msgs/local/lib/python3.10/dist-packages:/home/my11/interbotix_ws/install/interbotix_common_modules/lib/python3.10/site-packages:${PYTHONPATH} /usr/bin/cmake --build /home/my11/interbotix_ws/build/interbotix_xsarm_puppet -- -j20 -l20
[1.144s] [ 50%] [32mBuilding CXX object CMakeFiles/xsarm_puppet.dir/src/xsarm_puppet.cpp.o[0m
[1.144s] [ 50%] [32mBuilding CXX object CMakeFiles/xsarm_puppet_single.dir/src/xsarm_puppet_single.cpp.o[0m
[6.620s] [ 75%] [32m[1mLinking CXX executable xsarm_puppet_single[0m
[6.913s] [ 75%] Built target xsarm_puppet_single
[7.456s] [100%] [32m[1mLinking CXX executable xsarm_puppet[0m
[7.704s] [100%] Built target xsarm_puppet
[7.713s] Invoked command in '/home/my11/interbotix_ws/build/interbotix_xsarm_puppet' returned '0': AMENT_PREFIX_PATH=/home/my11/interbotix_ws/install/interbotix_xsarm_control:/home/my11/interbotix_ws/install/interbotix_xsarm_descriptions:/home/my11/interbotix_ws/install/interbotix_xs_modules:/home/my11/interbotix_ws/install/interbotix_xs_sdk:/home/my11/interbotix_ws/install/interbotix_xs_driver:/home/my11/interbotix_ws/install/interbotix_xs_msgs:/home/my11/interbotix_ws/install/interbotix_common_modules:/home/my11/interbotix_ws/install/dynamixel_workbench_toolbox:${AMENT_PREFIX_PATH} CMAKE_PREFIX_PATH=/home/my11/interbotix_ws/install/interbotix_xsarm_control:/home/my11/interbotix_ws/install/interbotix_xsarm_descriptions:/home/my11/interbotix_ws/install/interbotix_xs_sdk:/home/my11/interbotix_ws/install/interbotix_xs_driver:/home/my11/interbotix_ws/install/interbotix_xs_msgs:/home/my11/interbotix_ws/install/dynamixel_workbench_toolbox:/home/my11/apriltag_ws/install/apriltag_ros:/home/my11/ros2_ws/install/rrbot_gazebo:/home/my11/ros2_ws/install/rrbot_description:/home/my11/ros2_ws/install/plate_description:/home/my11/ros2_ws/install/opencv_test_py:/opt/ros/humble LD_LIBRARY_PATH=/home/my11/interbotix_ws/install/interbotix_xs_driver/lib:/home/my11/interbotix_ws/install/interbotix_xs_msgs/lib:/home/my11/interbotix_ws/install/dynamixel_workbench_toolbox/lib:/home/my11/apriltag_ws/install/apriltag_ros/lib:/usr/lib/x86_64-linux-gnu/gazebo-11/plugins:/opt/ros/humble/opt/rviz_ogre_vendor/lib:/opt/ros/humble/lib/x86_64-linux-gnu:/opt/ros/humble/lib:/usr/share/gazebo/../../lib/x86_64-linux-gnu/gazebo-11/plugins:/usr/share/gazebo/../../lib/x86_64-linux-gnu/gazebo-11/plugins:/usr/share/gazebo/../../lib/x86_64-linux-gnu/gazebo-11/plugins PYTHONPATH=/home/my11/interbotix_ws/install/interbotix_xs_modules/lib/python3.10/site-packages:/home/my11/interbotix_ws/install/interbotix_xs_msgs/local/lib/python3.10/dist-packages:/home/my11/interbotix_ws/install/interbotix_common_modules/lib/python3.10/site-packages:${PYTHONPATH} /usr/bin/cmake --build /home/my11/interbotix_ws/build/interbotix_xsarm_puppet -- -j20 -l20
[7.736s] Invoking command in '/home/my11/interbotix_ws/build/interbotix_xsarm_puppet': AMENT_PREFIX_PATH=/home/my11/interbotix_ws/install/interbotix_xsarm_control:/home/my11/interbotix_ws/install/interbotix_xsarm_descriptions:/home/my11/interbotix_ws/install/interbotix_xs_modules:/home/my11/interbotix_ws/install/interbotix_xs_sdk:/home/my11/interbotix_ws/install/interbotix_xs_driver:/home/my11/interbotix_ws/install/interbotix_xs_msgs:/home/my11/interbotix_ws/install/interbotix_common_modules:/home/my11/interbotix_ws/install/dynamixel_workbench_toolbox:${AMENT_PREFIX_PATH} CMAKE_PREFIX_PATH=/home/my11/interbotix_ws/install/interbotix_xsarm_control:/home/my11/interbotix_ws/install/interbotix_xsarm_descriptions:/home/my11/interbotix_ws/install/interbotix_xs_sdk:/home/my11/interbotix_ws/install/interbotix_xs_driver:/home/my11/interbotix_ws/install/interbotix_xs_msgs:/home/my11/interbotix_ws/install/dynamixel_workbench_toolbox:/home/my11/apriltag_ws/install/apriltag_ros:/home/my11/ros2_ws/install/rrbot_gazebo:/home/my11/ros2_ws/install/rrbot_description:/home/my11/ros2_ws/install/plate_description:/home/my11/ros2_ws/install/opencv_test_py:/opt/ros/humble LD_LIBRARY_PATH=/home/my11/interbotix_ws/install/interbotix_xs_driver/lib:/home/my11/interbotix_ws/install/interbotix_xs_msgs/lib:/home/my11/interbotix_ws/install/dynamixel_workbench_toolbox/lib:/home/my11/apriltag_ws/install/apriltag_ros/lib:/usr/lib/x86_64-linux-gnu/gazebo-11/plugins:/opt/ros/humble/opt/rviz_ogre_vendor/lib:/opt/ros/humble/lib/x86_64-linux-gnu:/opt/ros/humble/lib:/usr/share/gazebo/../../lib/x86_64-linux-gnu/gazebo-11/plugins:/usr/share/gazebo/../../lib/x86_64-linux-gnu/gazebo-11/plugins:/usr/share/gazebo/../../lib/x86_64-linux-gnu/gazebo-11/plugins PYTHONPATH=/home/my11/interbotix_ws/install/interbotix_xs_modules/lib/python3.10/site-packages:/home/my11/interbotix_ws/install/interbotix_xs_msgs/local/lib/python3.10/dist-packages:/home/my11/interbotix_ws/install/interbotix_common_modules/lib/python3.10/site-packages:${PYTHONPATH} /usr/bin/cmake --install /home/my11/interbotix_ws/build/interbotix_xsarm_puppet
[7.740s] -- Install configuration: ""
[7.740s] -- Installing: /home/my11/interbotix_ws/install/interbotix_xsarm_puppet/lib/interbotix_xsarm_puppet/xsarm_puppet
[7.741s] -- Set runtime path of "/home/my11/interbotix_ws/install/interbotix_xsarm_puppet/lib/interbotix_xsarm_puppet/xsarm_puppet" to ""
[7.741s] -- Installing: /home/my11/interbotix_ws/install/interbotix_xsarm_puppet/lib/interbotix_xsarm_puppet/xsarm_puppet_single
[7.743s] -- Set runtime path of "/home/my11/interbotix_ws/install/interbotix_xsarm_puppet/lib/interbotix_xsarm_puppet/xsarm_puppet_single" to ""
[7.743s] -- Installing: /home/my11/interbotix_ws/install/interbotix_xsarm_puppet/share/interbotix_xsarm_puppet//bag
[7.743s] -- Installing: /home/my11/interbotix_ws/install/interbotix_xsarm_puppet/share/interbotix_xsarm_puppet//bag/.gitkeep
[7.744s] -- Installing: /home/my11/interbotix_ws/install/interbotix_xsarm_puppet/share/interbotix_xsarm_puppet//bag/duck_dunk.bag
[7.744s] -- Installing: /home/my11/interbotix_ws/install/interbotix_xsarm_puppet/share/interbotix_xsarm_puppet//config
[7.744s] -- Installing: /home/my11/interbotix_ws/install/interbotix_xsarm_puppet/share/interbotix_xsarm_puppet//config/leader_modes.yaml
[7.744s] -- Installing: /home/my11/interbotix_ws/install/interbotix_xsarm_puppet/share/interbotix_xsarm_puppet//config/follower_modes.yaml
[7.744s] -- Installing: /home/my11/interbotix_ws/install/interbotix_xsarm_puppet/share/interbotix_xsarm_puppet//config/record_modes.yaml
[7.744s] -- Installing: /home/my11/interbotix_ws/install/interbotix_xsarm_puppet/share/interbotix_xsarm_puppet//config/playback_modes.yaml
[7.744s] -- Installing: /home/my11/interbotix_ws/install/interbotix_xsarm_puppet/share/interbotix_xsarm_puppet//launch
[7.744s] -- Installing: /home/my11/interbotix_ws/install/interbotix_xsarm_puppet/share/interbotix_xsarm_puppet//launch/xsarm_puppet_single.launch.py
[7.744s] -- Installing: /home/my11/interbotix_ws/install/interbotix_xsarm_puppet/share/interbotix_xsarm_puppet//launch/xsarm_puppet.launch.py
[7.744s] -- Installing: /home/my11/interbotix_ws/install/interbotix_xsarm_puppet/share/interbotix_xsarm_puppet//rviz
[7.744s] -- Installing: /home/my11/interbotix_ws/install/interbotix_xsarm_puppet/share/interbotix_xsarm_puppet//rviz/xsarm_puppet.rviz
[7.744s] -- Installing: /home/my11/interbotix_ws/install/interbotix_xsarm_puppet/share/ament_index/resource_index/package_run_dependencies/interbotix_xsarm_puppet
[7.744s] -- Installing: /home/my11/interbotix_ws/install/interbotix_xsarm_puppet/share/ament_index/resource_index/parent_prefix_path/interbotix_xsarm_puppet
[7.744s] -- Installing: /home/my11/interbotix_ws/install/interbotix_xsarm_puppet/share/interbotix_xsarm_puppet/environment/ament_prefix_path.sh
[7.744s] -- Installing: /home/my11/interbotix_ws/install/interbotix_xsarm_puppet/share/interbotix_xsarm_puppet/environment/ament_prefix_path.dsv
[7.744s] -- Installing: /home/my11/interbotix_ws/install/interbotix_xsarm_puppet/share/interbotix_xsarm_puppet/environment/path.sh
[7.745s] -- Installing: /home/my11/interbotix_ws/install/interbotix_xsarm_puppet/share/interbotix_xsarm_puppet/environment/path.dsv
[7.745s] -- Installing: /home/my11/interbotix_ws/install/interbotix_xsarm_puppet/share/interbotix_xsarm_puppet/local_setup.bash
[7.745s] -- Installing: /home/my11/interbotix_ws/install/interbotix_xsarm_puppet/share/interbotix_xsarm_puppet/local_setup.sh
[7.745s] -- Installing: /home/my11/interbotix_ws/install/interbotix_xsarm_puppet/share/interbotix_xsarm_puppet/local_setup.zsh
[7.745s] -- Installing: /home/my11/interbotix_ws/install/interbotix_xsarm_puppet/share/interbotix_xsarm_puppet/local_setup.dsv
[7.745s] -- Installing: /home/my11/interbotix_ws/install/interbotix_xsarm_puppet/share/interbotix_xsarm_puppet/package.dsv
[7.745s] -- Installing: /home/my11/interbotix_ws/install/interbotix_xsarm_puppet/share/ament_index/resource_index/packages/interbotix_xsarm_puppet
[7.745s] -- Installing: /home/my11/interbotix_ws/install/interbotix_xsarm_puppet/share/interbotix_xsarm_puppet/cmake/interbotix_xsarm_puppetConfig.cmake
[7.745s] -- Installing: /home/my11/interbotix_ws/install/interbotix_xsarm_puppet/share/interbotix_xsarm_puppet/cmake/interbotix_xsarm_puppetConfig-version.cmake
[7.745s] -- Installing: /home/my11/interbotix_ws/install/interbotix_xsarm_puppet/share/interbotix_xsarm_puppet/package.xml
[7.746s] Invoked command in '/home/my11/interbotix_ws/build/interbotix_xsarm_puppet' returned '0': AMENT_PREFIX_PATH=/home/my11/interbotix_ws/install/interbotix_xsarm_control:/home/my11/interbotix_ws/install/interbotix_xsarm_descriptions:/home/my11/interbotix_ws/install/interbotix_xs_modules:/home/my11/interbotix_ws/install/interbotix_xs_sdk:/home/my11/interbotix_ws/install/interbotix_xs_driver:/home/my11/interbotix_ws/install/interbotix_xs_msgs:/home/my11/interbotix_ws/install/interbotix_common_modules:/home/my11/interbotix_ws/install/dynamixel_workbench_toolbox:${AMENT_PREFIX_PATH} CMAKE_PREFIX_PATH=/home/my11/interbotix_ws/install/interbotix_xsarm_control:/home/my11/interbotix_ws/install/interbotix_xsarm_descriptions:/home/my11/interbotix_ws/install/interbotix_xs_sdk:/home/my11/interbotix_ws/install/interbotix_xs_driver:/home/my11/interbotix_ws/install/interbotix_xs_msgs:/home/my11/interbotix_ws/install/dynamixel_workbench_toolbox:/home/my11/apriltag_ws/install/apriltag_ros:/home/my11/ros2_ws/install/rrbot_gazebo:/home/my11/ros2_ws/install/rrbot_description:/home/my11/ros2_ws/install/plate_description:/home/my11/ros2_ws/install/opencv_test_py:/opt/ros/humble LD_LIBRARY_PATH=/home/my11/interbotix_ws/install/interbotix_xs_driver/lib:/home/my11/interbotix_ws/install/interbotix_xs_msgs/lib:/home/my11/interbotix_ws/install/dynamixel_workbench_toolbox/lib:/home/my11/apriltag_ws/install/apriltag_ros/lib:/usr/lib/x86_64-linux-gnu/gazebo-11/plugins:/opt/ros/humble/opt/rviz_ogre_vendor/lib:/opt/ros/humble/lib/x86_64-linux-gnu:/opt/ros/humble/lib:/usr/share/gazebo/../../lib/x86_64-linux-gnu/gazebo-11/plugins:/usr/share/gazebo/../../lib/x86_64-linux-gnu/gazebo-11/plugins:/usr/share/gazebo/../../lib/x86_64-linux-gnu/gazebo-11/plugins PYTHONPATH=/home/my11/interbotix_ws/install/interbotix_xs_modules/lib/python3.10/site-packages:/home/my11/interbotix_ws/install/interbotix_xs_msgs/local/lib/python3.10/dist-packages:/home/my11/interbotix_ws/install/interbotix_common_modules/lib/python3.10/site-packages:${PYTHONPATH} /usr/bin/cmake --install /home/my11/interbotix_ws/build/interbotix_xsarm_puppet
