[0.346s] Invoking command in '/home/my11/interbotix_ws/src/interbotix_ros_toolboxes/interbotix_perception_toolbox/interbotix_perception_modules': AMENT_PREFIX_PATH=/home/my11/interbotix_ws/install/interbotix_perception_pipelines:/home/my11/interbotix_ws/install/interbotix_xs_msgs:/home/my11/interbotix_ws/install/interbotix_perception_msgs:/home/my11/interbotix_ws/install/interbotix_common_modules:${AMENT_PREFIX_PATH} CMAKE_PREFIX_PATH=/home/my11/interbotix_ws/install/interbotix_perception_pipelines:/home/my11/interbotix_ws/install/interbotix_xs_msgs:/home/my11/interbotix_ws/install/interbotix_perception_msgs:${CMAKE_PREFIX_PATH} LD_LIBRARY_PATH=/home/my11/interbotix_ws/install/interbotix_xs_msgs/lib:/home/my11/interbotix_ws/install/interbotix_perception_msgs/lib:/home/my11/apriltag_ws/install/apriltag_ros/lib:/usr/lib/x86_64-linux-gnu/gazebo-11/plugins:/opt/ros/humble/opt/rviz_ogre_vendor/lib:/opt/ros/humble/lib/x86_64-linux-gnu:/opt/ros/humble/lib:/usr/share/gazebo/../../lib/x86_64-linux-gnu/gazebo-11/plugins:/usr/share/gazebo/../../lib/x86_64-linux-gnu/gazebo-11/plugins:/usr/share/gazebo/../../lib/x86_64-linux-gnu/gazebo-11/plugins PYTHONPATH=/home/my11/interbotix_ws/build/interbotix_perception_modules/prefix_override:/usr/lib/python3/dist-packages/colcon_core/task/python/colcon_distutils_commands:/home/my11/interbotix_ws/install/interbotix_perception_modules/lib/python3.10/site-packages:/home/my11/interbotix_ws/install/interbotix_xs_msgs/local/lib/python3.10/dist-packages:/home/my11/interbotix_ws/install/interbotix_perception_msgs/local/lib/python3.10/dist-packages:/home/my11/interbotix_ws/install/interbotix_common_modules/lib/python3.10/site-packages:${PYTHONPATH} /usr/bin/python3 -W ignore:setup.py install is deprecated setup.py egg_info --egg-base ../../../../build/interbotix_perception_modules build --build-base /home/my11/interbotix_ws/build/interbotix_perception_modules/build install --record /home/my11/interbotix_ws/build/interbotix_perception_modules/install.log --single-version-externally-managed install_data
[0.483s] running egg_info
[0.484s] creating ../../../../build/interbotix_perception_modules/interbotix_perception_modules.egg-info
[0.484s] writing ../../../../build/interbotix_perception_modules/interbotix_perception_modules.egg-info/PKG-INFO
[0.484s] writing dependency_links to ../../../../build/interbotix_perception_modules/interbotix_perception_modules.egg-info/dependency_links.txt
[0.485s] writing entry points to ../../../../build/interbotix_perception_modules/interbotix_perception_modules.egg-info/entry_points.txt
[0.485s] writing requirements to ../../../../build/interbotix_perception_modules/interbotix_perception_modules.egg-info/requires.txt
[0.485s] writing top-level names to ../../../../build/interbotix_perception_modules/interbotix_perception_modules.egg-info/top_level.txt
[0.485s] writing manifest file '../../../../build/interbotix_perception_modules/interbotix_perception_modules.egg-info/SOURCES.txt'
[0.485s] reading manifest file '../../../../build/interbotix_perception_modules/interbotix_perception_modules.egg-info/SOURCES.txt'
[0.486s] writing manifest file '../../../../build/interbotix_perception_modules/interbotix_perception_modules.egg-info/SOURCES.txt'
[0.486s] running build
[0.486s] running build_py
[0.486s] creating /home/my11/interbotix_ws/build/interbotix_perception_modules/build
[0.486s] creating /home/my11/interbotix_ws/build/interbotix_perception_modules/build/lib
[0.486s] creating /home/my11/interbotix_ws/build/interbotix_perception_modules/build/lib/interbotix_perception_modules
[0.486s] copying interbotix_perception_modules/pointcloud.py -> /home/my11/interbotix_ws/build/interbotix_perception_modules/build/lib/interbotix_perception_modules
[0.486s] copying interbotix_perception_modules/apriltag.py -> /home/my11/interbotix_ws/build/interbotix_perception_modules/build/lib/interbotix_perception_modules
[0.486s] copying interbotix_perception_modules/armtag.py -> /home/my11/interbotix_ws/build/interbotix_perception_modules/build/lib/interbotix_perception_modules
[0.486s] copying interbotix_perception_modules/picture_snapper.py -> /home/my11/interbotix_ws/build/interbotix_perception_modules/build/lib/interbotix_perception_modules
[0.486s] copying interbotix_perception_modules/armtag_tuner_gui.py -> /home/my11/interbotix_ws/build/interbotix_perception_modules/build/lib/interbotix_perception_modules
[0.486s] copying interbotix_perception_modules/pointcloud_tuner_gui.py -> /home/my11/interbotix_ws/build/interbotix_perception_modules/build/lib/interbotix_perception_modules
[0.486s] copying interbotix_perception_modules/__init__.py -> /home/my11/interbotix_ws/build/interbotix_perception_modules/build/lib/interbotix_perception_modules
[0.486s] running install
[0.486s] running install_lib
[0.487s] creating /home/my11/interbotix_ws/install/interbotix_perception_modules/lib/python3.10/site-packages/interbotix_perception_modules
[0.487s] copying /home/my11/interbotix_ws/build/interbotix_perception_modules/build/lib/interbotix_perception_modules/pointcloud.py -> /home/my11/interbotix_ws/install/interbotix_perception_modules/lib/python3.10/site-packages/interbotix_perception_modules
[0.487s] copying /home/my11/interbotix_ws/build/interbotix_perception_modules/build/lib/interbotix_perception_modules/apriltag.py -> /home/my11/interbotix_ws/install/interbotix_perception_modules/lib/python3.10/site-packages/interbotix_perception_modules
[0.487s] copying /home/my11/interbotix_ws/build/interbotix_perception_modules/build/lib/interbotix_perception_modules/armtag.py -> /home/my11/interbotix_ws/install/interbotix_perception_modules/lib/python3.10/site-packages/interbotix_perception_modules
[0.487s] copying /home/my11/interbotix_ws/build/interbotix_perception_modules/build/lib/interbotix_perception_modules/picture_snapper.py -> /home/my11/interbotix_ws/install/interbotix_perception_modules/lib/python3.10/site-packages/interbotix_perception_modules
[0.487s] copying /home/my11/interbotix_ws/build/interbotix_perception_modules/build/lib/interbotix_perception_modules/armtag_tuner_gui.py -> /home/my11/interbotix_ws/install/interbotix_perception_modules/lib/python3.10/site-packages/interbotix_perception_modules
[0.487s] copying /home/my11/interbotix_ws/build/interbotix_perception_modules/build/lib/interbotix_perception_modules/pointcloud_tuner_gui.py -> /home/my11/interbotix_ws/install/interbotix_perception_modules/lib/python3.10/site-packages/interbotix_perception_modules
[0.487s] copying /home/my11/interbotix_ws/build/interbotix_perception_modules/build/lib/interbotix_perception_modules/__init__.py -> /home/my11/interbotix_ws/install/interbotix_perception_modules/lib/python3.10/site-packages/interbotix_perception_modules
[0.487s] byte-compiling /home/my11/interbotix_ws/install/interbotix_perception_modules/lib/python3.10/site-packages/interbotix_perception_modules/pointcloud.py to pointcloud.cpython-310.pyc
[0.489s] byte-compiling /home/my11/interbotix_ws/install/interbotix_perception_modules/lib/python3.10/site-packages/interbotix_perception_modules/apriltag.py to apriltag.cpython-310.pyc
[0.490s] byte-compiling /home/my11/interbotix_ws/install/interbotix_perception_modules/lib/python3.10/site-packages/interbotix_perception_modules/armtag.py to armtag.cpython-310.pyc
[0.490s] byte-compiling /home/my11/interbotix_ws/install/interbotix_perception_modules/lib/python3.10/site-packages/interbotix_perception_modules/picture_snapper.py to picture_snapper.cpython-310.pyc
[0.491s] byte-compiling /home/my11/interbotix_ws/install/interbotix_perception_modules/lib/python3.10/site-packages/interbotix_perception_modules/armtag_tuner_gui.py to armtag_tuner_gui.cpython-310.pyc
[0.492s] byte-compiling /home/my11/interbotix_ws/install/interbotix_perception_modules/lib/python3.10/site-packages/interbotix_perception_modules/pointcloud_tuner_gui.py to pointcloud_tuner_gui.cpython-310.pyc
[0.493s] byte-compiling /home/my11/interbotix_ws/install/interbotix_perception_modules/lib/python3.10/site-packages/interbotix_perception_modules/__init__.py to __init__.cpython-310.pyc
[0.493s] running install_data
[0.493s] creating /home/my11/interbotix_ws/install/interbotix_perception_modules/share/ament_index
[0.493s] creating /home/my11/interbotix_ws/install/interbotix_perception_modules/share/ament_index/resource_index
[0.493s] creating /home/my11/interbotix_ws/install/interbotix_perception_modules/share/ament_index/resource_index/packages
[0.493s] copying resource/interbotix_perception_modules -> /home/my11/interbotix_ws/install/interbotix_perception_modules/share/ament_index/resource_index/packages
[0.493s] copying package.xml -> /home/my11/interbotix_ws/install/interbotix_perception_modules/share/interbotix_perception_modules
[0.493s] creating /home/my11/interbotix_ws/install/interbotix_perception_modules/share/interbotix_perception_modules/launch
[0.493s] copying launch/pc_filter.launch.py -> /home/my11/interbotix_ws/install/interbotix_perception_modules/share/interbotix_perception_modules/launch
[0.493s] copying launch/armtag.launch.py -> /home/my11/interbotix_ws/install/interbotix_perception_modules/share/interbotix_perception_modules/launch
[0.493s] copying launch/apriltag.launch.py -> /home/my11/interbotix_ws/install/interbotix_perception_modules/share/interbotix_perception_modules/launch
[0.493s] copying launch/picture_snapper.launch.py -> /home/my11/interbotix_ws/install/interbotix_perception_modules/share/interbotix_perception_modules/launch
[0.493s] creating /home/my11/interbotix_ws/install/interbotix_perception_modules/share/interbotix_perception_modules/config
[0.493s] copying config/filter_params.yaml -> /home/my11/interbotix_ws/install/interbotix_perception_modules/share/interbotix_perception_modules/config
[0.493s] copying config/tags.yaml -> /home/my11/interbotix_ws/install/interbotix_perception_modules/share/interbotix_perception_modules/config
[0.493s] creating /home/my11/interbotix_ws/install/interbotix_perception_modules/share/interbotix_perception_modules/ui
[0.493s] copying src/ui/armtagtunergui.ui -> /home/my11/interbotix_ws/install/interbotix_perception_modules/share/interbotix_perception_modules/ui
[0.493s] copying src/ui/pointcloudtunergui.ui -> /home/my11/interbotix_ws/install/interbotix_perception_modules/share/interbotix_perception_modules/ui
[0.493s] running install_egg_info
[0.494s] Copying ../../../../build/interbotix_perception_modules/interbotix_perception_modules.egg-info to /home/my11/interbotix_ws/install/interbotix_perception_modules/lib/python3.10/site-packages/interbotix_perception_modules-0.0.0-py3.10.egg-info
[0.494s] running install_scripts
[0.507s] Installing armtag_tuner_gui script to /home/my11/interbotix_ws/install/interbotix_perception_modules/lib/interbotix_perception_modules
[0.507s] Installing picture_snapper script to /home/my11/interbotix_ws/install/interbotix_perception_modules/lib/interbotix_perception_modules
[0.507s] Installing pointcloud_tuner_gui script to /home/my11/interbotix_ws/install/interbotix_perception_modules/lib/interbotix_perception_modules
[0.507s] writing list of installed files to '/home/my11/interbotix_ws/build/interbotix_perception_modules/install.log'
[0.522s] Invoked command in '/home/my11/interbotix_ws/src/interbotix_ros_toolboxes/interbotix_perception_toolbox/interbotix_perception_modules' returned '0': AMENT_PREFIX_PATH=/home/my11/interbotix_ws/install/interbotix_perception_pipelines:/home/my11/interbotix_ws/install/interbotix_xs_msgs:/home/my11/interbotix_ws/install/interbotix_perception_msgs:/home/my11/interbotix_ws/install/interbotix_common_modules:${AMENT_PREFIX_PATH} CMAKE_PREFIX_PATH=/home/my11/interbotix_ws/install/interbotix_perception_pipelines:/home/my11/interbotix_ws/install/interbotix_xs_msgs:/home/my11/interbotix_ws/install/interbotix_perception_msgs:${CMAKE_PREFIX_PATH} LD_LIBRARY_PATH=/home/my11/interbotix_ws/install/interbotix_xs_msgs/lib:/home/my11/interbotix_ws/install/interbotix_perception_msgs/lib:/home/my11/apriltag_ws/install/apriltag_ros/lib:/usr/lib/x86_64-linux-gnu/gazebo-11/plugins:/opt/ros/humble/opt/rviz_ogre_vendor/lib:/opt/ros/humble/lib/x86_64-linux-gnu:/opt/ros/humble/lib:/usr/share/gazebo/../../lib/x86_64-linux-gnu/gazebo-11/plugins:/usr/share/gazebo/../../lib/x86_64-linux-gnu/gazebo-11/plugins:/usr/share/gazebo/../../lib/x86_64-linux-gnu/gazebo-11/plugins PYTHONPATH=/home/my11/interbotix_ws/build/interbotix_perception_modules/prefix_override:/usr/lib/python3/dist-packages/colcon_core/task/python/colcon_distutils_commands:/home/my11/interbotix_ws/install/interbotix_perception_modules/lib/python3.10/site-packages:/home/my11/interbotix_ws/install/interbotix_xs_msgs/local/lib/python3.10/dist-packages:/home/my11/interbotix_ws/install/interbotix_perception_msgs/local/lib/python3.10/dist-packages:/home/my11/interbotix_ws/install/interbotix_common_modules/lib/python3.10/site-packages:${PYTHONPATH} /usr/bin/python3 -W ignore:setup.py install is deprecated setup.py egg_info --egg-base ../../../../build/interbotix_perception_modules build --build-base /home/my11/interbotix_ws/build/interbotix_perception_modules/build install --record /home/my11/interbotix_ws/build/interbotix_perception_modules/install.log --single-version-externally-managed install_data
