[0.009s] Invoking command in '/home/my11/interbotix_ws/build/interbotix_xs_driver': AMENT_PREFIX_PATH=/home/my11/interbotix_ws/install/dynamixel_workbench_toolbox:${AMENT_PREFIX_PATH} CMAKE_PREFIX_PATH=/home/my11/interbotix_ws/install/dynamixel_workbench_toolbox:/home/my11/apriltag_ws/install/apriltag_ros:/home/my11/ros2_ws/install/rrbot_gazebo:/home/my11/ros2_ws/install/rrbot_description:/home/my11/ros2_ws/install/plate_description:/home/my11/ros2_ws/install/opencv_test_py:/opt/ros/humble LD_LIBRARY_PATH=/home/my11/interbotix_ws/install/dynamixel_workbench_toolbox/lib:/home/my11/apriltag_ws/install/apriltag_ros/lib:/usr/lib/x86_64-linux-gnu/gazebo-11/plugins:/opt/ros/humble/opt/rviz_ogre_vendor/lib:/opt/ros/humble/lib/x86_64-linux-gnu:/opt/ros/humble/lib:/usr/share/gazebo/../../lib/x86_64-linux-gnu/gazebo-11/plugins:/usr/share/gazebo/../../lib/x86_64-linux-gnu/gazebo-11/plugins:/usr/share/gazebo/../../lib/x86_64-linux-gnu/gazebo-11/plugins /usr/bin/cmake /home/my11/interbotix_ws/src/interbotix_ros_core/interbotix_ros_xseries/interbotix_xs_driver -DCMAKE_INSTALL_PREFIX=/home/my11/interbotix_ws/install/interbotix_xs_driver
[0.054s] -- The CXX compiler identification is GNU 11.4.0
[0.058s] -- Detecting CXX compiler ABI info
[0.119s] -- Detecting CXX compiler ABI info - done
[0.124s] -- Check for working CXX compiler: /usr/bin/c++ - skipped
[0.124s] -- Detecting CXX compile features
[0.124s] -- Detecting CXX compile features - done
[0.124s] -- Found dynamixel_workbench_toolbox: 2.2.2 (/home/my11/interbotix_ws/install/dynamixel_workbench_toolbox/share/dynamixel_workbench_toolbox/cmake)
[0.225s] -- Found Python3: /usr/bin/python3 (found version "3.10.12") found components: Interpreter 
[0.348s] -- Found rosidl_generator_c: 3.1.5 (/opt/ros/humble/share/rosidl_generator_c/cmake)
[0.354s] -- Found rosidl_adapter: 3.1.5 (/opt/ros/humble/share/rosidl_adapter/cmake)
[0.363s] -- Found rosidl_generator_cpp: 3.1.5 (/opt/ros/humble/share/rosidl_generator_cpp/cmake)
[0.375s] -- Using all available rosidl_typesupport_c: rosidl_typesupport_fastrtps_c;rosidl_typesupport_introspection_c
[0.392s] -- Using all available rosidl_typesupport_cpp: rosidl_typesupport_fastrtps_cpp;rosidl_typesupport_introspection_cpp
[0.437s] -- Found rmw_implementation_cmake: 6.1.2 (/opt/ros/humble/share/rmw_implementation_cmake/cmake)
[0.441s] -- Found rmw_fastrtps_cpp: 6.2.7 (/opt/ros/humble/share/rmw_fastrtps_cpp/cmake)
[0.515s] -- Found OpenSSL: /usr/lib/x86_64-linux-gnu/libcrypto.so (found version "3.0.2")  
[0.544s] -- Found FastRTPS: /opt/ros/humble/include  
[0.585s] -- Using RMW implementation 'rmw_fastrtps_cpp' as default
[0.596s] -- Looking for C++ include pthread.h
[0.679s] -- Looking for C++ include pthread.h - found
[0.679s] -- Performing Test CMAKE_HAVE_LIBC_PTHREAD
[0.759s] -- Performing Test CMAKE_HAVE_LIBC_PTHREAD - Success
[0.760s] -- Found Threads: TRUE  
[0.821s] -- Found ament_lint_auto: 0.12.14 (/opt/ros/humble/share/ament_lint_auto/cmake)
[0.912s] -- Added test 'copyright' to check source files copyright and LICENSE
[0.914s] -- Added test 'cppcheck' to perform static code analysis on C / C++ code
[0.914s] -- Configured cppcheck include dirs: /home/my11/interbotix_ws/src/interbotix_ros_core/interbotix_ros_xseries/interbotix_xs_driver/include;$<BUILD_INTERFACE:/home/my11/interbotix_ws/src/interbotix_ros_core/interbotix_ros_xseries/interbotix_xs_driver/include>
[0.916s] -- Configured cppcheck exclude dirs and/or files: 
[0.916s] -- Added test 'cpplint' to check C / C++ code against the Google style
[0.916s] -- Configured cpplint exclude dirs and/or files: 
[0.916s] -- Added test 'lint_cmake' to check CMake code style
[0.918s] -- Added test 'uncrustify' to check C / C++ code style
[0.918s] -- Configured uncrustify additional arguments: 
[0.918s] -- Added test 'xmllint' to check XML markup files
[0.920s] -- Configuring done
[0.937s] -- Generating done
[0.940s] -- Build files have been written to: /home/my11/interbotix_ws/build/interbotix_xs_driver
[0.950s] Invoked command in '/home/my11/interbotix_ws/build/interbotix_xs_driver' returned '0': AMENT_PREFIX_PATH=/home/my11/interbotix_ws/install/dynamixel_workbench_toolbox:${AMENT_PREFIX_PATH} CMAKE_PREFIX_PATH=/home/my11/interbotix_ws/install/dynamixel_workbench_toolbox:/home/my11/apriltag_ws/install/apriltag_ros:/home/my11/ros2_ws/install/rrbot_gazebo:/home/my11/ros2_ws/install/rrbot_description:/home/my11/ros2_ws/install/plate_description:/home/my11/ros2_ws/install/opencv_test_py:/opt/ros/humble LD_LIBRARY_PATH=/home/my11/interbotix_ws/install/dynamixel_workbench_toolbox/lib:/home/my11/apriltag_ws/install/apriltag_ros/lib:/usr/lib/x86_64-linux-gnu/gazebo-11/plugins:/opt/ros/humble/opt/rviz_ogre_vendor/lib:/opt/ros/humble/lib/x86_64-linux-gnu:/opt/ros/humble/lib:/usr/share/gazebo/../../lib/x86_64-linux-gnu/gazebo-11/plugins:/usr/share/gazebo/../../lib/x86_64-linux-gnu/gazebo-11/plugins:/usr/share/gazebo/../../lib/x86_64-linux-gnu/gazebo-11/plugins /usr/bin/cmake /home/my11/interbotix_ws/src/interbotix_ros_core/interbotix_ros_xseries/interbotix_xs_driver -DCMAKE_INSTALL_PREFIX=/home/my11/interbotix_ws/install/interbotix_xs_driver
[0.952s] Invoking command in '/home/my11/interbotix_ws/build/interbotix_xs_driver': AMENT_PREFIX_PATH=/home/my11/interbotix_ws/install/dynamixel_workbench_toolbox:${AMENT_PREFIX_PATH} CMAKE_PREFIX_PATH=/home/my11/interbotix_ws/install/dynamixel_workbench_toolbox:/home/my11/apriltag_ws/install/apriltag_ros:/home/my11/ros2_ws/install/rrbot_gazebo:/home/my11/ros2_ws/install/rrbot_description:/home/my11/ros2_ws/install/plate_description:/home/my11/ros2_ws/install/opencv_test_py:/opt/ros/humble LD_LIBRARY_PATH=/home/my11/interbotix_ws/install/dynamixel_workbench_toolbox/lib:/home/my11/apriltag_ws/install/apriltag_ros/lib:/usr/lib/x86_64-linux-gnu/gazebo-11/plugins:/opt/ros/humble/opt/rviz_ogre_vendor/lib:/opt/ros/humble/lib/x86_64-linux-gnu:/opt/ros/humble/lib:/usr/share/gazebo/../../lib/x86_64-linux-gnu/gazebo-11/plugins:/usr/share/gazebo/../../lib/x86_64-linux-gnu/gazebo-11/plugins:/usr/share/gazebo/../../lib/x86_64-linux-gnu/gazebo-11/plugins /usr/bin/cmake --build /home/my11/interbotix_ws/build/interbotix_xs_driver -- -j20 -l20
[0.997s] [ 33%] [32mBuilding CXX object CMakeFiles/interbotix_xs_driver.dir/src/xs_logging.cpp.o[0m
[0.998s] [ 66%] [32mBuilding CXX object CMakeFiles/interbotix_xs_driver.dir/src/xs_driver.cpp.o[0m
[3.008s] [100%] [32m[1mLinking CXX shared library libinterbotix_xs_driver.so[0m
[3.186s] [100%] Built target interbotix_xs_driver
[3.198s] Invoked command in '/home/my11/interbotix_ws/build/interbotix_xs_driver' returned '0': AMENT_PREFIX_PATH=/home/my11/interbotix_ws/install/dynamixel_workbench_toolbox:${AMENT_PREFIX_PATH} CMAKE_PREFIX_PATH=/home/my11/interbotix_ws/install/dynamixel_workbench_toolbox:/home/my11/apriltag_ws/install/apriltag_ros:/home/my11/ros2_ws/install/rrbot_gazebo:/home/my11/ros2_ws/install/rrbot_description:/home/my11/ros2_ws/install/plate_description:/home/my11/ros2_ws/install/opencv_test_py:/opt/ros/humble LD_LIBRARY_PATH=/home/my11/interbotix_ws/install/dynamixel_workbench_toolbox/lib:/home/my11/apriltag_ws/install/apriltag_ros/lib:/usr/lib/x86_64-linux-gnu/gazebo-11/plugins:/opt/ros/humble/opt/rviz_ogre_vendor/lib:/opt/ros/humble/lib/x86_64-linux-gnu:/opt/ros/humble/lib:/usr/share/gazebo/../../lib/x86_64-linux-gnu/gazebo-11/plugins:/usr/share/gazebo/../../lib/x86_64-linux-gnu/gazebo-11/plugins:/usr/share/gazebo/../../lib/x86_64-linux-gnu/gazebo-11/plugins /usr/bin/cmake --build /home/my11/interbotix_ws/build/interbotix_xs_driver -- -j20 -l20
[3.224s] Invoking command in '/home/my11/interbotix_ws/build/interbotix_xs_driver': AMENT_PREFIX_PATH=/home/my11/interbotix_ws/install/dynamixel_workbench_toolbox:${AMENT_PREFIX_PATH} CMAKE_PREFIX_PATH=/home/my11/interbotix_ws/install/dynamixel_workbench_toolbox:/home/my11/apriltag_ws/install/apriltag_ros:/home/my11/ros2_ws/install/rrbot_gazebo:/home/my11/ros2_ws/install/rrbot_description:/home/my11/ros2_ws/install/plate_description:/home/my11/ros2_ws/install/opencv_test_py:/opt/ros/humble LD_LIBRARY_PATH=/home/my11/interbotix_ws/install/dynamixel_workbench_toolbox/lib:/home/my11/apriltag_ws/install/apriltag_ros/lib:/usr/lib/x86_64-linux-gnu/gazebo-11/plugins:/opt/ros/humble/opt/rviz_ogre_vendor/lib:/opt/ros/humble/lib/x86_64-linux-gnu:/opt/ros/humble/lib:/usr/share/gazebo/../../lib/x86_64-linux-gnu/gazebo-11/plugins:/usr/share/gazebo/../../lib/x86_64-linux-gnu/gazebo-11/plugins:/usr/share/gazebo/../../lib/x86_64-linux-gnu/gazebo-11/plugins /usr/bin/cmake --install /home/my11/interbotix_ws/build/interbotix_xs_driver
[3.230s] -- Install configuration: ""
[3.230s] -- Installing: /home/my11/interbotix_ws/install/interbotix_xs_driver/lib/libinterbotix_xs_driver.so
[3.230s] -- Set runtime path of "/home/my11/interbotix_ws/install/interbotix_xs_driver/lib/libinterbotix_xs_driver.so" to ""
[3.230s] -- Installing: /home/my11/interbotix_ws/install/interbotix_xs_driver/include/interbotix_xs_driver/version.hpp
[3.230s] -- Up-to-date: /home/my11/interbotix_ws/install/interbotix_xs_driver/include/interbotix_xs_driver
[3.231s] -- Installing: /home/my11/interbotix_ws/install/interbotix_xs_driver/include/interbotix_xs_driver/xs_logging.hpp
[3.231s] -- Installing: /home/my11/interbotix_ws/install/interbotix_xs_driver/include/interbotix_xs_driver/xs_driver.hpp
[3.231s] -- Installing: /home/my11/interbotix_ws/install/interbotix_xs_driver/include/interbotix_xs_driver/xs_common.hpp
[3.231s] -- Installing: /home/my11/interbotix_ws/install/interbotix_xs_driver/share/interbotix_xs_driver/package.xml
[3.231s] -- Installing: /home/my11/interbotix_ws/install/interbotix_xs_driver/share/ament_index/resource_index/package_run_dependencies/interbotix_xs_driver
[3.231s] -- Installing: /home/my11/interbotix_ws/install/interbotix_xs_driver/share/ament_index/resource_index/parent_prefix_path/interbotix_xs_driver
[3.231s] -- Installing: /home/my11/interbotix_ws/install/interbotix_xs_driver/share/interbotix_xs_driver/environment/ament_prefix_path.sh
[3.231s] -- Installing: /home/my11/interbotix_ws/install/interbotix_xs_driver/share/interbotix_xs_driver/environment/ament_prefix_path.dsv
[3.231s] -- Installing: /home/my11/interbotix_ws/install/interbotix_xs_driver/share/interbotix_xs_driver/environment/path.sh
[3.231s] -- Installing: /home/my11/interbotix_ws/install/interbotix_xs_driver/share/interbotix_xs_driver/environment/path.dsv
[3.231s] -- Installing: /home/my11/interbotix_ws/install/interbotix_xs_driver/share/interbotix_xs_driver/local_setup.bash
[3.232s] -- Installing: /home/my11/interbotix_ws/install/interbotix_xs_driver/share/interbotix_xs_driver/local_setup.sh
[3.232s] -- Installing: /home/my11/interbotix_ws/install/interbotix_xs_driver/share/interbotix_xs_driver/local_setup.zsh
[3.232s] -- Installing: /home/my11/interbotix_ws/install/interbotix_xs_driver/share/interbotix_xs_driver/local_setup.dsv
[3.232s] -- Installing: /home/my11/interbotix_ws/install/interbotix_xs_driver/share/interbotix_xs_driver/package.dsv
[3.232s] -- Installing: /home/my11/interbotix_ws/install/interbotix_xs_driver/share/ament_index/resource_index/packages/interbotix_xs_driver
[3.232s] -- Installing: /home/my11/interbotix_ws/install/interbotix_xs_driver/share/interbotix_xs_driver/cmake/export_interbotix_xs_driverExport.cmake
[3.232s] -- Installing: /home/my11/interbotix_ws/install/interbotix_xs_driver/share/interbotix_xs_driver/cmake/export_interbotix_xs_driverExport-noconfig.cmake
[3.232s] -- Installing: /home/my11/interbotix_ws/install/interbotix_xs_driver/share/interbotix_xs_driver/cmake/ament_cmake_export_dependencies-extras.cmake
[3.232s] -- Installing: /home/my11/interbotix_ws/install/interbotix_xs_driver/share/interbotix_xs_driver/cmake/ament_cmake_export_targets-extras.cmake
[3.232s] -- Installing: /home/my11/interbotix_ws/install/interbotix_xs_driver/share/interbotix_xs_driver/cmake/interbotix_xs_driverConfig.cmake
[3.232s] -- Installing: /home/my11/interbotix_ws/install/interbotix_xs_driver/share/interbotix_xs_driver/cmake/interbotix_xs_driverConfig-version.cmake
[3.232s] -- Up-to-date: /home/my11/interbotix_ws/install/interbotix_xs_driver/share/interbotix_xs_driver/package.xml
[3.234s] Invoked command in '/home/my11/interbotix_ws/build/interbotix_xs_driver' returned '0': AMENT_PREFIX_PATH=/home/my11/interbotix_ws/install/dynamixel_workbench_toolbox:${AMENT_PREFIX_PATH} CMAKE_PREFIX_PATH=/home/my11/interbotix_ws/install/dynamixel_workbench_toolbox:/home/my11/apriltag_ws/install/apriltag_ros:/home/my11/ros2_ws/install/rrbot_gazebo:/home/my11/ros2_ws/install/rrbot_description:/home/my11/ros2_ws/install/plate_description:/home/my11/ros2_ws/install/opencv_test_py:/opt/ros/humble LD_LIBRARY_PATH=/home/my11/interbotix_ws/install/dynamixel_workbench_toolbox/lib:/home/my11/apriltag_ws/install/apriltag_ros/lib:/usr/lib/x86_64-linux-gnu/gazebo-11/plugins:/opt/ros/humble/opt/rviz_ogre_vendor/lib:/opt/ros/humble/lib/x86_64-linux-gnu:/opt/ros/humble/lib:/usr/share/gazebo/../../lib/x86_64-linux-gnu/gazebo-11/plugins:/usr/share/gazebo/../../lib/x86_64-linux-gnu/gazebo-11/plugins:/usr/share/gazebo/../../lib/x86_64-linux-gnu/gazebo-11/plugins /usr/bin/cmake --install /home/my11/interbotix_ws/build/interbotix_xs_driver
