/home/my11/interbotix_ws/install/interbotix_perception_modules/lib/python3.10/site-packages/interbotix_perception_modules/pointcloud.py
/home/my11/interbotix_ws/install/interbotix_perception_modules/lib/python3.10/site-packages/interbotix_perception_modules/apriltag.py
/home/my11/interbotix_ws/install/interbotix_perception_modules/lib/python3.10/site-packages/interbotix_perception_modules/armtag.py
/home/my11/interbotix_ws/install/interbotix_perception_modules/lib/python3.10/site-packages/interbotix_perception_modules/picture_snapper.py
/home/my11/interbotix_ws/install/interbotix_perception_modules/lib/python3.10/site-packages/interbotix_perception_modules/armtag_tuner_gui.py
/home/my11/interbotix_ws/install/interbotix_perception_modules/lib/python3.10/site-packages/interbotix_perception_modules/pointcloud_tuner_gui.py
/home/my11/interbotix_ws/install/interbotix_perception_modules/lib/python3.10/site-packages/interbotix_perception_modules/__init__.py
/home/my11/interbotix_ws/install/interbotix_perception_modules/lib/python3.10/site-packages/interbotix_perception_modules/__pycache__/pointcloud.cpython-310.pyc
/home/my11/interbotix_ws/install/interbotix_perception_modules/lib/python3.10/site-packages/interbotix_perception_modules/__pycache__/apriltag.cpython-310.pyc
/home/my11/interbotix_ws/install/interbotix_perception_modules/lib/python3.10/site-packages/interbotix_perception_modules/__pycache__/armtag.cpython-310.pyc
/home/my11/interbotix_ws/install/interbotix_perception_modules/lib/python3.10/site-packages/interbotix_perception_modules/__pycache__/picture_snapper.cpython-310.pyc
/home/my11/interbotix_ws/install/interbotix_perception_modules/lib/python3.10/site-packages/interbotix_perception_modules/__pycache__/armtag_tuner_gui.cpython-310.pyc
/home/my11/interbotix_ws/install/interbotix_perception_modules/lib/python3.10/site-packages/interbotix_perception_modules/__pycache__/pointcloud_tuner_gui.cpython-310.pyc
/home/my11/interbotix_ws/install/interbotix_perception_modules/lib/python3.10/site-packages/interbotix_perception_modules/__pycache__/__init__.cpython-310.pyc
/home/my11/interbotix_ws/install/interbotix_perception_modules/share/ament_index/resource_index/packages/interbotix_perception_modules
/home/my11/interbotix_ws/install/interbotix_perception_modules/share/interbotix_perception_modules/package.xml
/home/my11/interbotix_ws/install/interbotix_perception_modules/share/interbotix_perception_modules/launch/pc_filter.launch.py
/home/my11/interbotix_ws/install/interbotix_perception_modules/share/interbotix_perception_modules/launch/armtag.launch.py
/home/my11/interbotix_ws/install/interbotix_perception_modules/share/interbotix_perception_modules/launch/apriltag.launch.py
/home/my11/interbotix_ws/install/interbotix_perception_modules/share/interbotix_perception_modules/launch/picture_snapper.launch.py
/home/my11/interbotix_ws/install/interbotix_perception_modules/share/interbotix_perception_modules/config/filter_params.yaml
/home/my11/interbotix_ws/install/interbotix_perception_modules/share/interbotix_perception_modules/config/tags.yaml
/home/my11/interbotix_ws/install/interbotix_perception_modules/share/interbotix_perception_modules/ui/armtagtunergui.ui
/home/my11/interbotix_ws/install/interbotix_perception_modules/share/interbotix_perception_modules/ui/pointcloudtunergui.ui
/home/my11/interbotix_ws/install/interbotix_perception_modules/lib/python3.10/site-packages/interbotix_perception_modules-0.0.0-py3.10.egg-info/top_level.txt
/home/my11/interbotix_ws/install/interbotix_perception_modules/lib/python3.10/site-packages/interbotix_perception_modules-0.0.0-py3.10.egg-info/dependency_links.txt
/home/my11/interbotix_ws/install/interbotix_perception_modules/lib/python3.10/site-packages/interbotix_perception_modules-0.0.0-py3.10.egg-info/PKG-INFO
/home/my11/interbotix_ws/install/interbotix_perception_modules/lib/python3.10/site-packages/interbotix_perception_modules-0.0.0-py3.10.egg-info/zip-safe
/home/my11/interbotix_ws/install/interbotix_perception_modules/lib/python3.10/site-packages/interbotix_perception_modules-0.0.0-py3.10.egg-info/entry_points.txt
/home/my11/interbotix_ws/install/interbotix_perception_modules/lib/python3.10/site-packages/interbotix_perception_modules-0.0.0-py3.10.egg-info/SOURCES.txt
/home/my11/interbotix_ws/install/interbotix_perception_modules/lib/python3.10/site-packages/interbotix_perception_modules-0.0.0-py3.10.egg-info/requires.txt
/home/my11/interbotix_ws/install/interbotix_perception_modules/lib/interbotix_perception_modules/armtag_tuner_gui
/home/my11/interbotix_ws/install/interbotix_perception_modules/lib/interbotix_perception_modules/picture_snapper
/home/my11/interbotix_ws/install/interbotix_perception_modules/lib/interbotix_perception_modules/pointcloud_tuner_gui
