[0.009s] Invoking command in '/home/my11/interbotix_ws/build/interbotix_moveit_interface': AMENT_PREFIX_PATH=/home/my11/interbotix_ws/install/moveit_visual_tools:/home/my11/interbotix_ws/install/interbotix_moveit_interface_msgs:${AMENT_PREFIX_PATH} CMAKE_PREFIX_PATH=/home/my11/interbotix_ws/install/moveit_visual_tools:/home/my11/interbotix_ws/install/interbotix_moveit_interface_msgs:/home/my11/apriltag_ws/install/apriltag_ros:/home/my11/ros2_ws/install/rrbot_gazebo:/home/my11/ros2_ws/install/rrbot_description:/home/my11/ros2_ws/install/plate_description:/home/my11/ros2_ws/install/opencv_test_py:/opt/ros/humble LD_LIBRARY_PATH=/home/my11/interbotix_ws/install/moveit_visual_tools/lib:/home/my11/interbotix_ws/install/interbotix_moveit_interface_msgs/lib:/home/my11/apriltag_ws/install/apriltag_ros/lib:/usr/lib/x86_64-linux-gnu/gazebo-11/plugins:/opt/ros/humble/opt/rviz_ogre_vendor/lib:/opt/ros/humble/lib/x86_64-linux-gnu:/opt/ros/humble/lib:/usr/share/gazebo/../../lib/x86_64-linux-gnu/gazebo-11/plugins:/usr/share/gazebo/../../lib/x86_64-linux-gnu/gazebo-11/plugins:/usr/share/gazebo/../../lib/x86_64-linux-gnu/gazebo-11/plugins PYTHONPATH=/home/my11/interbotix_ws/install/interbotix_moveit_interface_msgs/local/lib/python3.10/dist-packages:${PYTHONPATH} /usr/bin/cmake /home/my11/interbotix_ws/src/interbotix_ros_toolboxes/interbotix_common_toolbox/interbotix_moveit_interface -DCMAKE_INSTALL_PREFIX=/home/my11/interbotix_ws/install/interbotix_moveit_interface
[0.049s] -- The C compiler identification is GNU 11.4.0
[0.085s] -- The CXX compiler identification is GNU 11.4.0
[0.088s] -- Detecting C compiler ABI info
[0.138s] -- Detecting C compiler ABI info - done
[0.142s] -- Check for working C compiler: /usr/bin/cc - skipped
[0.142s] -- Detecting C compile features
[0.142s] -- Detecting C compile features - done
[0.144s] -- Detecting CXX compiler ABI info
[0.200s] -- Detecting CXX compiler ABI info - done
[0.205s] -- Check for working CXX compiler: /usr/bin/c++ - skipped
[0.205s] -- Detecting CXX compile features
[0.205s] -- Detecting CXX compile features - done
[0.207s] -- Found ament_cmake: 1.3.10 (/opt/ros/humble/share/ament_cmake/cmake)
[0.312s] -- Found Python3: /usr/bin/python3 (found version "3.10.12") found components: Interpreter 
[0.365s] -- Found interbotix_moveit_interface_msgs: 0.0.0 (/home/my11/interbotix_ws/install/interbotix_moveit_interface_msgs/share/interbotix_moveit_interface_msgs/cmake)
[0.388s] -- Found rosidl_generator_c: 3.1.5 (/opt/ros/humble/share/rosidl_generator_c/cmake)
[0.390s] -- Found rosidl_adapter: 3.1.5 (/opt/ros/humble/share/rosidl_adapter/cmake)
[0.395s] -- Found rosidl_generator_cpp: 3.1.5 (/opt/ros/humble/share/rosidl_generator_cpp/cmake)
[0.401s] -- Using all available rosidl_typesupport_c: rosidl_typesupport_fastrtps_c;rosidl_typesupport_introspection_c
[0.410s] -- Using all available rosidl_typesupport_cpp: rosidl_typesupport_fastrtps_cpp;rosidl_typesupport_introspection_cpp
[0.438s] -- Found moveit_msgs: 2.2.1 (/opt/ros/humble/share/moveit_msgs/cmake)
[0.513s] -- Found moveit_ros_planning_interface: 2.5.9 (/opt/ros/humble/share/moveit_ros_planning_interface/cmake)
[0.630s] -- Found Boost: /usr/lib/x86_64-linux-gnu/cmake/Boost-1.74.0/BoostConfig.cmake (found version "1.74.0") found components: date_time filesystem program_options system thread 
[0.641s] -- Found Boost: /usr/lib/x86_64-linux-gnu/cmake/Boost-1.74.0/BoostConfig.cmake (found version "1.74.0") found components: chrono date_time filesystem iostreams program_options regex serialization system thread 
[0.667s] -- Found parameter_traits: 0.3.8 (/opt/ros/humble/share/parameter_traits/cmake)
[0.689s] -- Found rmw_implementation_cmake: 6.1.2 (/opt/ros/humble/share/rmw_implementation_cmake/cmake)
[0.690s] -- Found rmw_fastrtps_cpp: 6.2.7 (/opt/ros/humble/share/rmw_fastrtps_cpp/cmake)
[0.749s] -- Found OpenSSL: /usr/lib/x86_64-linux-gnu/libcrypto.so (found version "3.0.2")  
[0.765s] -- Found FastRTPS: /opt/ros/humble/include  
[0.794s] -- Using RMW implementation 'rmw_fastrtps_cpp' as default
[0.799s] -- Found Threads: TRUE  
[0.825s] -- Found Eigen3: TRUE (found version "3.4.0") 
[0.827s] -- Found rclcpp_lifecycle: 16.0.10 (/opt/ros/humble/share/rclcpp_lifecycle/cmake)
[0.841s] -- Found Boost: /usr/lib/x86_64-linux-gnu/cmake/Boost-1.74.0/BoostConfig.cmake (found version "1.74.0") found components: filesystem 
[0.905s] -- library: /usr/lib/x86_64-linux-gnu/libcurl.so
[0.927s] -- Ensuring Eigen3 include directory is part of orocos-kdl CMake target
[1.005s] -- Found Boost: /usr/lib/x86_64-linux-gnu/cmake/Boost-1.74.0/BoostConfig.cmake (found version "1.74.0") found components: system filesystem date_time program_options thread chrono 
[1.023s] -- Found Boost: /usr/lib/x86_64-linux-gnu/cmake/Boost-1.74.0/BoostConfig.cmake (found version "1.74.0") found components: thread system filesystem regex date_time program_options 
[1.036s] -- Found Boost: /usr/lib/x86_64-linux-gnu/cmake/Boost-1.74.0/BoostConfig.cmake (found version "1.74.0") found components: system filesystem date_time program_options thread 
[1.052s] -- Found moveit_visual_tools: 4.1.2 (/home/my11/interbotix_ws/install/moveit_visual_tools/share/moveit_visual_tools/cmake)
[1.082s] -- Setting assimp_DIR to: '/opt/ros/humble/share/rviz_assimp_vendor/cmake/../../../opt/rviz_assimp_vendor/lib/cmake/assimp-4.1'
[1.085s] -- Setting OGRE_DIR to: '/opt/ros/humble/share/rviz_ogre_vendor/cmake/../../../opt/rviz_ogre_vendor/lib/OGRE/cmake'
[1.086s] -- Found OGRE
[1.086s] --   static     : OFF
[1.086s] --   components : HLMS;MeshLodGenerator;Overlay;Paging;Property;RTShaderSystem;Terrain;Volume
[1.086s] --   plugins    : Plugin_BSPSceneManager;Plugin_OctreeSceneManager;Plugin_PCZSceneManager;Plugin_ParticleFX;RenderSystem_GL;RenderSystem_GL3Plus;Codec_STBI
[1.086s] --   media      : /opt/ros/humble/opt/rviz_ogre_vendor/share/OGRE/Media
[1.086s] -- OGRE_LIBRARIES: OgreHLMS;OgreMeshLodGenerator;OgreOverlay;OgrePaging;OgreProperty;OgreRTShaderSystem;OgreTerrain;OgreVolume;OgreMain
[1.086s] -- OGRE_LIBRARY_DIRS: /opt/ros/humble/opt/rviz_ogre_vendor/lib
[1.086s] -- OGRE_PLUGINS: Plugin_BSPSceneManager;Plugin_OctreeSceneManager;Plugin_PCZSceneManager;Plugin_ParticleFX;RenderSystem_GL;RenderSystem_GL3Plus;Codec_STBI
[1.086s] -- OGRE_PLUGIN_DIR: /opt/ros/humble/opt/rviz_ogre_vendor/lib/OGRE
[1.086s] -- rviz_ogre_vendor::OgreOverlay for IMPORTED_LOCATION_RELEASE: /opt/ros/humble/opt/rviz_ogre_vendor/lib/libOgreOverlay.so
[1.086s] -- rviz_ogre_vendor::OgreOverlay for IMPORTED_LOCATION_DEBUG: /opt/ros/humble/opt/rviz_ogre_vendor/lib/libOgreOverlay.so
[1.086s] -- rviz_ogre_vendor::OgreMain for IMPORTED_LOCATION_RELEASE: /opt/ros/humble/opt/rviz_ogre_vendor/lib/libOgreMain.so
[1.086s] -- rviz_ogre_vendor::OgreMain for IMPORTED_LOCATION_DEBUG: /opt/ros/humble/opt/rviz_ogre_vendor/lib/libOgreMain.so
[1.097s] -- Found ZLIB: /usr/lib/x86_64-linux-gnu/libz.so (found version "1.2.11") 
[1.099s] -- Found OpenGL: /usr/lib/x86_64-linux-gnu/libOpenGL.so   
[1.164s] -- Found X11: /usr/include   
[1.164s] -- Looking for XOpenDisplay in /usr/lib/x86_64-linux-gnu/libX11.so;/usr/lib/x86_64-linux-gnu/libXext.so
[1.241s] -- Looking for XOpenDisplay in /usr/lib/x86_64-linux-gnu/libX11.so;/usr/lib/x86_64-linux-gnu/libXext.so - found
[1.241s] -- Looking for gethostbyname
[1.301s] -- Looking for gethostbyname - found
[1.301s] -- Looking for connect
[1.349s] -- Looking for connect - found
[1.349s] -- Looking for remove
[1.397s] -- Looking for remove - found
[1.398s] -- Looking for shmat
[1.448s] -- Looking for shmat - found
[1.448s] -- Looking for IceConnectionNumber in ICE
[1.503s] -- Looking for IceConnectionNumber in ICE - found
[1.570s] -- Found ament_lint_auto: 0.12.14 (/opt/ros/humble/share/ament_lint_auto/cmake)
[1.621s] -- Added test 'copyright' to check source files copyright and LICENSE
[1.621s] -- Added test 'cppcheck' to perform static code analysis on C / C++ code
[1.622s] -- Configured cppcheck include dirs: /home/my11/interbotix_ws/src/interbotix_ros_toolboxes/interbotix_common_toolbox/interbotix_moveit_interface/include
[1.622s] -- Configured cppcheck exclude dirs and/or files: 
[1.622s] -- Added test 'cpplint' to check C / C++ code against the Google style
[1.622s] -- Configured cpplint exclude dirs and/or files: 
[1.622s] -- Added test 'lint_cmake' to check CMake code style
[1.623s] -- Added test 'uncrustify' to check C / C++ code style
[1.623s] -- Configured uncrustify additional arguments: 
[1.623s] -- Added test 'xmllint' to check XML markup files
[1.625s] -- Configuring done
[1.644s] -- Generating done
[1.646s] -- Build files have been written to: /home/my11/interbotix_ws/build/interbotix_moveit_interface
[1.656s] Invoked command in '/home/my11/interbotix_ws/build/interbotix_moveit_interface' returned '0': AMENT_PREFIX_PATH=/home/my11/interbotix_ws/install/moveit_visual_tools:/home/my11/interbotix_ws/install/interbotix_moveit_interface_msgs:${AMENT_PREFIX_PATH} CMAKE_PREFIX_PATH=/home/my11/interbotix_ws/install/moveit_visual_tools:/home/my11/interbotix_ws/install/interbotix_moveit_interface_msgs:/home/my11/apriltag_ws/install/apriltag_ros:/home/my11/ros2_ws/install/rrbot_gazebo:/home/my11/ros2_ws/install/rrbot_description:/home/my11/ros2_ws/install/plate_description:/home/my11/ros2_ws/install/opencv_test_py:/opt/ros/humble LD_LIBRARY_PATH=/home/my11/interbotix_ws/install/moveit_visual_tools/lib:/home/my11/interbotix_ws/install/interbotix_moveit_interface_msgs/lib:/home/my11/apriltag_ws/install/apriltag_ros/lib:/usr/lib/x86_64-linux-gnu/gazebo-11/plugins:/opt/ros/humble/opt/rviz_ogre_vendor/lib:/opt/ros/humble/lib/x86_64-linux-gnu:/opt/ros/humble/lib:/usr/share/gazebo/../../lib/x86_64-linux-gnu/gazebo-11/plugins:/usr/share/gazebo/../../lib/x86_64-linux-gnu/gazebo-11/plugins:/usr/share/gazebo/../../lib/x86_64-linux-gnu/gazebo-11/plugins PYTHONPATH=/home/my11/interbotix_ws/install/interbotix_moveit_interface_msgs/local/lib/python3.10/dist-packages:${PYTHONPATH} /usr/bin/cmake /home/my11/interbotix_ws/src/interbotix_ros_toolboxes/interbotix_common_toolbox/interbotix_moveit_interface -DCMAKE_INSTALL_PREFIX=/home/my11/interbotix_ws/install/interbotix_moveit_interface
[1.658s] Invoking command in '/home/my11/interbotix_ws/build/interbotix_moveit_interface': AMENT_PREFIX_PATH=/home/my11/interbotix_ws/install/moveit_visual_tools:/home/my11/interbotix_ws/install/interbotix_moveit_interface_msgs:${AMENT_PREFIX_PATH} CMAKE_PREFIX_PATH=/home/my11/interbotix_ws/install/moveit_visual_tools:/home/my11/interbotix_ws/install/interbotix_moveit_interface_msgs:/home/my11/apriltag_ws/install/apriltag_ros:/home/my11/ros2_ws/install/rrbot_gazebo:/home/my11/ros2_ws/install/rrbot_description:/home/my11/ros2_ws/install/plate_description:/home/my11/ros2_ws/install/opencv_test_py:/opt/ros/humble LD_LIBRARY_PATH=/home/my11/interbotix_ws/install/moveit_visual_tools/lib:/home/my11/interbotix_ws/install/interbotix_moveit_interface_msgs/lib:/home/my11/apriltag_ws/install/apriltag_ros/lib:/usr/lib/x86_64-linux-gnu/gazebo-11/plugins:/opt/ros/humble/opt/rviz_ogre_vendor/lib:/opt/ros/humble/lib/x86_64-linux-gnu:/opt/ros/humble/lib:/usr/share/gazebo/../../lib/x86_64-linux-gnu/gazebo-11/plugins:/usr/share/gazebo/../../lib/x86_64-linux-gnu/gazebo-11/plugins:/usr/share/gazebo/../../lib/x86_64-linux-gnu/gazebo-11/plugins PYTHONPATH=/home/my11/interbotix_ws/install/interbotix_moveit_interface_msgs/local/lib/python3.10/dist-packages:${PYTHONPATH} /usr/bin/cmake --build /home/my11/interbotix_ws/build/interbotix_moveit_interface -- -j20 -l20
[1.702s] [ 33%] [32mBuilding CXX object CMakeFiles/moveit_interface.dir/src/moveit_interface.cpp.o[0m
[1.702s] [ 66%] [32mBuilding CXX object CMakeFiles/moveit_interface.dir/src/moveit_interface_obj.cpp.o[0m
[8.992s] [100%] [32m[1mLinking CXX executable moveit_interface[0m
[9.346s] [100%] Built target moveit_interface
[9.355s] Invoked command in '/home/my11/interbotix_ws/build/interbotix_moveit_interface' returned '0': AMENT_PREFIX_PATH=/home/my11/interbotix_ws/install/moveit_visual_tools:/home/my11/interbotix_ws/install/interbotix_moveit_interface_msgs:${AMENT_PREFIX_PATH} CMAKE_PREFIX_PATH=/home/my11/interbotix_ws/install/moveit_visual_tools:/home/my11/interbotix_ws/install/interbotix_moveit_interface_msgs:/home/my11/apriltag_ws/install/apriltag_ros:/home/my11/ros2_ws/install/rrbot_gazebo:/home/my11/ros2_ws/install/rrbot_description:/home/my11/ros2_ws/install/plate_description:/home/my11/ros2_ws/install/opencv_test_py:/opt/ros/humble LD_LIBRARY_PATH=/home/my11/interbotix_ws/install/moveit_visual_tools/lib:/home/my11/interbotix_ws/install/interbotix_moveit_interface_msgs/lib:/home/my11/apriltag_ws/install/apriltag_ros/lib:/usr/lib/x86_64-linux-gnu/gazebo-11/plugins:/opt/ros/humble/opt/rviz_ogre_vendor/lib:/opt/ros/humble/lib/x86_64-linux-gnu:/opt/ros/humble/lib:/usr/share/gazebo/../../lib/x86_64-linux-gnu/gazebo-11/plugins:/usr/share/gazebo/../../lib/x86_64-linux-gnu/gazebo-11/plugins:/usr/share/gazebo/../../lib/x86_64-linux-gnu/gazebo-11/plugins PYTHONPATH=/home/my11/interbotix_ws/install/interbotix_moveit_interface_msgs/local/lib/python3.10/dist-packages:${PYTHONPATH} /usr/bin/cmake --build /home/my11/interbotix_ws/build/interbotix_moveit_interface -- -j20 -l20
[9.379s] Invoking command in '/home/my11/interbotix_ws/build/interbotix_moveit_interface': AMENT_PREFIX_PATH=/home/my11/interbotix_ws/install/moveit_visual_tools:/home/my11/interbotix_ws/install/interbotix_moveit_interface_msgs:${AMENT_PREFIX_PATH} CMAKE_PREFIX_PATH=/home/my11/interbotix_ws/install/moveit_visual_tools:/home/my11/interbotix_ws/install/interbotix_moveit_interface_msgs:/home/my11/apriltag_ws/install/apriltag_ros:/home/my11/ros2_ws/install/rrbot_gazebo:/home/my11/ros2_ws/install/rrbot_description:/home/my11/ros2_ws/install/plate_description:/home/my11/ros2_ws/install/opencv_test_py:/opt/ros/humble LD_LIBRARY_PATH=/home/my11/interbotix_ws/install/moveit_visual_tools/lib:/home/my11/interbotix_ws/install/interbotix_moveit_interface_msgs/lib:/home/my11/apriltag_ws/install/apriltag_ros/lib:/usr/lib/x86_64-linux-gnu/gazebo-11/plugins:/opt/ros/humble/opt/rviz_ogre_vendor/lib:/opt/ros/humble/lib/x86_64-linux-gnu:/opt/ros/humble/lib:/usr/share/gazebo/../../lib/x86_64-linux-gnu/gazebo-11/plugins:/usr/share/gazebo/../../lib/x86_64-linux-gnu/gazebo-11/plugins:/usr/share/gazebo/../../lib/x86_64-linux-gnu/gazebo-11/plugins PYTHONPATH=/home/my11/interbotix_ws/install/interbotix_moveit_interface_msgs/local/lib/python3.10/dist-packages:${PYTHONPATH} /usr/bin/cmake --install /home/my11/interbotix_ws/build/interbotix_moveit_interface
[9.384s] -- Install configuration: ""
[9.385s] -- Installing: /home/my11/interbotix_ws/install/interbotix_moveit_interface/lib/interbotix_moveit_interface/moveit_interface
[9.385s] -- Set runtime path of "/home/my11/interbotix_ws/install/interbotix_moveit_interface/lib/interbotix_moveit_interface/moveit_interface" to ""
[9.386s] -- Installing: /home/my11/interbotix_ws/install/interbotix_moveit_interface/lib/interbotix_moveit_interface/moveit_interface_gui
[9.386s] -- Installing: /home/my11/interbotix_ws/install/interbotix_moveit_interface/share/ament_index/resource_index/package_run_dependencies/interbotix_moveit_interface
[9.386s] -- Installing: /home/my11/interbotix_ws/install/interbotix_moveit_interface/share/ament_index/resource_index/parent_prefix_path/interbotix_moveit_interface
[9.386s] -- Installing: /home/my11/interbotix_ws/install/interbotix_moveit_interface/share/interbotix_moveit_interface/environment/ament_prefix_path.sh
[9.386s] -- Installing: /home/my11/interbotix_ws/install/interbotix_moveit_interface/share/interbotix_moveit_interface/environment/ament_prefix_path.dsv
[9.386s] -- Installing: /home/my11/interbotix_ws/install/interbotix_moveit_interface/share/interbotix_moveit_interface/environment/path.sh
[9.386s] -- Installing: /home/my11/interbotix_ws/install/interbotix_moveit_interface/share/interbotix_moveit_interface/environment/path.dsv
[9.386s] -- Installing: /home/my11/interbotix_ws/install/interbotix_moveit_interface/share/interbotix_moveit_interface/local_setup.bash
[9.386s] -- Installing: /home/my11/interbotix_ws/install/interbotix_moveit_interface/share/interbotix_moveit_interface/local_setup.sh
[9.386s] -- Installing: /home/my11/interbotix_ws/install/interbotix_moveit_interface/share/interbotix_moveit_interface/local_setup.zsh
[9.387s] -- Installing: /home/my11/interbotix_ws/install/interbotix_moveit_interface/share/interbotix_moveit_interface/local_setup.dsv
[9.387s] -- Installing: /home/my11/interbotix_ws/install/interbotix_moveit_interface/share/interbotix_moveit_interface/package.dsv
[9.387s] -- Installing: /home/my11/interbotix_ws/install/interbotix_moveit_interface/share/ament_index/resource_index/packages/interbotix_moveit_interface
[9.387s] -- Installing: /home/my11/interbotix_ws/install/interbotix_moveit_interface/share/interbotix_moveit_interface/cmake/interbotix_moveit_interfaceConfig.cmake
[9.387s] -- Installing: /home/my11/interbotix_ws/install/interbotix_moveit_interface/share/interbotix_moveit_interface/cmake/interbotix_moveit_interfaceConfig-version.cmake
[9.387s] -- Installing: /home/my11/interbotix_ws/install/interbotix_moveit_interface/share/interbotix_moveit_interface/package.xml
[9.388s] Invoked command in '/home/my11/interbotix_ws/build/interbotix_moveit_interface' returned '0': AMENT_PREFIX_PATH=/home/my11/interbotix_ws/install/moveit_visual_tools:/home/my11/interbotix_ws/install/interbotix_moveit_interface_msgs:${AMENT_PREFIX_PATH} CMAKE_PREFIX_PATH=/home/my11/interbotix_ws/install/moveit_visual_tools:/home/my11/interbotix_ws/install/interbotix_moveit_interface_msgs:/home/my11/apriltag_ws/install/apriltag_ros:/home/my11/ros2_ws/install/rrbot_gazebo:/home/my11/ros2_ws/install/rrbot_description:/home/my11/ros2_ws/install/plate_description:/home/my11/ros2_ws/install/opencv_test_py:/opt/ros/humble LD_LIBRARY_PATH=/home/my11/interbotix_ws/install/moveit_visual_tools/lib:/home/my11/interbotix_ws/install/interbotix_moveit_interface_msgs/lib:/home/my11/apriltag_ws/install/apriltag_ros/lib:/usr/lib/x86_64-linux-gnu/gazebo-11/plugins:/opt/ros/humble/opt/rviz_ogre_vendor/lib:/opt/ros/humble/lib/x86_64-linux-gnu:/opt/ros/humble/lib:/usr/share/gazebo/../../lib/x86_64-linux-gnu/gazebo-11/plugins:/usr/share/gazebo/../../lib/x86_64-linux-gnu/gazebo-11/plugins:/usr/share/gazebo/../../lib/x86_64-linux-gnu/gazebo-11/plugins PYTHONPATH=/home/my11/interbotix_ws/install/interbotix_moveit_interface_msgs/local/lib/python3.10/dist-packages:${PYTHONPATH} /usr/bin/cmake --install /home/my11/interbotix_ws/build/interbotix_moveit_interface
