[0.151s] Invoking command in '/home/my11/interbotix_ws/build/moveit_visual_tools': CMAKE_PREFIX_PATH=${CMAKE_PREFIX_PATH}:/home/my11/ros2_ws/install/opencv_test_py:/opt/ros/humble /usr/bin/cmake /home/my11/interbotix_ws/src/moveit_visual_tools -DCMAKE_INSTALL_PREFIX=/home/my11/interbotix_ws/install/moveit_visual_tools
[0.226s] -- The C compiler identification is GNU 11.4.0
[0.267s] -- The CXX compiler identification is GNU 11.4.0
[0.274s] -- Detecting C compiler ABI info
[0.323s] -- Detecting C compiler ABI info - done
[0.329s] -- Check for working C compiler: /usr/bin/cc - skipped
[0.329s] -- Detecting C compile features
[0.329s] -- Detecting C compile features - done
[0.331s] -- Detecting CXX compiler ABI info
[0.384s] -- Detecting CXX compiler ABI info - done
[0.388s] -- Check for working CXX compiler: /usr/bin/c++ - skipped
[0.388s] -- Detecting CXX compile features
[0.388s] -- Detecting CXX compile features - done
[0.390s] -- Found moveit_common: 2.5.9 (/opt/ros/humble/share/moveit_common/cmake)
[0.391s] -- Found ament_cmake: 1.3.10 (/opt/ros/humble/share/ament_cmake/cmake)
[0.494s] -- Found Python3: /usr/bin/python3 (found version "3.10.12") found components: Interpreter 
[0.624s] [0mmoveit_visual_tools: You did not request a specific build type: Choosing 'Release' for maximum performance[0m
[0.642s] -- Found Boost: /usr/lib/x86_64-linux-gnu/cmake/Boost-1.74.0/BoostConfig.cmake (found version "1.74.0") found components: system 
[0.651s] -- Found geometry_msgs: 4.2.4 (/opt/ros/humble/share/geometry_msgs/cmake)
[0.687s] -- Found rosidl_generator_c: 3.1.5 (/opt/ros/humble/share/rosidl_generator_c/cmake)
[0.692s] -- Found rosidl_adapter: 3.1.5 (/opt/ros/humble/share/rosidl_adapter/cmake)
[0.702s] -- Found rosidl_generator_cpp: 3.1.5 (/opt/ros/humble/share/rosidl_generator_cpp/cmake)
[0.713s] -- Using all available rosidl_typesupport_c: rosidl_typesupport_fastrtps_c;rosidl_typesupport_introspection_c
[0.730s] -- Using all available rosidl_typesupport_cpp: rosidl_typesupport_fastrtps_cpp;rosidl_typesupport_introspection_cpp
[0.758s] -- Found graph_msgs: 0.2.0 (/opt/ros/humble/share/graph_msgs/cmake)
[0.767s] -- Found moveit_core: 2.5.9 (/opt/ros/humble/share/moveit_core/cmake)
[0.911s] -- Found Boost: /usr/lib/x86_64-linux-gnu/cmake/Boost-1.74.0/BoostConfig.cmake (found version "1.74.0") found components: chrono date_time filesystem iostreams program_options regex serialization system thread 
[0.942s] -- Found parameter_traits: 0.3.8 (/opt/ros/humble/share/parameter_traits/cmake)
[0.966s] -- Found rmw_implementation_cmake: 6.1.2 (/opt/ros/humble/share/rmw_implementation_cmake/cmake)
[0.967s] -- Found rmw_fastrtps_cpp: 6.2.7 (/opt/ros/humble/share/rmw_fastrtps_cpp/cmake)
[1.027s] -- Found OpenSSL: /usr/lib/x86_64-linux-gnu/libcrypto.so (found version "3.0.2")  
[1.047s] -- Found FastRTPS: /opt/ros/humble/include  
[1.079s] -- Using RMW implementation 'rmw_fastrtps_cpp' as default
[1.084s] -- Found Threads: TRUE  
[1.114s] -- Found Eigen3: TRUE (found version "3.4.0") 
[1.116s] -- Found rclcpp_lifecycle: 16.0.10 (/opt/ros/humble/share/rclcpp_lifecycle/cmake)
[1.144s] -- Found Boost: /usr/lib/x86_64-linux-gnu/cmake/Boost-1.74.0/BoostConfig.cmake (found version "1.74.0") found components: filesystem 
[1.205s] -- library: /usr/lib/x86_64-linux-gnu/libcurl.so
[1.249s] -- Ensuring Eigen3 include directory is part of orocos-kdl CMake target
[1.397s] -- Found moveit_ros_planning: 2.5.9 (/opt/ros/humble/share/moveit_ros_planning/cmake)
[1.401s] -- Found Boost: /usr/lib/x86_64-linux-gnu/cmake/Boost-1.74.0/BoostConfig.cmake (found version "1.74.0") found components: system filesystem date_time program_options thread chrono 
[1.417s] -- Found rviz_visual_tools: 4.1.4 (/opt/ros/humble/share/rviz_visual_tools/cmake)
[1.449s] -- Setting assimp_DIR to: '/opt/ros/humble/share/rviz_assimp_vendor/cmake/../../../opt/rviz_assimp_vendor/lib/cmake/assimp-4.1'
[1.456s] -- Setting OGRE_DIR to: '/opt/ros/humble/share/rviz_ogre_vendor/cmake/../../../opt/rviz_ogre_vendor/lib/OGRE/cmake'
[1.458s] -- Found OGRE
[1.458s] --   static     : OFF
[1.458s] --   components : HLMS;MeshLodGenerator;Overlay;Paging;Property;RTShaderSystem;Terrain;Volume
[1.458s] --   plugins    : Plugin_BSPSceneManager;Plugin_OctreeSceneManager;Plugin_PCZSceneManager;Plugin_ParticleFX;RenderSystem_GL;RenderSystem_GL3Plus;Codec_STBI
[1.458s] --   media      : /opt/ros/humble/opt/rviz_ogre_vendor/share/OGRE/Media
[1.458s] -- OGRE_LIBRARIES: OgreHLMS;OgreMeshLodGenerator;OgreOverlay;OgrePaging;OgreProperty;OgreRTShaderSystem;OgreTerrain;OgreVolume;OgreMain
[1.458s] -- OGRE_LIBRARY_DIRS: /opt/ros/humble/opt/rviz_ogre_vendor/lib
[1.458s] -- OGRE_PLUGINS: Plugin_BSPSceneManager;Plugin_OctreeSceneManager;Plugin_PCZSceneManager;Plugin_ParticleFX;RenderSystem_GL;RenderSystem_GL3Plus;Codec_STBI
[1.459s] -- OGRE_PLUGIN_DIR: /opt/ros/humble/opt/rviz_ogre_vendor/lib/OGRE
[1.459s] -- rviz_ogre_vendor::OgreOverlay for IMPORTED_LOCATION_RELEASE: /opt/ros/humble/opt/rviz_ogre_vendor/lib/libOgreOverlay.so
[1.459s] -- rviz_ogre_vendor::OgreOverlay for IMPORTED_LOCATION_DEBUG: /opt/ros/humble/opt/rviz_ogre_vendor/lib/libOgreOverlay.so
[1.459s] -- rviz_ogre_vendor::OgreMain for IMPORTED_LOCATION_RELEASE: /opt/ros/humble/opt/rviz_ogre_vendor/lib/libOgreMain.so
[1.459s] -- rviz_ogre_vendor::OgreMain for IMPORTED_LOCATION_DEBUG: /opt/ros/humble/opt/rviz_ogre_vendor/lib/libOgreMain.so
[1.478s] -- Found ZLIB: /usr/lib/x86_64-linux-gnu/libz.so (found version "1.2.11") 
[1.484s] -- Found OpenGL: /usr/lib/x86_64-linux-gnu/libOpenGL.so   
[1.568s] -- Found X11: /usr/include   
[1.569s] -- Looking for XOpenDisplay in /usr/lib/x86_64-linux-gnu/libX11.so;/usr/lib/x86_64-linux-gnu/libXext.so
[1.637s] -- Looking for XOpenDisplay in /usr/lib/x86_64-linux-gnu/libX11.so;/usr/lib/x86_64-linux-gnu/libXext.so - found
[1.637s] -- Looking for gethostbyname
[1.702s] -- Looking for gethostbyname - found
[1.702s] -- Looking for connect
[1.766s] -- Looking for connect - found
[1.766s] -- Looking for remove
[1.831s] -- Looking for remove - found
[1.831s] -- Looking for shmat
[1.893s] -- Looking for shmat - found
[1.893s] -- Looking for IceConnectionNumber in ICE
[1.960s] -- Looking for IceConnectionNumber in ICE - found
[2.079s] -- Found ament_lint_auto: 0.12.14 (/opt/ros/humble/share/ament_lint_auto/cmake)
[2.094s] -- Added test 'copyright' to check source files copyright and LICENSE
[2.096s] -- Added test 'flake8' to check Python code syntax and style conventions
[2.096s] -- Added test 'lint_cmake' to check CMake code style
[2.096s] -- Added test 'pep257' to check Python code against some of the docstring style conventions in PEP 257
[2.096s] -- Added test 'xmllint' to check XML markup files
[2.097s] -- Configuring done
[2.161s] -- Generating done
[2.164s] -- Build files have been written to: /home/my11/interbotix_ws/build/moveit_visual_tools
[2.181s] Invoked command in '/home/my11/interbotix_ws/build/moveit_visual_tools' returned '0': CMAKE_PREFIX_PATH=${CMAKE_PREFIX_PATH}:/home/my11/ros2_ws/install/opencv_test_py:/opt/ros/humble /usr/bin/cmake /home/my11/interbotix_ws/src/moveit_visual_tools -DCMAKE_INSTALL_PREFIX=/home/my11/interbotix_ws/install/moveit_visual_tools
[2.183s] Invoking command in '/home/my11/interbotix_ws/build/moveit_visual_tools': CMAKE_PREFIX_PATH=${CMAKE_PREFIX_PATH}:/home/my11/ros2_ws/install/opencv_test_py:/opt/ros/humble /usr/bin/cmake --build /home/my11/interbotix_ws/build/moveit_visual_tools -- -j20 -l20
[2.237s] [ 33%] [32mBuilding CXX object CMakeFiles/moveit_visual_tools.dir/src/imarker_end_effector.cpp.o[0m
[2.237s] [ 33%] [32mBuilding CXX object CMakeFiles/moveit_visual_tools.dir/src/moveit_visual_tools.cpp.o[0m
[2.237s] [ 50%] [32mBuilding CXX object CMakeFiles/moveit_visual_tools.dir/src/imarker_robot_state.cpp.o[0m
[15.066s] [ 66%] [32m[1mLinking CXX shared library libmoveit_visual_tools.so[0m
[15.292s] [ 66%] Built target moveit_visual_tools
[15.312s] [ 83%] [32mBuilding CXX object CMakeFiles/moveit_visual_tools_demo.dir/src/moveit_visual_tools_demo.cpp.o[0m
[21.966s] [100%] [32m[1mLinking CXX executable moveit_visual_tools_demo[0m
[22.176s] [100%] Built target moveit_visual_tools_demo
[22.187s] Invoked command in '/home/my11/interbotix_ws/build/moveit_visual_tools' returned '0': CMAKE_PREFIX_PATH=${CMAKE_PREFIX_PATH}:/home/my11/ros2_ws/install/opencv_test_py:/opt/ros/humble /usr/bin/cmake --build /home/my11/interbotix_ws/build/moveit_visual_tools -- -j20 -l20
[22.213s] Invoking command in '/home/my11/interbotix_ws/build/moveit_visual_tools': CMAKE_PREFIX_PATH=${CMAKE_PREFIX_PATH}:/home/my11/ros2_ws/install/opencv_test_py:/opt/ros/humble /usr/bin/cmake --install /home/my11/interbotix_ws/build/moveit_visual_tools
[22.218s] -- Install configuration: "Release"
[22.218s] -- Installing: /home/my11/interbotix_ws/install/moveit_visual_tools/share/moveit_visual_tools/environment/library_path.sh
[22.218s] -- Installing: /home/my11/interbotix_ws/install/moveit_visual_tools/share/moveit_visual_tools/environment/library_path.dsv
[22.218s] -- Installing: /home/my11/interbotix_ws/install/moveit_visual_tools/lib/libmoveit_visual_tools.so
[22.219s] -- Set runtime path of "/home/my11/interbotix_ws/install/moveit_visual_tools/lib/libmoveit_visual_tools.so" to ""
[22.219s] -- Installing: /home/my11/interbotix_ws/install/moveit_visual_tools/lib/moveit_visual_tools/moveit_visual_tools_demo
[22.219s] -- Set runtime path of "/home/my11/interbotix_ws/install/moveit_visual_tools/lib/moveit_visual_tools/moveit_visual_tools_demo" to ""
[22.219s] -- Installing: /home/my11/interbotix_ws/install/moveit_visual_tools/include
[22.219s] -- Installing: /home/my11/interbotix_ws/install/moveit_visual_tools/include/moveit_visual_tools
[22.219s] -- Installing: /home/my11/interbotix_ws/install/moveit_visual_tools/include/moveit_visual_tools/moveit_visual_tools.h
[22.219s] -- Installing: /home/my11/interbotix_ws/install/moveit_visual_tools/include/moveit_visual_tools/imarker_end_effector.h
[22.219s] -- Installing: /home/my11/interbotix_ws/install/moveit_visual_tools/include/moveit_visual_tools/imarker_robot_state.h
[22.219s] -- Installing: /home/my11/interbotix_ws/install/moveit_visual_tools/share/moveit_visual_tools/launch
[22.219s] -- Installing: /home/my11/interbotix_ws/install/moveit_visual_tools/share/moveit_visual_tools/launch/demo.rviz
[22.220s] -- Installing: /home/my11/interbotix_ws/install/moveit_visual_tools/share/moveit_visual_tools/launch/demo_rviz.launch.py
[22.220s] -- Installing: /home/my11/interbotix_ws/install/moveit_visual_tools/share/moveit_visual_tools/resources
[22.220s] -- Installing: /home/my11/interbotix_ws/install/moveit_visual_tools/share/moveit_visual_tools/resources/rrbot.urdf
[22.220s] -- Installing: /home/my11/interbotix_ws/install/moveit_visual_tools/share/moveit_visual_tools/resources/demo.png
[22.220s] -- Installing: /home/my11/interbotix_ws/install/moveit_visual_tools/share/moveit_visual_tools/resources/demo_mesh.stl
[22.220s] -- Installing: /home/my11/interbotix_ws/install/moveit_visual_tools/share/moveit_visual_tools/resources/screenshot.png
[22.220s] -- Installing: /home/my11/interbotix_ws/install/moveit_visual_tools/share/moveit_visual_tools/resources/rrbot.srdf
[22.220s] -- Installing: /home/my11/interbotix_ws/install/moveit_visual_tools/share/ament_index/resource_index/package_run_dependencies/moveit_visual_tools
[22.220s] -- Installing: /home/my11/interbotix_ws/install/moveit_visual_tools/share/ament_index/resource_index/parent_prefix_path/moveit_visual_tools
[22.220s] -- Installing: /home/my11/interbotix_ws/install/moveit_visual_tools/share/moveit_visual_tools/environment/ament_prefix_path.sh
[22.220s] -- Installing: /home/my11/interbotix_ws/install/moveit_visual_tools/share/moveit_visual_tools/environment/ament_prefix_path.dsv
[22.220s] -- Installing: /home/my11/interbotix_ws/install/moveit_visual_tools/share/moveit_visual_tools/environment/path.sh
[22.220s] -- Installing: /home/my11/interbotix_ws/install/moveit_visual_tools/share/moveit_visual_tools/environment/path.dsv
[22.220s] -- Installing: /home/my11/interbotix_ws/install/moveit_visual_tools/share/moveit_visual_tools/local_setup.bash
[22.220s] -- Installing: /home/my11/interbotix_ws/install/moveit_visual_tools/share/moveit_visual_tools/local_setup.sh
[22.221s] -- Installing: /home/my11/interbotix_ws/install/moveit_visual_tools/share/moveit_visual_tools/local_setup.zsh
[22.221s] -- Installing: /home/my11/interbotix_ws/install/moveit_visual_tools/share/moveit_visual_tools/local_setup.dsv
[22.221s] -- Installing: /home/my11/interbotix_ws/install/moveit_visual_tools/share/moveit_visual_tools/package.dsv
[22.221s] -- Installing: /home/my11/interbotix_ws/install/moveit_visual_tools/share/ament_index/resource_index/packages/moveit_visual_tools
[22.221s] -- Installing: /home/my11/interbotix_ws/install/moveit_visual_tools/share/moveit_visual_tools/cmake/export_moveit_visual_toolsExport.cmake
[22.221s] -- Installing: /home/my11/interbotix_ws/install/moveit_visual_tools/share/moveit_visual_tools/cmake/export_moveit_visual_toolsExport-release.cmake
[22.221s] -- Installing: /home/my11/interbotix_ws/install/moveit_visual_tools/share/moveit_visual_tools/cmake/ament_cmake_export_targets-extras.cmake
[22.221s] -- Installing: /home/my11/interbotix_ws/install/moveit_visual_tools/share/moveit_visual_tools/cmake/ament_cmake_export_dependencies-extras.cmake
[22.221s] -- Installing: /home/my11/interbotix_ws/install/moveit_visual_tools/share/moveit_visual_tools/cmake/moveit_visual_toolsConfig.cmake
[22.221s] -- Installing: /home/my11/interbotix_ws/install/moveit_visual_tools/share/moveit_visual_tools/cmake/moveit_visual_toolsConfig-version.cmake
[22.221s] -- Installing: /home/my11/interbotix_ws/install/moveit_visual_tools/share/moveit_visual_tools/package.xml
[22.222s] Invoked command in '/home/my11/interbotix_ws/build/moveit_visual_tools' returned '0': CMAKE_PREFIX_PATH=${CMAKE_PREFIX_PATH}:/home/my11/ros2_ws/install/opencv_test_py:/opt/ros/humble /usr/bin/cmake --install /home/my11/interbotix_ws/build/moveit_visual_tools
