[0.021s] Invoking command in '/home/my11/interbotix_ws/build/interbotix_xsarm_joy': AMENT_PREFIX_PATH=/home/my11/interbotix_ws/install/interbotix_xsarm_control:/home/my11/interbotix_ws/install/interbotix_xsarm_descriptions:/home/my11/interbotix_ws/install/interbotix_xs_modules:/home/my11/interbotix_ws/install/interbotix_xs_sdk:/home/my11/interbotix_ws/install/interbotix_xs_driver:/home/my11/interbotix_ws/install/interbotix_xs_msgs:/home/my11/interbotix_ws/install/interbotix_common_modules:/home/my11/interbotix_ws/install/dynamixel_workbench_toolbox:${AMENT_PREFIX_PATH} CMAKE_PREFIX_PATH=/home/my11/interbotix_ws/install/interbotix_xsarm_control:/home/my11/interbotix_ws/install/interbotix_xsarm_descriptions:/home/my11/interbotix_ws/install/interbotix_xs_sdk:/home/my11/interbotix_ws/install/interbotix_xs_driver:/home/my11/interbotix_ws/install/interbotix_xs_msgs:/home/my11/interbotix_ws/install/dynamixel_workbench_toolbox:/home/my11/apriltag_ws/install/apriltag_ros:/home/my11/ros2_ws/install/rrbot_gazebo:/home/my11/ros2_ws/install/rrbot_description:/home/my11/ros2_ws/install/plate_description:/home/my11/ros2_ws/install/opencv_test_py:/opt/ros/humble LD_LIBRARY_PATH=/home/my11/interbotix_ws/install/interbotix_xs_driver/lib:/home/my11/interbotix_ws/install/interbotix_xs_msgs/lib:/home/my11/interbotix_ws/install/dynamixel_workbench_toolbox/lib:/home/my11/apriltag_ws/install/apriltag_ros/lib:/usr/lib/x86_64-linux-gnu/gazebo-11/plugins:/opt/ros/humble/opt/rviz_ogre_vendor/lib:/opt/ros/humble/lib/x86_64-linux-gnu:/opt/ros/humble/lib:/usr/share/gazebo/../../lib/x86_64-linux-gnu/gazebo-11/plugins:/usr/share/gazebo/../../lib/x86_64-linux-gnu/gazebo-11/plugins:/usr/share/gazebo/../../lib/x86_64-linux-gnu/gazebo-11/plugins PYTHONPATH=/home/my11/interbotix_ws/install/interbotix_xs_modules/lib/python3.10/site-packages:/home/my11/interbotix_ws/install/interbotix_xs_msgs/local/lib/python3.10/dist-packages:/home/my11/interbotix_ws/install/interbotix_common_modules/lib/python3.10/site-packages:${PYTHONPATH} /usr/bin/cmake /home/my11/interbotix_ws/src/interbotix_ros_manipulators/interbotix_ros_xsarms/examples/interbotix_xsarm_joy -DCMAKE_INSTALL_PREFIX=/home/my11/interbotix_ws/install/interbotix_xsarm_joy
[0.067s] -- The C compiler identification is GNU 11.4.0
[0.112s] -- The CXX compiler identification is GNU 11.4.0
[0.119s] -- Detecting C compiler ABI info
[0.179s] -- Detecting C compiler ABI info - done
[0.186s] -- Check for working C compiler: /usr/bin/cc - skipped
[0.187s] -- Detecting C compile features
[0.187s] -- Detecting C compile features - done
[0.189s] -- Detecting CXX compiler ABI info
[0.253s] -- Detecting CXX compiler ABI info - done
[0.261s] -- Check for working CXX compiler: /usr/bin/c++ - skipped
[0.261s] -- Detecting CXX compile features
[0.261s] -- Detecting CXX compile features - done
[0.265s] -- Found ament_cmake: 1.3.10 (/opt/ros/humble/share/ament_cmake/cmake)
[0.376s] -- Found Python3: /usr/bin/python3 (found version "3.10.12") found components: Interpreter 
[0.452s] -- Found interbotix_xs_msgs: 0.0.0 (/home/my11/interbotix_ws/install/interbotix_xs_msgs/share/interbotix_xs_msgs/cmake)
[0.477s] -- Found rosidl_generator_c: 3.1.5 (/opt/ros/humble/share/rosidl_generator_c/cmake)
[0.480s] -- Found rosidl_adapter: 3.1.5 (/opt/ros/humble/share/rosidl_adapter/cmake)
[0.486s] -- Found rosidl_generator_cpp: 3.1.5 (/opt/ros/humble/share/rosidl_generator_cpp/cmake)
[0.494s] -- Using all available rosidl_typesupport_c: rosidl_typesupport_fastrtps_c;rosidl_typesupport_introspection_c
[0.505s] -- Using all available rosidl_typesupport_cpp: rosidl_typesupport_fastrtps_cpp;rosidl_typesupport_introspection_cpp
[0.549s] -- Found rclcpp: 16.0.10 (/opt/ros/humble/share/rclcpp/cmake)
[0.575s] -- Found rmw_implementation_cmake: 6.1.2 (/opt/ros/humble/share/rmw_implementation_cmake/cmake)
[0.577s] -- Found rmw_fastrtps_cpp: 6.2.7 (/opt/ros/humble/share/rmw_fastrtps_cpp/cmake)
[0.640s] -- Found OpenSSL: /usr/lib/x86_64-linux-gnu/libcrypto.so (found version "3.0.2")  
[0.670s] -- Found FastRTPS: /opt/ros/humble/include  
[0.707s] -- Using RMW implementation 'rmw_fastrtps_cpp' as default
[0.716s] -- Looking for pthread.h
[0.777s] -- Looking for pthread.h - found
[0.778s] -- Performing Test CMAKE_HAVE_LIBC_PTHREAD
[0.840s] -- Performing Test CMAKE_HAVE_LIBC_PTHREAD - Success
[0.841s] -- Found Threads: TRUE  
[0.866s] -- Found sensor_msgs: 4.2.4 (/opt/ros/humble/share/sensor_msgs/cmake)
[0.878s] -- Found ament_lint_auto: 0.12.14 (/opt/ros/humble/share/ament_lint_auto/cmake)
[0.935s] -- Added test 'copyright' to check source files copyright and LICENSE
[0.935s] -- Added test 'cppcheck' to perform static code analysis on C / C++ code
[0.935s] -- Configured cppcheck include dirs: 
[0.936s] -- Configured cppcheck exclude dirs and/or files: 
[0.936s] -- Added test 'cpplint' to check C / C++ code against the Google style
[0.936s] -- Configured cpplint exclude dirs and/or files: 
[0.936s] -- Added test 'flake8' to check Python code syntax and style conventions
[0.937s] -- Added test 'lint_cmake' to check CMake code style
[0.937s] -- Added test 'pep257' to check Python code against some of the docstring style conventions in PEP 257
[0.937s] -- Added test 'uncrustify' to check C / C++ code style
[0.937s] -- Configured uncrustify additional arguments: 
[0.938s] -- Added test 'xmllint' to check XML markup files
[0.938s] -- Configuring done
[0.944s] -- Generating done
[0.945s] -- Build files have been written to: /home/my11/interbotix_ws/build/interbotix_xsarm_joy
[0.952s] Invoked command in '/home/my11/interbotix_ws/build/interbotix_xsarm_joy' returned '0': AMENT_PREFIX_PATH=/home/my11/interbotix_ws/install/interbotix_xsarm_control:/home/my11/interbotix_ws/install/interbotix_xsarm_descriptions:/home/my11/interbotix_ws/install/interbotix_xs_modules:/home/my11/interbotix_ws/install/interbotix_xs_sdk:/home/my11/interbotix_ws/install/interbotix_xs_driver:/home/my11/interbotix_ws/install/interbotix_xs_msgs:/home/my11/interbotix_ws/install/interbotix_common_modules:/home/my11/interbotix_ws/install/dynamixel_workbench_toolbox:${AMENT_PREFIX_PATH} CMAKE_PREFIX_PATH=/home/my11/interbotix_ws/install/interbotix_xsarm_control:/home/my11/interbotix_ws/install/interbotix_xsarm_descriptions:/home/my11/interbotix_ws/install/interbotix_xs_sdk:/home/my11/interbotix_ws/install/interbotix_xs_driver:/home/my11/interbotix_ws/install/interbotix_xs_msgs:/home/my11/interbotix_ws/install/dynamixel_workbench_toolbox:/home/my11/apriltag_ws/install/apriltag_ros:/home/my11/ros2_ws/install/rrbot_gazebo:/home/my11/ros2_ws/install/rrbot_description:/home/my11/ros2_ws/install/plate_description:/home/my11/ros2_ws/install/opencv_test_py:/opt/ros/humble LD_LIBRARY_PATH=/home/my11/interbotix_ws/install/interbotix_xs_driver/lib:/home/my11/interbotix_ws/install/interbotix_xs_msgs/lib:/home/my11/interbotix_ws/install/dynamixel_workbench_toolbox/lib:/home/my11/apriltag_ws/install/apriltag_ros/lib:/usr/lib/x86_64-linux-gnu/gazebo-11/plugins:/opt/ros/humble/opt/rviz_ogre_vendor/lib:/opt/ros/humble/lib/x86_64-linux-gnu:/opt/ros/humble/lib:/usr/share/gazebo/../../lib/x86_64-linux-gnu/gazebo-11/plugins:/usr/share/gazebo/../../lib/x86_64-linux-gnu/gazebo-11/plugins:/usr/share/gazebo/../../lib/x86_64-linux-gnu/gazebo-11/plugins PYTHONPATH=/home/my11/interbotix_ws/install/interbotix_xs_modules/lib/python3.10/site-packages:/home/my11/interbotix_ws/install/interbotix_xs_msgs/local/lib/python3.10/dist-packages:/home/my11/interbotix_ws/install/interbotix_common_modules/lib/python3.10/site-packages:${PYTHONPATH} /usr/bin/cmake /home/my11/interbotix_ws/src/interbotix_ros_manipulators/interbotix_ros_xsarms/examples/interbotix_xsarm_joy -DCMAKE_INSTALL_PREFIX=/home/my11/interbotix_ws/install/interbotix_xsarm_joy
[0.954s] Invoking command in '/home/my11/interbotix_ws/build/interbotix_xsarm_joy': AMENT_PREFIX_PATH=/home/my11/interbotix_ws/install/interbotix_xsarm_control:/home/my11/interbotix_ws/install/interbotix_xsarm_descriptions:/home/my11/interbotix_ws/install/interbotix_xs_modules:/home/my11/interbotix_ws/install/interbotix_xs_sdk:/home/my11/interbotix_ws/install/interbotix_xs_driver:/home/my11/interbotix_ws/install/interbotix_xs_msgs:/home/my11/interbotix_ws/install/interbotix_common_modules:/home/my11/interbotix_ws/install/dynamixel_workbench_toolbox:${AMENT_PREFIX_PATH} CMAKE_PREFIX_PATH=/home/my11/interbotix_ws/install/interbotix_xsarm_control:/home/my11/interbotix_ws/install/interbotix_xsarm_descriptions:/home/my11/interbotix_ws/install/interbotix_xs_sdk:/home/my11/interbotix_ws/install/interbotix_xs_driver:/home/my11/interbotix_ws/install/interbotix_xs_msgs:/home/my11/interbotix_ws/install/dynamixel_workbench_toolbox:/home/my11/apriltag_ws/install/apriltag_ros:/home/my11/ros2_ws/install/rrbot_gazebo:/home/my11/ros2_ws/install/rrbot_description:/home/my11/ros2_ws/install/plate_description:/home/my11/ros2_ws/install/opencv_test_py:/opt/ros/humble LD_LIBRARY_PATH=/home/my11/interbotix_ws/install/interbotix_xs_driver/lib:/home/my11/interbotix_ws/install/interbotix_xs_msgs/lib:/home/my11/interbotix_ws/install/dynamixel_workbench_toolbox/lib:/home/my11/apriltag_ws/install/apriltag_ros/lib:/usr/lib/x86_64-linux-gnu/gazebo-11/plugins:/opt/ros/humble/opt/rviz_ogre_vendor/lib:/opt/ros/humble/lib/x86_64-linux-gnu:/opt/ros/humble/lib:/usr/share/gazebo/../../lib/x86_64-linux-gnu/gazebo-11/plugins:/usr/share/gazebo/../../lib/x86_64-linux-gnu/gazebo-11/plugins:/usr/share/gazebo/../../lib/x86_64-linux-gnu/gazebo-11/plugins PYTHONPATH=/home/my11/interbotix_ws/install/interbotix_xs_modules/lib/python3.10/site-packages:/home/my11/interbotix_ws/install/interbotix_xs_msgs/local/lib/python3.10/dist-packages:/home/my11/interbotix_ws/install/interbotix_common_modules/lib/python3.10/site-packages:${PYTHONPATH} /usr/bin/cmake --build /home/my11/interbotix_ws/build/interbotix_xsarm_joy -- -j20 -l20
[0.998s] [ 50%] [32mBuilding CXX object CMakeFiles/xsarm_joy.dir/src/xsarm_joy.cpp.o[0m
[5.886s] [100%] [32m[1mLinking CXX executable xsarm_joy[0m
[6.137s] [100%] Built target xsarm_joy
[6.146s] Invoked command in '/home/my11/interbotix_ws/build/interbotix_xsarm_joy' returned '0': AMENT_PREFIX_PATH=/home/my11/interbotix_ws/install/interbotix_xsarm_control:/home/my11/interbotix_ws/install/interbotix_xsarm_descriptions:/home/my11/interbotix_ws/install/interbotix_xs_modules:/home/my11/interbotix_ws/install/interbotix_xs_sdk:/home/my11/interbotix_ws/install/interbotix_xs_driver:/home/my11/interbotix_ws/install/interbotix_xs_msgs:/home/my11/interbotix_ws/install/interbotix_common_modules:/home/my11/interbotix_ws/install/dynamixel_workbench_toolbox:${AMENT_PREFIX_PATH} CMAKE_PREFIX_PATH=/home/my11/interbotix_ws/install/interbotix_xsarm_control:/home/my11/interbotix_ws/install/interbotix_xsarm_descriptions:/home/my11/interbotix_ws/install/interbotix_xs_sdk:/home/my11/interbotix_ws/install/interbotix_xs_driver:/home/my11/interbotix_ws/install/interbotix_xs_msgs:/home/my11/interbotix_ws/install/dynamixel_workbench_toolbox:/home/my11/apriltag_ws/install/apriltag_ros:/home/my11/ros2_ws/install/rrbot_gazebo:/home/my11/ros2_ws/install/rrbot_description:/home/my11/ros2_ws/install/plate_description:/home/my11/ros2_ws/install/opencv_test_py:/opt/ros/humble LD_LIBRARY_PATH=/home/my11/interbotix_ws/install/interbotix_xs_driver/lib:/home/my11/interbotix_ws/install/interbotix_xs_msgs/lib:/home/my11/interbotix_ws/install/dynamixel_workbench_toolbox/lib:/home/my11/apriltag_ws/install/apriltag_ros/lib:/usr/lib/x86_64-linux-gnu/gazebo-11/plugins:/opt/ros/humble/opt/rviz_ogre_vendor/lib:/opt/ros/humble/lib/x86_64-linux-gnu:/opt/ros/humble/lib:/usr/share/gazebo/../../lib/x86_64-linux-gnu/gazebo-11/plugins:/usr/share/gazebo/../../lib/x86_64-linux-gnu/gazebo-11/plugins:/usr/share/gazebo/../../lib/x86_64-linux-gnu/gazebo-11/plugins PYTHONPATH=/home/my11/interbotix_ws/install/interbotix_xs_modules/lib/python3.10/site-packages:/home/my11/interbotix_ws/install/interbotix_xs_msgs/local/lib/python3.10/dist-packages:/home/my11/interbotix_ws/install/interbotix_common_modules/lib/python3.10/site-packages:${PYTHONPATH} /usr/bin/cmake --build /home/my11/interbotix_ws/build/interbotix_xsarm_joy -- -j20 -l20
[6.166s] Invoking command in '/home/my11/interbotix_ws/build/interbotix_xsarm_joy': AMENT_PREFIX_PATH=/home/my11/interbotix_ws/install/interbotix_xsarm_control:/home/my11/interbotix_ws/install/interbotix_xsarm_descriptions:/home/my11/interbotix_ws/install/interbotix_xs_modules:/home/my11/interbotix_ws/install/interbotix_xs_sdk:/home/my11/interbotix_ws/install/interbotix_xs_driver:/home/my11/interbotix_ws/install/interbotix_xs_msgs:/home/my11/interbotix_ws/install/interbotix_common_modules:/home/my11/interbotix_ws/install/dynamixel_workbench_toolbox:${AMENT_PREFIX_PATH} CMAKE_PREFIX_PATH=/home/my11/interbotix_ws/install/interbotix_xsarm_control:/home/my11/interbotix_ws/install/interbotix_xsarm_descriptions:/home/my11/interbotix_ws/install/interbotix_xs_sdk:/home/my11/interbotix_ws/install/interbotix_xs_driver:/home/my11/interbotix_ws/install/interbotix_xs_msgs:/home/my11/interbotix_ws/install/dynamixel_workbench_toolbox:/home/my11/apriltag_ws/install/apriltag_ros:/home/my11/ros2_ws/install/rrbot_gazebo:/home/my11/ros2_ws/install/rrbot_description:/home/my11/ros2_ws/install/plate_description:/home/my11/ros2_ws/install/opencv_test_py:/opt/ros/humble LD_LIBRARY_PATH=/home/my11/interbotix_ws/install/interbotix_xs_driver/lib:/home/my11/interbotix_ws/install/interbotix_xs_msgs/lib:/home/my11/interbotix_ws/install/dynamixel_workbench_toolbox/lib:/home/my11/apriltag_ws/install/apriltag_ros/lib:/usr/lib/x86_64-linux-gnu/gazebo-11/plugins:/opt/ros/humble/opt/rviz_ogre_vendor/lib:/opt/ros/humble/lib/x86_64-linux-gnu:/opt/ros/humble/lib:/usr/share/gazebo/../../lib/x86_64-linux-gnu/gazebo-11/plugins:/usr/share/gazebo/../../lib/x86_64-linux-gnu/gazebo-11/plugins:/usr/share/gazebo/../../lib/x86_64-linux-gnu/gazebo-11/plugins PYTHONPATH=/home/my11/interbotix_ws/install/interbotix_xs_modules/lib/python3.10/site-packages:/home/my11/interbotix_ws/install/interbotix_xs_msgs/local/lib/python3.10/dist-packages:/home/my11/interbotix_ws/install/interbotix_common_modules/lib/python3.10/site-packages:${PYTHONPATH} /usr/bin/cmake --install /home/my11/interbotix_ws/build/interbotix_xsarm_joy
[6.171s] -- Install configuration: ""
[6.171s] -- Installing: /home/my11/interbotix_ws/install/interbotix_xsarm_joy/lib/interbotix_xsarm_joy/xsarm_joy
[6.173s] -- Set runtime path of "/home/my11/interbotix_ws/install/interbotix_xsarm_joy/lib/interbotix_xsarm_joy/xsarm_joy" to ""
[6.173s] -- Installing: /home/my11/interbotix_ws/install/interbotix_xsarm_joy/lib/interbotix_xsarm_joy/xsarm_robot.py
[6.173s] -- Installing: /home/my11/interbotix_ws/install/interbotix_xsarm_joy/share/interbotix_xsarm_joy//config
[6.173s] -- Installing: /home/my11/interbotix_ws/install/interbotix_xsarm_joy/share/interbotix_xsarm_joy//config/modes.yaml
[6.173s] -- Installing: /home/my11/interbotix_ws/install/interbotix_xsarm_joy/share/interbotix_xsarm_joy//launch
[6.173s] -- Installing: /home/my11/interbotix_ws/install/interbotix_xsarm_joy/share/interbotix_xsarm_joy//launch/xsarm_joy.launch.py
[6.173s] -- Installing: /home/my11/interbotix_ws/install/interbotix_xsarm_joy/share/ament_index/resource_index/package_run_dependencies/interbotix_xsarm_joy
[6.173s] -- Installing: /home/my11/interbotix_ws/install/interbotix_xsarm_joy/share/ament_index/resource_index/parent_prefix_path/interbotix_xsarm_joy
[6.173s] -- Installing: /home/my11/interbotix_ws/install/interbotix_xsarm_joy/share/interbotix_xsarm_joy/environment/ament_prefix_path.sh
[6.173s] -- Installing: /home/my11/interbotix_ws/install/interbotix_xsarm_joy/share/interbotix_xsarm_joy/environment/ament_prefix_path.dsv
[6.173s] -- Installing: /home/my11/interbotix_ws/install/interbotix_xsarm_joy/share/interbotix_xsarm_joy/environment/path.sh
[6.173s] -- Installing: /home/my11/interbotix_ws/install/interbotix_xsarm_joy/share/interbotix_xsarm_joy/environment/path.dsv
[6.173s] -- Installing: /home/my11/interbotix_ws/install/interbotix_xsarm_joy/share/interbotix_xsarm_joy/local_setup.bash
[6.173s] -- Installing: /home/my11/interbotix_ws/install/interbotix_xsarm_joy/share/interbotix_xsarm_joy/local_setup.sh
[6.173s] -- Installing: /home/my11/interbotix_ws/install/interbotix_xsarm_joy/share/interbotix_xsarm_joy/local_setup.zsh
[6.173s] -- Installing: /home/my11/interbotix_ws/install/interbotix_xsarm_joy/share/interbotix_xsarm_joy/local_setup.dsv
[6.173s] -- Installing: /home/my11/interbotix_ws/install/interbotix_xsarm_joy/share/interbotix_xsarm_joy/package.dsv
[6.173s] -- Installing: /home/my11/interbotix_ws/install/interbotix_xsarm_joy/share/ament_index/resource_index/packages/interbotix_xsarm_joy
[6.173s] -- Installing: /home/my11/interbotix_ws/install/interbotix_xsarm_joy/share/interbotix_xsarm_joy/cmake/interbotix_xsarm_joyConfig.cmake
[6.173s] -- Installing: /home/my11/interbotix_ws/install/interbotix_xsarm_joy/share/interbotix_xsarm_joy/cmake/interbotix_xsarm_joyConfig-version.cmake
[6.173s] -- Installing: /home/my11/interbotix_ws/install/interbotix_xsarm_joy/share/interbotix_xsarm_joy/package.xml
[6.175s] Invoked command in '/home/my11/interbotix_ws/build/interbotix_xsarm_joy' returned '0': AMENT_PREFIX_PATH=/home/my11/interbotix_ws/install/interbotix_xsarm_control:/home/my11/interbotix_ws/install/interbotix_xsarm_descriptions:/home/my11/interbotix_ws/install/interbotix_xs_modules:/home/my11/interbotix_ws/install/interbotix_xs_sdk:/home/my11/interbotix_ws/install/interbotix_xs_driver:/home/my11/interbotix_ws/install/interbotix_xs_msgs:/home/my11/interbotix_ws/install/interbotix_common_modules:/home/my11/interbotix_ws/install/dynamixel_workbench_toolbox:${AMENT_PREFIX_PATH} CMAKE_PREFIX_PATH=/home/my11/interbotix_ws/install/interbotix_xsarm_control:/home/my11/interbotix_ws/install/interbotix_xsarm_descriptions:/home/my11/interbotix_ws/install/interbotix_xs_sdk:/home/my11/interbotix_ws/install/interbotix_xs_driver:/home/my11/interbotix_ws/install/interbotix_xs_msgs:/home/my11/interbotix_ws/install/dynamixel_workbench_toolbox:/home/my11/apriltag_ws/install/apriltag_ros:/home/my11/ros2_ws/install/rrbot_gazebo:/home/my11/ros2_ws/install/rrbot_description:/home/my11/ros2_ws/install/plate_description:/home/my11/ros2_ws/install/opencv_test_py:/opt/ros/humble LD_LIBRARY_PATH=/home/my11/interbotix_ws/install/interbotix_xs_driver/lib:/home/my11/interbotix_ws/install/interbotix_xs_msgs/lib:/home/my11/interbotix_ws/install/dynamixel_workbench_toolbox/lib:/home/my11/apriltag_ws/install/apriltag_ros/lib:/usr/lib/x86_64-linux-gnu/gazebo-11/plugins:/opt/ros/humble/opt/rviz_ogre_vendor/lib:/opt/ros/humble/lib/x86_64-linux-gnu:/opt/ros/humble/lib:/usr/share/gazebo/../../lib/x86_64-linux-gnu/gazebo-11/plugins:/usr/share/gazebo/../../lib/x86_64-linux-gnu/gazebo-11/plugins:/usr/share/gazebo/../../lib/x86_64-linux-gnu/gazebo-11/plugins PYTHONPATH=/home/my11/interbotix_ws/install/interbotix_xs_modules/lib/python3.10/site-packages:/home/my11/interbotix_ws/install/interbotix_xs_msgs/local/lib/python3.10/dist-packages:/home/my11/interbotix_ws/install/interbotix_common_modules/lib/python3.10/site-packages:${PYTHONPATH} /usr/bin/cmake --install /home/my11/interbotix_ws/build/interbotix_xsarm_joy
