[0.017s] Invoking command in '/home/my11/interbotix_ws/build/dynamixel_workbench_toolbox': CMAKE_PREFIX_PATH=${CMAKE_PREFIX_PATH}:/home/my11/ros2_ws/install/opencv_test_py:/opt/ros/humble /usr/bin/cmake /home/my11/interbotix_ws/src/interbotix_ros_core/interbotix_ros_xseries/dynamixel_workbench_toolbox -DCMAKE_INSTALL_PREFIX=/home/my11/interbotix_ws/install/dynamixel_workbench_toolbox
[0.163s] -- The C compiler identification is GNU 11.4.0
[0.163s] -- The CXX compiler identification is GNU 11.4.0
[0.163s] -- Detecting C compiler ABI info
[0.163s] -- Detecting C compiler ABI info - done
[0.163s] -- Check for working C compiler: /usr/bin/cc - skipped
[0.164s] -- Detecting C compile features
[0.164s] -- Detecting C compile features - done
[0.164s] -- Detecting CXX compiler ABI info
[0.236s] -- Detecting CXX compiler ABI info - done
[0.247s] -- Check for working CXX compiler: /usr/bin/c++ - skipped
[0.247s] -- Detecting CXX compile features
[0.248s] -- Detecting CXX compile features - done
[0.250s] -- Found ament_cmake: 1.3.10 (/opt/ros/humble/share/ament_cmake/cmake)
[0.363s] -- Found Python3: /usr/bin/python3 (found version "3.10.12") found components: Interpreter 
[0.428s] -- Found dynamixel_sdk: 3.8.4 (/opt/ros/humble/share/dynamixel_sdk/cmake)
[0.431s] -- Found rclcpp: 16.0.10 (/opt/ros/humble/share/rclcpp/cmake)
[0.463s] -- Found rosidl_generator_c: 3.1.5 (/opt/ros/humble/share/rosidl_generator_c/cmake)
[0.466s] -- Found rosidl_adapter: 3.1.5 (/opt/ros/humble/share/rosidl_adapter/cmake)
[0.471s] -- Found rosidl_generator_cpp: 3.1.5 (/opt/ros/humble/share/rosidl_generator_cpp/cmake)
[0.477s] -- Using all available rosidl_typesupport_c: rosidl_typesupport_fastrtps_c;rosidl_typesupport_introspection_c
[0.487s] -- Using all available rosidl_typesupport_cpp: rosidl_typesupport_fastrtps_cpp;rosidl_typesupport_introspection_cpp
[0.512s] -- Found rmw_implementation_cmake: 6.1.2 (/opt/ros/humble/share/rmw_implementation_cmake/cmake)
[0.514s] -- Found rmw_fastrtps_cpp: 6.2.7 (/opt/ros/humble/share/rmw_fastrtps_cpp/cmake)
[0.574s] -- Found OpenSSL: /usr/lib/x86_64-linux-gnu/libcrypto.so (found version "3.0.2")  
[0.592s] -- Found FastRTPS: /opt/ros/humble/include  
[0.623s] -- Using RMW implementation 'rmw_fastrtps_cpp' as default
[0.629s] -- Looking for pthread.h
[0.681s] -- Looking for pthread.h - found
[0.681s] -- Performing Test CMAKE_HAVE_LIBC_PTHREAD
[0.733s] -- Performing Test CMAKE_HAVE_LIBC_PTHREAD - Success
[0.734s] -- Found Threads: TRUE  
[0.806s] -- Configuring done
[0.811s] -- Generating done
[0.811s] -- Build files have been written to: /home/my11/interbotix_ws/build/dynamixel_workbench_toolbox
[0.818s] Invoked command in '/home/my11/interbotix_ws/build/dynamixel_workbench_toolbox' returned '0': CMAKE_PREFIX_PATH=${CMAKE_PREFIX_PATH}:/home/my11/ros2_ws/install/opencv_test_py:/opt/ros/humble /usr/bin/cmake /home/my11/interbotix_ws/src/interbotix_ros_core/interbotix_ros_xseries/dynamixel_workbench_toolbox -DCMAKE_INSTALL_PREFIX=/home/my11/interbotix_ws/install/dynamixel_workbench_toolbox
[0.819s] Invoking command in '/home/my11/interbotix_ws/build/dynamixel_workbench_toolbox': CMAKE_PREFIX_PATH=${CMAKE_PREFIX_PATH}:/home/my11/ros2_ws/install/opencv_test_py:/opt/ros/humble /usr/bin/cmake --build /home/my11/interbotix_ws/build/dynamixel_workbench_toolbox -- -j20 -l20
[0.856s] [ 20%] [32mBuilding CXX object CMakeFiles/dynamixel_workbench_toolbox.dir/src/dynamixel_workbench_toolbox/dynamixel_driver.cpp.o[0m
[0.857s] [ 40%] [32mBuilding CXX object CMakeFiles/dynamixel_workbench_toolbox.dir/src/dynamixel_workbench_toolbox/dynamixel_workbench.cpp.o[0m
[0.859s] [ 60%] [32mBuilding CXX object CMakeFiles/dynamixel_workbench_toolbox.dir/src/dynamixel_workbench_toolbox/dynamixel_item.cpp.o[0m
[0.859s] [ 80%] [32mBuilding CXX object CMakeFiles/dynamixel_workbench_toolbox.dir/src/dynamixel_workbench_toolbox/dynamixel_tool.cpp.o[0m
[0.945s] [01m[K/home/my11/interbotix_ws/src/interbotix_ros_core/interbotix_ros_xseries/dynamixel_workbench_toolbox/src/dynamixel_workbench_toolbox/dynamixel_driver.cpp:[m[K In member function ‘[01m[Kbool DynamixelDriver::readRegister(uint8_t, uint16_t, uint16_t, uint32_t*, const char**)[m[K’:
[0.945s] [01m[K/home/my11/interbotix_ws/src/interbotix_ros_core/interbotix_ros_xseries/dynamixel_workbench_toolbox/src/dynamixel_workbench_toolbox/dynamixel_driver.cpp:776:11:[m[K [01;35m[Kwarning: [m[KISO C++ forbids variable length array ‘[01m[Kdata_read[m[K’ [[01;35m[K]8;;https://gcc.gnu.org/onlinedocs/gcc/Warning-Options.html#index-Wvla-Wvla]8;;[m[K]
[0.945s]   776 |   uint8_t [01;35m[Kdata_read[m[K[length];
[0.945s]       |           [01;35m[K^~~~~~~~~[m[K
[0.946s] [01m[K/home/my11/interbotix_ws/src/interbotix_ros_core/interbotix_ros_xseries/dynamixel_workbench_toolbox/src/dynamixel_workbench_toolbox/dynamixel_driver.cpp:[m[K In member function ‘[01m[Kbool DynamixelDriver::syncWrite(uint8_t, uint8_t*, uint8_t, int32_t*, uint8_t, const char**)[m[K’:
[0.946s] [01m[K/home/my11/interbotix_ws/src/interbotix_ros_core/interbotix_ros_xseries/dynamixel_workbench_toolbox/src/dynamixel_workbench_toolbox/dynamixel_driver.cpp:1012:11:[m[K [01;35m[Kwarning: [m[KISO C++ forbids variable length array ‘[01m[Kmulti_parameter[m[K’ [[01;35m[K]8;;https://gcc.gnu.org/onlinedocs/gcc/Warning-Options.html#index-Wvla-Wvla]8;;[m[K]
[0.946s]  1012 |   uint8_t [01;35m[Kmulti_parameter[m[K[4*data_num_for_each_id];
[0.946s]       |           [01;35m[K^~~~~~~~~~~~~~~[m[K
[1.013s] [100%] [32m[1mLinking CXX shared library libdynamixel_workbench_toolbox.so[0m
[1.076s] [100%] Built target dynamixel_workbench_toolbox
[1.085s] Invoked command in '/home/my11/interbotix_ws/build/dynamixel_workbench_toolbox' returned '0': CMAKE_PREFIX_PATH=${CMAKE_PREFIX_PATH}:/home/my11/ros2_ws/install/opencv_test_py:/opt/ros/humble /usr/bin/cmake --build /home/my11/interbotix_ws/build/dynamixel_workbench_toolbox -- -j20 -l20
[1.109s] Invoking command in '/home/my11/interbotix_ws/build/dynamixel_workbench_toolbox': CMAKE_PREFIX_PATH=${CMAKE_PREFIX_PATH}:/home/my11/ros2_ws/install/opencv_test_py:/opt/ros/humble /usr/bin/cmake --install /home/my11/interbotix_ws/build/dynamixel_workbench_toolbox
[1.115s] -- Install configuration: ""
[1.115s] -- Installing: /home/my11/interbotix_ws/install/dynamixel_workbench_toolbox/lib/libdynamixel_workbench_toolbox.so
[1.116s] -- Set runtime path of "/home/my11/interbotix_ws/install/dynamixel_workbench_toolbox/lib/libdynamixel_workbench_toolbox.so" to ""
[1.116s] -- Installing: /home/my11/interbotix_ws/install/dynamixel_workbench_toolbox/include/
[1.116s] -- Installing: /home/my11/interbotix_ws/install/dynamixel_workbench_toolbox/include//dynamixel_workbench_toolbox
[1.116s] -- Installing: /home/my11/interbotix_ws/install/dynamixel_workbench_toolbox/include//dynamixel_workbench_toolbox/dynamixel_driver.h
[1.116s] -- Installing: /home/my11/interbotix_ws/install/dynamixel_workbench_toolbox/include//dynamixel_workbench_toolbox/dynamixel_item.h
[1.117s] -- Installing: /home/my11/interbotix_ws/install/dynamixel_workbench_toolbox/include//dynamixel_workbench_toolbox/dynamixel_workbench.h
[1.117s] -- Installing: /home/my11/interbotix_ws/install/dynamixel_workbench_toolbox/include//dynamixel_workbench_toolbox/dynamixel_tool.h
[1.117s] -- Installing: /home/my11/interbotix_ws/install/dynamixel_workbench_toolbox/share/dynamixel_workbench_toolbox/environment/library_path.sh
[1.117s] -- Installing: /home/my11/interbotix_ws/install/dynamixel_workbench_toolbox/share/dynamixel_workbench_toolbox/environment/library_path.dsv
[1.117s] -- Installing: /home/my11/interbotix_ws/install/dynamixel_workbench_toolbox/share/ament_index/resource_index/package_run_dependencies/dynamixel_workbench_toolbox
[1.117s] -- Installing: /home/my11/interbotix_ws/install/dynamixel_workbench_toolbox/share/ament_index/resource_index/parent_prefix_path/dynamixel_workbench_toolbox
[1.117s] -- Installing: /home/my11/interbotix_ws/install/dynamixel_workbench_toolbox/share/dynamixel_workbench_toolbox/environment/ament_prefix_path.sh
[1.117s] -- Installing: /home/my11/interbotix_ws/install/dynamixel_workbench_toolbox/share/dynamixel_workbench_toolbox/environment/ament_prefix_path.dsv
[1.117s] -- Installing: /home/my11/interbotix_ws/install/dynamixel_workbench_toolbox/share/dynamixel_workbench_toolbox/environment/path.sh
[1.117s] -- Installing: /home/my11/interbotix_ws/install/dynamixel_workbench_toolbox/share/dynamixel_workbench_toolbox/environment/path.dsv
[1.117s] -- Installing: /home/my11/interbotix_ws/install/dynamixel_workbench_toolbox/share/dynamixel_workbench_toolbox/local_setup.bash
[1.117s] -- Installing: /home/my11/interbotix_ws/install/dynamixel_workbench_toolbox/share/dynamixel_workbench_toolbox/local_setup.sh
[1.117s] -- Installing: /home/my11/interbotix_ws/install/dynamixel_workbench_toolbox/share/dynamixel_workbench_toolbox/local_setup.zsh
[1.117s] -- Installing: /home/my11/interbotix_ws/install/dynamixel_workbench_toolbox/share/dynamixel_workbench_toolbox/local_setup.dsv
[1.117s] -- Installing: /home/my11/interbotix_ws/install/dynamixel_workbench_toolbox/share/dynamixel_workbench_toolbox/package.dsv
[1.117s] -- Installing: /home/my11/interbotix_ws/install/dynamixel_workbench_toolbox/share/ament_index/resource_index/packages/dynamixel_workbench_toolbox
[1.117s] -- Installing: /home/my11/interbotix_ws/install/dynamixel_workbench_toolbox/share/dynamixel_workbench_toolbox/cmake/ament_cmake_export_include_directories-extras.cmake
[1.117s] -- Installing: /home/my11/interbotix_ws/install/dynamixel_workbench_toolbox/share/dynamixel_workbench_toolbox/cmake/ament_cmake_export_dependencies-extras.cmake
[1.117s] -- Installing: /home/my11/interbotix_ws/install/dynamixel_workbench_toolbox/share/dynamixel_workbench_toolbox/cmake/ament_cmake_export_libraries-extras.cmake
[1.117s] -- Installing: /home/my11/interbotix_ws/install/dynamixel_workbench_toolbox/share/dynamixel_workbench_toolbox/cmake/dynamixel_workbench_toolboxConfig.cmake
[1.117s] -- Installing: /home/my11/interbotix_ws/install/dynamixel_workbench_toolbox/share/dynamixel_workbench_toolbox/cmake/dynamixel_workbench_toolboxConfig-version.cmake
[1.117s] -- Installing: /home/my11/interbotix_ws/install/dynamixel_workbench_toolbox/share/dynamixel_workbench_toolbox/package.xml
[1.118s] Invoked command in '/home/my11/interbotix_ws/build/dynamixel_workbench_toolbox' returned '0': CMAKE_PREFIX_PATH=${CMAKE_PREFIX_PATH}:/home/my11/ros2_ws/install/opencv_test_py:/opt/ros/humble /usr/bin/cmake --install /home/my11/interbotix_ws/build/dynamixel_workbench_toolbox
