[0.009s] Invoking command in '/home/my11/interbotix_ws/build/widowx_custom_msgs': CMAKE_PREFIX_PATH=${CMAKE_PREFIX_PATH}:/home/my11/interbotix_ws/install/interbotix_xs_modules:/home/my11/interbotix_ws/install/interbotix_perception_modules:/home/my11/interbotix_ws/install/interbotix_common_modules:/home/my11/ros2_ws/install/opencv_test_py:/opt/ros/humble /home/my11/.local/bin/cmake /home/my11/interbotix_ws/src/widowx_custom_msgs -DAMENT_CMAKE_SYMLINK_INSTALL=1 -DCMAKE_INSTALL_PREFIX=/home/my11/interbotix_ws/install/widowx_custom_msgs
[0.059s] CMake Deprecation Warning at CMakeLists.txt:1 (cmake_minimum_required):
[0.059s]   Compatibility with CMake < 3.10 will be removed from a future version of
[0.059s]   CMake.
[0.059s] 
[0.059s]   Update the VERSION argument <min> value.  Or, use the <min>...<max> syntax
[0.059s]   to tell CMake that the project requires at least <min> but has been updated
[0.059s]   to work with policies introduced by <max> or earlier.
[0.059s] 
[0.059s] 
[0.147s] -- The C compiler identification is GNU 11.4.0
[0.254s] -- The CXX compiler identification is GNU 11.4.0
[0.270s] -- Detecting C compiler ABI info
[0.363s] -- Detecting C compiler ABI info - done
[0.383s] -- Check for working C compiler: /usr/bin/cc - skipped
[0.383s] -- Detecting C compile features
[0.384s] -- Detecting C compile features - done
[0.401s] -- Detecting CXX compiler ABI info
[0.505s] -- Detecting CXX compiler ABI info - done
[0.516s] -- Check for working CXX compiler: /usr/bin/c++ - skipped
[0.516s] -- Detecting CXX compile features
[0.516s] -- Detecting CXX compile features - done
[0.528s] -- Found ament_cmake: 1.3.10 (/opt/ros/humble/share/ament_cmake/cmake)
[0.675s] -- Found Python3: /usr/bin/python3 (found version "3.10.12") found components: Interpreter
[0.734s] -- Override CMake install command with custom implementation using symlinks instead of copying resources
[0.796s] -- Found rosidl_default_generators: 1.2.0 (/opt/ros/humble/share/rosidl_default_generators/cmake)
[0.805s] -- Using all available rosidl_typesupport_c: rosidl_typesupport_fastrtps_c;rosidl_typesupport_introspection_c
[0.818s] -- Found rosidl_adapter: 3.1.5 (/opt/ros/humble/share/rosidl_adapter/cmake)
[0.886s] -- Using all available rosidl_typesupport_cpp: rosidl_typesupport_fastrtps_cpp;rosidl_typesupport_introspection_cpp
[0.960s] -- Found std_msgs: 4.2.4 (/opt/ros/humble/share/std_msgs/cmake)
[0.995s] -- Found geometry_msgs: 4.2.4 (/opt/ros/humble/share/geometry_msgs/cmake)
[1.014s] -- Found sensor_msgs: 4.2.4 (/opt/ros/humble/share/sensor_msgs/cmake)
[1.490s] -- Found ament_cmake_ros: 0.10.0 (/opt/ros/humble/share/ament_cmake_ros/cmake)
[1.992s] -- Using all available rosidl_typesupport_c: rosidl_typesupport_fastrtps_c;rosidl_typesupport_introspection_c
[2.641s] -- Using all available rosidl_typesupport_cpp: rosidl_typesupport_fastrtps_cpp;rosidl_typesupport_introspection_cpp
[2.652s] CMake Warning (dev) at /opt/ros/humble/share/rosidl_generator_py/cmake/rosidl_generator_py_generate_interfaces.cmake:20 (find_package):
[2.652s]   Policy CMP0148 is not set: The FindPythonInterp and FindPythonLibs modules
[2.652s]   are removed.  Run "cmake --help-policy CMP0148" for policy details.  Use
[2.652s]   the cmake_policy command to set the policy and suppress this warning.
[2.653s] 
[2.653s] Call Stack (most recent call first):
[2.653s]   /opt/ros/humble/share/ament_cmake_core/cmake/core/ament_execute_extensions.cmake:48 (include)
[2.653s]   /opt/ros/humble/share/rosidl_cmake/cmake/rosidl_generate_interfaces.cmake:286 (ament_execute_extensions)
[2.653s]   CMakeLists.txt:19 (rosidl_generate_interfaces)
[2.653s] This warning is for project developers.  Use -Wno-dev to suppress it.
[2.654s] 
[2.686s] -- Found PythonInterp: /usr/bin/python3 (found suitable version "3.10.12", minimum required is "3.6")
[2.690s] -- Found python_cmake_module: 0.10.0 (/opt/ros/humble/share/python_cmake_module/cmake)
[2.691s] CMake Warning (dev) at /opt/ros/humble/share/python_cmake_module/cmake/Modules/FindPythonExtra.cmake:52 (find_package):
[2.691s]   Policy CMP0148 is not set: The FindPythonInterp and FindPythonLibs modules
[2.691s]   are removed.  Run "cmake --help-policy CMP0148" for policy details.  Use
[2.691s]   the cmake_policy command to set the policy and suppress this warning.
[2.691s] 
[2.691s] Call Stack (most recent call first):
[2.691s]   /opt/ros/humble/share/rosidl_generator_py/cmake/rosidl_generator_py_generate_interfaces.cmake:23 (find_package)
[2.691s]   /opt/ros/humble/share/ament_cmake_core/cmake/core/ament_execute_extensions.cmake:48 (include)
[2.691s]   /opt/ros/humble/share/rosidl_cmake/cmake/rosidl_generate_interfaces.cmake:286 (ament_execute_extensions)
[2.691s]   CMakeLists.txt:19 (rosidl_generate_interfaces)
[2.691s] This warning is for project developers.  Use -Wno-dev to suppress it.
[2.691s] 
[2.714s] CMake Warning (dev) at /opt/ros/humble/share/python_cmake_module/cmake/Modules/FindPythonExtra.cmake:140 (find_package):
[2.715s]   Policy CMP0148 is not set: The FindPythonInterp and FindPythonLibs modules
[2.715s]   are removed.  Run "cmake --help-policy CMP0148" for policy details.  Use
[2.715s]   the cmake_policy command to set the policy and suppress this warning.
[2.715s] 
[2.715s] Call Stack (most recent call first):
[2.715s]   /opt/ros/humble/share/rosidl_generator_py/cmake/rosidl_generator_py_generate_interfaces.cmake:23 (find_package)
[2.715s]   /opt/ros/humble/share/ament_cmake_core/cmake/core/ament_execute_extensions.cmake:48 (include)
[2.715s]   /opt/ros/humble/share/rosidl_cmake/cmake/rosidl_generate_interfaces.cmake:286 (ament_execute_extensions)
[2.715s]   CMakeLists.txt:19 (rosidl_generate_interfaces)
[2.715s] This warning is for project developers.  Use -Wno-dev to suppress it.
[2.715s] 
[2.723s] -- Found PythonLibs: /usr/lib/x86_64-linux-gnu/libpython3.10.so (found suitable version "3.10.12", minimum required is "3.5")
[2.723s] -- Using PYTHON_EXECUTABLE: /usr/bin/python3
[2.724s] -- Using PYTHON_INCLUDE_DIRS: /usr/include/python3.10
[2.724s] -- Using PYTHON_LIBRARIES: /usr/lib/x86_64-linux-gnu/libpython3.10.so
[2.744s] -- Found PythonExtra: .so
[2.825s] -- Found ament_lint_auto: 0.12.14 (/opt/ros/humble/share/ament_lint_auto/cmake)
[2.866s] -- Added test 'copyright' to check source files copyright and LICENSE
[2.868s] -- Added test 'lint_cmake' to check CMake code style
[2.870s] -- Added test 'xmllint' to check XML markup files
[2.874s] -- Configuring done (2.8s)
[2.898s] -- Generating done (0.0s)
[2.898s] -- Build files have been written to: /home/my11/interbotix_ws/build/widowx_custom_msgs
[2.904s] Invoked command in '/home/my11/interbotix_ws/build/widowx_custom_msgs' returned '0': CMAKE_PREFIX_PATH=${CMAKE_PREFIX_PATH}:/home/my11/interbotix_ws/install/interbotix_xs_modules:/home/my11/interbotix_ws/install/interbotix_perception_modules:/home/my11/interbotix_ws/install/interbotix_common_modules:/home/my11/ros2_ws/install/opencv_test_py:/opt/ros/humble /home/my11/.local/bin/cmake /home/my11/interbotix_ws/src/widowx_custom_msgs -DAMENT_CMAKE_SYMLINK_INSTALL=1 -DCMAKE_INSTALL_PREFIX=/home/my11/interbotix_ws/install/widowx_custom_msgs
[2.905s] Invoking command in '/home/my11/interbotix_ws/build/widowx_custom_msgs': CMAKE_PREFIX_PATH=${CMAKE_PREFIX_PATH}:/home/my11/interbotix_ws/install/interbotix_xs_modules:/home/my11/interbotix_ws/install/interbotix_perception_modules:/home/my11/interbotix_ws/install/interbotix_common_modules:/home/my11/ros2_ws/install/opencv_test_py:/opt/ros/humble /home/my11/.local/bin/cmake --build /home/my11/interbotix_ws/build/widowx_custom_msgs -- -j20 -l20
[2.981s] [  3%] Generating C code for ROS interfaces
[2.989s] [  6%] Generating C++ code for ROS interfaces
[2.992s] [  6%] Built target ament_cmake_python_symlink_widowx_custom_msgs
[3.049s] Traceback (most recent call last):
[3.049s]   File "/home/my11/interbotix_ws/build/widowx_custom_msgs/ament_cmake_python/widowx_custom_msgs/setup.py", line 1, in <module>
[3.049s]     from setuptools import find_packages
[3.049s]   File "/home/my11/.local/lib/python3.10/site-packages/setuptools/__init__.py", line 21, in <module>
[3.049s]     import _distutils_hack.override  # noqa: F401
[3.049s]   File "/home/my11/.local/lib/python3.10/site-packages/_distutils_hack/override.py", line 1, in <module>
[3.049s]     __import__('_distutils_hack').do_override()
[3.049s]   File "/home/my11/.local/lib/python3.10/site-packages/_distutils_hack/__init__.py", line 89, in do_override
[3.049s]     ensure_local_distutils()
[3.050s]   File "/home/my11/.local/lib/python3.10/site-packages/_distutils_hack/__init__.py", line 76, in ensure_local_distutils
[3.050s]     assert '_distutils' in core.__file__, core.__file__
[3.050s] AssertionError: /usr/lib/python3.10/distutils/core.py
[3.058s] gmake[2]: *** [CMakeFiles/ament_cmake_python_build_widowx_custom_msgs_egg.dir/build.make:70：CMakeFiles/ament_cmake_python_build_widowx_custom_msgs_egg] 错误 1
[3.058s] gmake[1]: *** [CMakeFiles/Makefile2:546：CMakeFiles/ament_cmake_python_build_widowx_custom_msgs_egg.dir/all] 错误 2
[3.058s] gmake[1]: *** 正在等待未完成的任务....
[3.160s] [  6%] Built target widowx_custom_msgs__cpp
[3.170s] [  9%] Building C object CMakeFiles/widowx_custom_msgs__rosidl_generator_c.dir/rosidl_generator_c/widowx_custom_msgs/msg/detail/segmentation_result__functions.c.o
[3.242s] [ 12%] Linking C shared library libwidowx_custom_msgs__rosidl_generator_c.so
[3.286s] [ 12%] Built target widowx_custom_msgs__rosidl_generator_c
[3.287s] gmake: *** [Makefile:146：all] 错误 2
[3.289s] Invoked command in '/home/my11/interbotix_ws/build/widowx_custom_msgs' returned '2': CMAKE_PREFIX_PATH=${CMAKE_PREFIX_PATH}:/home/my11/interbotix_ws/install/interbotix_xs_modules:/home/my11/interbotix_ws/install/interbotix_perception_modules:/home/my11/interbotix_ws/install/interbotix_common_modules:/home/my11/ros2_ws/install/opencv_test_py:/opt/ros/humble /home/my11/.local/bin/cmake --build /home/my11/interbotix_ws/build/widowx_custom_msgs -- -j20 -l20
