[0.162s] Invoking command in '/home/my11/interbotix_ws/build/interbotix_tf_tools': CMAKE_PREFIX_PATH=${CMAKE_PREFIX_PATH}:/home/my11/ros2_ws/install/opencv_test_py:/opt/ros/humble /usr/bin/cmake /home/my11/interbotix_ws/src/interbotix_ros_toolboxes/interbotix_common_toolbox/interbotix_tf_tools -DCMAKE_INSTALL_PREFIX=/home/my11/interbotix_ws/install/interbotix_tf_tools
[0.234s] -- The C compiler identification is GNU 11.4.0
[0.270s] -- The CXX compiler identification is GNU 11.4.0
[0.276s] -- Detecting C compiler ABI info
[0.325s] -- Detecting C compiler ABI info - done
[0.329s] -- Check for working C compiler: /usr/bin/cc - skipped
[0.329s] -- Detecting C compile features
[0.330s] -- Detecting C compile features - done
[0.331s] -- Detecting CXX compiler ABI info
[0.382s] -- Detecting CXX compiler ABI info - done
[0.389s] -- Check for working CXX compiler: /usr/bin/c++ - skipped
[0.390s] -- Detecting CXX compile features
[0.390s] -- Detecting CXX compile features - done
[0.393s] -- Found ament_cmake: 1.3.10 (/opt/ros/humble/share/ament_cmake/cmake)
[0.505s] -- Found Python3: /usr/bin/python3 (found version "3.10.12") found components: Interpreter 
[0.573s] -- Found geometry_msgs: 4.2.4 (/opt/ros/humble/share/geometry_msgs/cmake)
[0.594s] -- Found rosidl_generator_c: 3.1.5 (/opt/ros/humble/share/rosidl_generator_c/cmake)
[0.597s] -- Found rosidl_adapter: 3.1.5 (/opt/ros/humble/share/rosidl_adapter/cmake)
[0.601s] -- Found rosidl_generator_cpp: 3.1.5 (/opt/ros/humble/share/rosidl_generator_cpp/cmake)
[0.608s] -- Using all available rosidl_typesupport_c: rosidl_typesupport_fastrtps_c;rosidl_typesupport_introspection_c
[0.617s] -- Using all available rosidl_typesupport_cpp: rosidl_typesupport_fastrtps_cpp;rosidl_typesupport_introspection_cpp
[0.639s] -- Found rclcpp: 16.0.10 (/opt/ros/humble/share/rclcpp/cmake)
[0.660s] -- Found rmw_implementation_cmake: 6.1.2 (/opt/ros/humble/share/rmw_implementation_cmake/cmake)
[0.662s] -- Found rmw_fastrtps_cpp: 6.2.7 (/opt/ros/humble/share/rmw_fastrtps_cpp/cmake)
[0.720s] -- Found OpenSSL: /usr/lib/x86_64-linux-gnu/libcrypto.so (found version "3.0.2")  
[0.737s] -- Found FastRTPS: /opt/ros/humble/include  
[0.763s] -- Using RMW implementation 'rmw_fastrtps_cpp' as default
[0.771s] -- Looking for pthread.h
[0.823s] -- Looking for pthread.h - found
[0.823s] -- Performing Test CMAKE_HAVE_LIBC_PTHREAD
[0.881s] -- Performing Test CMAKE_HAVE_LIBC_PTHREAD - Success
[0.881s] -- Found Threads: TRUE  
[0.908s] -- Found rclcpp_components: 16.0.10 (/opt/ros/humble/share/rclcpp_components/cmake)
[0.924s] -- Found tf2_msgs: 0.25.8 (/opt/ros/humble/share/tf2_msgs/cmake)
[0.948s] -- Found tf2_ros: 0.25.8 (/opt/ros/humble/share/tf2_ros/cmake)
[0.967s] -- Found ament_lint_auto: 0.12.14 (/opt/ros/humble/share/ament_lint_auto/cmake)
[1.018s] -- Added test 'copyright' to check source files copyright and LICENSE
[1.018s] -- Added test 'cppcheck' to perform static code analysis on C / C++ code
[1.018s] -- Configured cppcheck include dirs: /home/my11/interbotix_ws/src/interbotix_ros_toolboxes/interbotix_common_toolbox/interbotix_tf_tools/include
[1.018s] -- Configured cppcheck exclude dirs and/or files: 
[1.019s] -- Added test 'cpplint' to check C / C++ code against the Google style
[1.019s] -- Configured cpplint exclude dirs and/or files: 
[1.019s] -- Added test 'flake8' to check Python code syntax and style conventions
[1.020s] -- Added test 'lint_cmake' to check CMake code style
[1.020s] -- Added test 'pep257' to check Python code against some of the docstring style conventions in PEP 257
[1.020s] -- Added test 'uncrustify' to check C / C++ code style
[1.020s] -- Configured uncrustify additional arguments: 
[1.021s] -- Added test 'xmllint' to check XML markup files
[1.021s] -- Configuring done
[1.027s] -- Generating done
[1.028s] -- Build files have been written to: /home/my11/interbotix_ws/build/interbotix_tf_tools
[1.035s] Invoked command in '/home/my11/interbotix_ws/build/interbotix_tf_tools' returned '0': CMAKE_PREFIX_PATH=${CMAKE_PREFIX_PATH}:/home/my11/ros2_ws/install/opencv_test_py:/opt/ros/humble /usr/bin/cmake /home/my11/interbotix_ws/src/interbotix_ros_toolboxes/interbotix_common_toolbox/interbotix_tf_tools -DCMAKE_INSTALL_PREFIX=/home/my11/interbotix_ws/install/interbotix_tf_tools
[1.037s] Invoking command in '/home/my11/interbotix_ws/build/interbotix_tf_tools': CMAKE_PREFIX_PATH=${CMAKE_PREFIX_PATH}:/home/my11/ros2_ws/install/opencv_test_py:/opt/ros/humble /usr/bin/cmake --build /home/my11/interbotix_ws/build/interbotix_tf_tools -- -j20 -l20
[1.080s] [ 50%] [32mBuilding CXX object CMakeFiles/tf_rebroadcaster.dir/src/tf_rebroadcaster.cpp.o[0m
[8.120s] [100%] [32m[1mLinking CXX shared library libtf_rebroadcaster.so[0m
[8.393s] [100%] Built target tf_rebroadcaster
[8.404s] Invoked command in '/home/my11/interbotix_ws/build/interbotix_tf_tools' returned '0': CMAKE_PREFIX_PATH=${CMAKE_PREFIX_PATH}:/home/my11/ros2_ws/install/opencv_test_py:/opt/ros/humble /usr/bin/cmake --build /home/my11/interbotix_ws/build/interbotix_tf_tools -- -j20 -l20
[8.426s] Invoking command in '/home/my11/interbotix_ws/build/interbotix_tf_tools': CMAKE_PREFIX_PATH=${CMAKE_PREFIX_PATH}:/home/my11/ros2_ws/install/opencv_test_py:/opt/ros/humble /usr/bin/cmake --install /home/my11/interbotix_ws/build/interbotix_tf_tools
[8.431s] -- Install configuration: ""
[8.431s] -- Installing: /home/my11/interbotix_ws/install/interbotix_tf_tools/lib/libtf_rebroadcaster.so
[8.434s] -- Set runtime path of "/home/my11/interbotix_ws/install/interbotix_tf_tools/lib/libtf_rebroadcaster.so" to ""
[8.434s] -- Installing: /home/my11/interbotix_ws/install/interbotix_tf_tools/lib/interbotix_tf_tools/static_trans_pub.py
[8.434s] -- Installing: /home/my11/interbotix_ws/install/interbotix_tf_tools/share/interbotix_tf_tools//config
[8.434s] -- Installing: /home/my11/interbotix_ws/install/interbotix_tf_tools/share/interbotix_tf_tools//config/tf_rebroadcaster.yaml
[8.434s] -- Installing: /home/my11/interbotix_ws/install/interbotix_tf_tools/share/interbotix_tf_tools//launch
[8.434s] -- Installing: /home/my11/interbotix_ws/install/interbotix_tf_tools/share/interbotix_tf_tools//launch/static_transform_pub.launch.py
[8.434s] -- Installing: /home/my11/interbotix_ws/install/interbotix_tf_tools/share/interbotix_tf_tools//launch/tf_rebroadcaster.launch.py
[8.434s] -- Installing: /home/my11/interbotix_ws/install/interbotix_tf_tools/share/ament_index/resource_index/package_run_dependencies/interbotix_tf_tools
[8.434s] -- Installing: /home/my11/interbotix_ws/install/interbotix_tf_tools/share/ament_index/resource_index/parent_prefix_path/interbotix_tf_tools
[8.434s] -- Installing: /home/my11/interbotix_ws/install/interbotix_tf_tools/share/interbotix_tf_tools/environment/ament_prefix_path.sh
[8.434s] -- Installing: /home/my11/interbotix_ws/install/interbotix_tf_tools/share/interbotix_tf_tools/environment/ament_prefix_path.dsv
[8.434s] -- Installing: /home/my11/interbotix_ws/install/interbotix_tf_tools/share/interbotix_tf_tools/environment/path.sh
[8.435s] -- Installing: /home/my11/interbotix_ws/install/interbotix_tf_tools/share/interbotix_tf_tools/environment/path.dsv
[8.435s] -- Installing: /home/my11/interbotix_ws/install/interbotix_tf_tools/share/interbotix_tf_tools/local_setup.bash
[8.435s] -- Installing: /home/my11/interbotix_ws/install/interbotix_tf_tools/share/interbotix_tf_tools/local_setup.sh
[8.435s] -- Installing: /home/my11/interbotix_ws/install/interbotix_tf_tools/share/interbotix_tf_tools/local_setup.zsh
[8.435s] -- Installing: /home/my11/interbotix_ws/install/interbotix_tf_tools/share/interbotix_tf_tools/local_setup.dsv
[8.435s] -- Installing: /home/my11/interbotix_ws/install/interbotix_tf_tools/share/interbotix_tf_tools/package.dsv
[8.435s] -- Installing: /home/my11/interbotix_ws/install/interbotix_tf_tools/share/ament_index/resource_index/packages/interbotix_tf_tools
[8.435s] -- Installing: /home/my11/interbotix_ws/install/interbotix_tf_tools/share/ament_index/resource_index/rclcpp_components/interbotix_tf_tools
[8.435s] -- Installing: /home/my11/interbotix_ws/install/interbotix_tf_tools/share/interbotix_tf_tools/cmake/interbotix_tf_toolsConfig.cmake
[8.435s] -- Installing: /home/my11/interbotix_ws/install/interbotix_tf_tools/share/interbotix_tf_tools/cmake/interbotix_tf_toolsConfig-version.cmake
[8.435s] -- Installing: /home/my11/interbotix_ws/install/interbotix_tf_tools/share/interbotix_tf_tools/package.xml
[8.437s] Invoked command in '/home/my11/interbotix_ws/build/interbotix_tf_tools' returned '0': CMAKE_PREFIX_PATH=${CMAKE_PREFIX_PATH}:/home/my11/ros2_ws/install/opencv_test_py:/opt/ros/humble /usr/bin/cmake --install /home/my11/interbotix_ws/build/interbotix_tf_tools
