[0.007s] Invoking command in '/home/my11/interbotix_ws/build/widowx_custom_msgs': CMAKE_PREFIX_PATH=${CMAKE_PREFIX_PATH}:/home/my11/interbotix_ws/install/interbotix_xs_modules:/home/my11/interbotix_ws/install/interbotix_perception_modules:/home/my11/interbotix_ws/install/interbotix_common_modules:/home/my11/ros2_ws/install/opencv_test_py:/opt/ros/humble /home/my11/.local/bin/cmake /home/my11/interbotix_ws/src/widowx_custom_msgs -DCMAKE_BUILD_TYPE=Release -DCMAKE_INSTALL_PREFIX=/home/my11/interbotix_ws/install/widowx_custom_msgs
[0.094s] -- The C compiler identification is GNU 11.4.0
[0.159s] -- The CXX compiler identification is GNU 11.4.0
[0.170s] -- Detecting C compiler ABI info
[0.246s] -- Detecting C compiler ABI info - done
[0.269s] -- Check for working C compiler: /usr/bin/cc - skipped
[0.269s] -- Detecting C compile features
[0.270s] -- Detecting C compile features - done
[0.291s] -- Detecting CXX compiler ABI info
[0.384s] -- Detecting CXX compiler ABI info - done
[0.403s] -- Check for working CXX compiler: /usr/bin/c++ - skipped
[0.404s] -- Detecting CXX compile features
[0.405s] -- Detecting CXX compile features - done
[0.423s] -- Found ament_cmake: 1.3.10 (/opt/ros/humble/share/ament_cmake/cmake)
[0.562s] -- Found Python3: /usr/bin/python3 (found version "3.10.12") found components: Interpreter
[0.650s] -- Found rosidl_default_generators: 1.2.0 (/opt/ros/humble/share/rosidl_default_generators/cmake)
[0.657s] -- Using all available rosidl_typesupport_c: rosidl_typesupport_fastrtps_c;rosidl_typesupport_introspection_c
[0.665s] -- Found rosidl_adapter: 3.1.5 (/opt/ros/humble/share/rosidl_adapter/cmake)
[0.713s] -- Using all available rosidl_typesupport_cpp: rosidl_typesupport_fastrtps_cpp;rosidl_typesupport_introspection_cpp
[0.751s] -- Found std_msgs: 4.2.4 (/opt/ros/humble/share/std_msgs/cmake)
[0.777s] -- Found geometry_msgs: 4.2.4 (/opt/ros/humble/share/geometry_msgs/cmake)
[0.790s] -- Found sensor_msgs: 4.2.4 (/opt/ros/humble/share/sensor_msgs/cmake)
[1.195s] -- Found ament_cmake_ros: 0.10.0 (/opt/ros/humble/share/ament_cmake_ros/cmake)
[1.664s] -- Using all available rosidl_typesupport_c: rosidl_typesupport_fastrtps_c;rosidl_typesupport_introspection_c
[2.338s] -- Using all available rosidl_typesupport_cpp: rosidl_typesupport_fastrtps_cpp;rosidl_typesupport_introspection_cpp
[2.339s] CMake Warning (dev) at /opt/ros/humble/share/rosidl_generator_py/cmake/rosidl_generator_py_generate_interfaces.cmake:20 (find_package):
[2.339s]   Policy CMP0148 is not set: The FindPythonInterp and FindPythonLibs modules
[2.339s]   are removed.  Run "cmake --help-policy CMP0148" for policy details.  Use
[2.339s]   the cmake_policy command to set the policy and suppress this warning.
[2.339s] 
[2.339s] Call Stack (most recent call first):
[2.339s]   /opt/ros/humble/share/ament_cmake_core/cmake/core/ament_execute_extensions.cmake:48 (include)
[2.339s]   /opt/ros/humble/share/rosidl_cmake/cmake/rosidl_generate_interfaces.cmake:286 (ament_execute_extensions)
[2.339s]   CMakeLists.txt:19 (rosidl_generate_interfaces)
[2.339s] This warning is for project developers.  Use -Wno-dev to suppress it.
[2.339s] 
[2.360s] -- Found PythonInterp: /usr/bin/python3 (found suitable version "3.10.12", minimum required is "3.6")
[2.364s] -- Found python_cmake_module: 0.10.0 (/opt/ros/humble/share/python_cmake_module/cmake)
[2.365s] CMake Warning (dev) at /opt/ros/humble/share/python_cmake_module/cmake/Modules/FindPythonExtra.cmake:52 (find_package):
[2.365s]   Policy CMP0148 is not set: The FindPythonInterp and FindPythonLibs modules
[2.365s]   are removed.  Run "cmake --help-policy CMP0148" for policy details.  Use
[2.365s]   the cmake_policy command to set the policy and suppress this warning.
[2.365s] 
[2.365s] Call Stack (most recent call first):
[2.365s]   /opt/ros/humble/share/rosidl_generator_py/cmake/rosidl_generator_py_generate_interfaces.cmake:23 (find_package)
[2.365s]   /opt/ros/humble/share/ament_cmake_core/cmake/core/ament_execute_extensions.cmake:48 (include)
[2.365s]   /opt/ros/humble/share/rosidl_cmake/cmake/rosidl_generate_interfaces.cmake:286 (ament_execute_extensions)
[2.365s]   CMakeLists.txt:19 (rosidl_generate_interfaces)
[2.365s] This warning is for project developers.  Use -Wno-dev to suppress it.
[2.365s] 
[2.395s] CMake Warning (dev) at /opt/ros/humble/share/python_cmake_module/cmake/Modules/FindPythonExtra.cmake:140 (find_package):
[2.395s]   Policy CMP0148 is not set: The FindPythonInterp and FindPythonLibs modules
[2.395s]   are removed.  Run "cmake --help-policy CMP0148" for policy details.  Use
[2.395s]   the cmake_policy command to set the policy and suppress this warning.
[2.395s] 
[2.395s] Call Stack (most recent call first):
[2.395s]   /opt/ros/humble/share/rosidl_generator_py/cmake/rosidl_generator_py_generate_interfaces.cmake:23 (find_package)
[2.395s]   /opt/ros/humble/share/ament_cmake_core/cmake/core/ament_execute_extensions.cmake:48 (include)
[2.395s]   /opt/ros/humble/share/rosidl_cmake/cmake/rosidl_generate_interfaces.cmake:286 (ament_execute_extensions)
[2.395s]   CMakeLists.txt:19 (rosidl_generate_interfaces)
[2.396s] This warning is for project developers.  Use -Wno-dev to suppress it.
[2.396s] 
[2.414s] -- Found PythonLibs: /usr/lib/x86_64-linux-gnu/libpython3.10.so (found suitable version "3.10.12", minimum required is "3.5")
[2.414s] -- Using PYTHON_EXECUTABLE: /usr/bin/python3
[2.414s] -- Using PYTHON_INCLUDE_DIRS: /usr/include/python3.10
[2.414s] -- Using PYTHON_LIBRARIES: /usr/lib/x86_64-linux-gnu/libpython3.10.so
[2.438s] -- Found PythonExtra: .so
[2.508s] -- Found ament_lint_auto: 0.12.14 (/opt/ros/humble/share/ament_lint_auto/cmake)
[2.540s] -- Added test 'copyright' to check source files copyright and LICENSE
[2.541s] -- Added test 'lint_cmake' to check CMake code style
[2.543s] -- Added test 'xmllint' to check XML markup files
[2.545s] -- Configuring done (2.5s)
[2.569s] -- Generating done (0.0s)
[2.569s] -- Build files have been written to: /home/my11/interbotix_ws/build/widowx_custom_msgs
[2.576s] Invoked command in '/home/my11/interbotix_ws/build/widowx_custom_msgs' returned '0': CMAKE_PREFIX_PATH=${CMAKE_PREFIX_PATH}:/home/my11/interbotix_ws/install/interbotix_xs_modules:/home/my11/interbotix_ws/install/interbotix_perception_modules:/home/my11/interbotix_ws/install/interbotix_common_modules:/home/my11/ros2_ws/install/opencv_test_py:/opt/ros/humble /home/my11/.local/bin/cmake /home/my11/interbotix_ws/src/widowx_custom_msgs -DCMAKE_BUILD_TYPE=Release -DCMAKE_INSTALL_PREFIX=/home/my11/interbotix_ws/install/widowx_custom_msgs
[2.577s] Invoking command in '/home/my11/interbotix_ws/build/widowx_custom_msgs': CMAKE_PREFIX_PATH=${CMAKE_PREFIX_PATH}:/home/my11/interbotix_ws/install/interbotix_xs_modules:/home/my11/interbotix_ws/install/interbotix_perception_modules:/home/my11/interbotix_ws/install/interbotix_common_modules:/home/my11/ros2_ws/install/opencv_test_py:/opt/ros/humble /home/my11/.local/bin/cmake --build /home/my11/interbotix_ws/build/widowx_custom_msgs -- -j20 -l20
[2.637s] [  3%] Generating C code for ROS interfaces
[2.642s] [  6%] Generating C++ code for ROS interfaces
[2.645s] [  6%] Built target ament_cmake_python_copy_widowx_custom_msgs
[2.702s] Traceback (most recent call last):
[2.702s]   File "/home/my11/interbotix_ws/build/widowx_custom_msgs/ament_cmake_python/widowx_custom_msgs/setup.py", line 1, in <module>
[2.702s]     from setuptools import find_packages
[2.702s]   File "/home/my11/.local/lib/python3.10/site-packages/setuptools/__init__.py", line 21, in <module>
[2.702s]     import _distutils_hack.override  # noqa: F401
[2.702s]   File "/home/my11/.local/lib/python3.10/site-packages/_distutils_hack/override.py", line 1, in <module>
[2.702s]     __import__('_distutils_hack').do_override()
[2.703s]   File "/home/my11/.local/lib/python3.10/site-packages/_distutils_hack/__init__.py", line 89, in do_override
[2.703s]     ensure_local_distutils()
[2.703s]   File "/home/my11/.local/lib/python3.10/site-packages/_distutils_hack/__init__.py", line 76, in ensure_local_distutils
[2.703s]     assert '_distutils' in core.__file__, core.__file__
[2.703s] AssertionError: /usr/lib/python3.10/distutils/core.py
[2.710s] gmake[2]: *** [CMakeFiles/ament_cmake_python_build_widowx_custom_msgs_egg.dir/build.make:70：CMakeFiles/ament_cmake_python_build_widowx_custom_msgs_egg] 错误 1
[2.711s] gmake[1]: *** [CMakeFiles/Makefile2:546：CMakeFiles/ament_cmake_python_build_widowx_custom_msgs_egg.dir/all] 错误 2
[2.711s] gmake[1]: *** 正在等待未完成的任务....
[2.808s] [  9%] Building C object CMakeFiles/widowx_custom_msgs__rosidl_generator_c.dir/rosidl_generator_c/widowx_custom_msgs/msg/detail/segmentation_result__functions.c.o
[2.813s] [  9%] Built target widowx_custom_msgs__cpp
[2.877s] [ 12%] Linking C shared library libwidowx_custom_msgs__rosidl_generator_c.so
[2.909s] [ 12%] Built target widowx_custom_msgs__rosidl_generator_c
[2.910s] gmake: *** [Makefile:146：all] 错误 2
[2.912s] Invoked command in '/home/my11/interbotix_ws/build/widowx_custom_msgs' returned '2': CMAKE_PREFIX_PATH=${CMAKE_PREFIX_PATH}:/home/my11/interbotix_ws/install/interbotix_xs_modules:/home/my11/interbotix_ws/install/interbotix_perception_modules:/home/my11/interbotix_ws/install/interbotix_common_modules:/home/my11/ros2_ws/install/opencv_test_py:/opt/ros/humble /home/my11/.local/bin/cmake --build /home/my11/interbotix_ws/build/widowx_custom_msgs -- -j20 -l20
