[0.154s] Invoking command in '/home/my11/interbotix_ws/build/interbotix_common_sim': CMAKE_PREFIX_PATH=${CMAKE_PREFIX_PATH}:/home/my11/ros2_ws/install/opencv_test_py:/opt/ros/humble /usr/bin/cmake /home/my11/interbotix_ws/src/interbotix_ros_toolboxes/interbotix_common_toolbox/interbotix_common_sim -DCMAKE_INSTALL_PREFIX=/home/my11/interbotix_ws/install/interbotix_common_sim
[0.246s] -- The C compiler identification is GNU 11.4.0
[0.291s] -- The CXX compiler identification is GNU 11.4.0
[0.297s] -- Detecting C compiler ABI info
[0.340s] -- Detecting C compiler ABI info - done
[0.347s] -- Check for working C compiler: /usr/bin/cc - skipped
[0.347s] -- Detecting C compile features
[0.348s] -- Detecting C compile features - done
[0.350s] -- Detecting CXX compiler ABI info
[0.402s] -- Detecting CXX compiler ABI info - done
[0.406s] -- Check for working CXX compiler: /usr/bin/c++ - skipped
[0.407s] -- Detecting CXX compile features
[0.407s] -- Detecting CXX compile features - done
[0.408s] -- Found ament_cmake: 1.3.10 (/opt/ros/humble/share/ament_cmake/cmake)
[0.514s] -- Found Python3: /usr/bin/python3 (found version "3.10.12") found components: Interpreter 
[0.586s] -- Found ament_lint_auto: 0.12.14 (/opt/ros/humble/share/ament_lint_auto/cmake)
[0.646s] -- Configuring done
[0.647s] -- Generating done
[0.648s] -- Build files have been written to: /home/my11/interbotix_ws/build/interbotix_common_sim
[0.651s] Invoked command in '/home/my11/interbotix_ws/build/interbotix_common_sim' returned '0': CMAKE_PREFIX_PATH=${CMAKE_PREFIX_PATH}:/home/my11/ros2_ws/install/opencv_test_py:/opt/ros/humble /usr/bin/cmake /home/my11/interbotix_ws/src/interbotix_ros_toolboxes/interbotix_common_toolbox/interbotix_common_sim -DCMAKE_INSTALL_PREFIX=/home/my11/interbotix_ws/install/interbotix_common_sim
[0.653s] Invoking command in '/home/my11/interbotix_ws/build/interbotix_common_sim': CMAKE_PREFIX_PATH=${CMAKE_PREFIX_PATH}:/home/my11/ros2_ws/install/opencv_test_py:/opt/ros/humble /usr/bin/cmake --build /home/my11/interbotix_ws/build/interbotix_common_sim -- -j20 -l20
[0.681s] Invoked command in '/home/my11/interbotix_ws/build/interbotix_common_sim' returned '0': CMAKE_PREFIX_PATH=${CMAKE_PREFIX_PATH}:/home/my11/ros2_ws/install/opencv_test_py:/opt/ros/humble /usr/bin/cmake --build /home/my11/interbotix_ws/build/interbotix_common_sim -- -j20 -l20
[0.704s] Invoking command in '/home/my11/interbotix_ws/build/interbotix_common_sim': CMAKE_PREFIX_PATH=${CMAKE_PREFIX_PATH}:/home/my11/ros2_ws/install/opencv_test_py:/opt/ros/humble /usr/bin/cmake --install /home/my11/interbotix_ws/build/interbotix_common_sim
[0.707s] -- Install configuration: ""
[0.708s] -- Installing: /home/my11/interbotix_ws/install/interbotix_common_sim/share/interbotix_common_sim/models
[0.708s] -- Installing: /home/my11/interbotix_ws/install/interbotix_common_sim/share/interbotix_common_sim/models/VisionKit
[0.708s] -- Installing: /home/my11/interbotix_ws/install/interbotix_common_sim/share/interbotix_common_sim/models/VisionKit/stand.stl
[0.708s] -- Installing: /home/my11/interbotix_ws/install/interbotix_common_sim/share/interbotix_common_sim/models/VisionKit/VisionKit.sdf
[0.708s] -- Installing: /home/my11/interbotix_ws/install/interbotix_common_sim/share/interbotix_common_sim/models/VisionKit/model.config
[0.708s] -- Installing: /home/my11/interbotix_ws/install/interbotix_common_sim/share/interbotix_common_sim/models/RealSenseD415
[0.708s] -- Installing: /home/my11/interbotix_ws/install/interbotix_common_sim/share/interbotix_common_sim/models/RealSenseD415/camera.stl
[0.708s] -- Installing: /home/my11/interbotix_ws/install/interbotix_common_sim/share/interbotix_common_sim/models/RealSenseD415/model.config
[0.708s] -- Installing: /home/my11/interbotix_ws/install/interbotix_common_sim/share/interbotix_common_sim/models/RealSenseD415/RealSenseD415.sdf
[0.708s] -- Installing: /home/my11/interbotix_ws/install/interbotix_common_sim/share/interbotix_common_sim/models/TrossenRoboticsOfficeBuilding
[0.708s] -- Installing: /home/my11/interbotix_ws/install/interbotix_common_sim/share/interbotix_common_sim/models/TrossenRoboticsOfficeBuilding/TrossenRoboticsOfficeBuilding.sdf
[0.708s] -- Installing: /home/my11/interbotix_ws/install/interbotix_common_sim/share/interbotix_common_sim/models/TrossenRoboticsOfficeBuilding/model.config
[0.708s] -- Installing: /home/my11/interbotix_ws/install/interbotix_common_sim/share/interbotix_common_sim/worlds
[0.708s] -- Installing: /home/my11/interbotix_ws/install/interbotix_common_sim/share/interbotix_common_sim/worlds/interbotix.world
[0.708s] -- Installing: /home/my11/interbotix_ws/install/interbotix_common_sim/share/interbotix_common_sim/worlds/vision_kit.world
[0.708s] -- Installing: /home/my11/interbotix_ws/install/interbotix_common_sim/share/interbotix_common_sim/media
[0.708s] -- Installing: /home/my11/interbotix_ws/install/interbotix_common_sim/share/interbotix_common_sim/media/interbotix_black.png
[0.708s] -- Installing: /home/my11/interbotix_ws/install/interbotix_common_sim/share/interbotix_common_sim/media/materials
[0.708s] -- Installing: /home/my11/interbotix_ws/install/interbotix_common_sim/share/interbotix_common_sim/media/materials/scripts
[0.708s] -- Installing: /home/my11/interbotix_ws/install/interbotix_common_sim/share/interbotix_common_sim/media/materials/scripts/interbotix_texture.gazebo
[0.708s] -- Installing: /home/my11/interbotix_ws/install/interbotix_common_sim/share/interbotix_common_sim/media/materials/scripts/interbotix_black.material
[0.708s] -- Installing: /home/my11/interbotix_ws/install/interbotix_common_sim/share/interbotix_common_sim/media/materials/textures
[0.708s] -- Installing: /home/my11/interbotix_ws/install/interbotix_common_sim/share/interbotix_common_sim/media/materials/textures/interbotix_black.png
[0.708s] -- Installing: /home/my11/interbotix_ws/install/interbotix_common_sim/share/ament_index/resource_index/package_run_dependencies/interbotix_common_sim
[0.709s] -- Installing: /home/my11/interbotix_ws/install/interbotix_common_sim/share/ament_index/resource_index/parent_prefix_path/interbotix_common_sim
[0.709s] -- Installing: /home/my11/interbotix_ws/install/interbotix_common_sim/share/interbotix_common_sim/environment/ament_prefix_path.sh
[0.709s] -- Installing: /home/my11/interbotix_ws/install/interbotix_common_sim/share/interbotix_common_sim/environment/ament_prefix_path.dsv
[0.709s] -- Installing: /home/my11/interbotix_ws/install/interbotix_common_sim/share/interbotix_common_sim/environment/path.sh
[0.709s] -- Installing: /home/my11/interbotix_ws/install/interbotix_common_sim/share/interbotix_common_sim/environment/path.dsv
[0.709s] -- Installing: /home/my11/interbotix_ws/install/interbotix_common_sim/share/interbotix_common_sim/local_setup.bash
[0.709s] -- Installing: /home/my11/interbotix_ws/install/interbotix_common_sim/share/interbotix_common_sim/local_setup.sh
[0.709s] -- Installing: /home/my11/interbotix_ws/install/interbotix_common_sim/share/interbotix_common_sim/local_setup.zsh
[0.709s] -- Installing: /home/my11/interbotix_ws/install/interbotix_common_sim/share/interbotix_common_sim/local_setup.dsv
[0.709s] -- Installing: /home/my11/interbotix_ws/install/interbotix_common_sim/share/interbotix_common_sim/package.dsv
[0.709s] -- Installing: /home/my11/interbotix_ws/install/interbotix_common_sim/share/ament_index/resource_index/packages/interbotix_common_sim
[0.709s] -- Installing: /home/my11/interbotix_ws/install/interbotix_common_sim/share/interbotix_common_sim/cmake/interbotix_common_simConfig.cmake
[0.709s] -- Installing: /home/my11/interbotix_ws/install/interbotix_common_sim/share/interbotix_common_sim/cmake/interbotix_common_simConfig-version.cmake
[0.710s] -- Installing: /home/my11/interbotix_ws/install/interbotix_common_sim/share/interbotix_common_sim/package.xml
[0.711s] Invoked command in '/home/my11/interbotix_ws/build/interbotix_common_sim' returned '0': CMAKE_PREFIX_PATH=${CMAKE_PREFIX_PATH}:/home/my11/ros2_ws/install/opencv_test_py:/opt/ros/humble /usr/bin/cmake --install /home/my11/interbotix_ws/build/interbotix_common_sim
