[0.000000] (-) TimerEvent: {}
[0.000039] (-) JobUnselected: {'identifier': 'dynamixel_workbench_toolbox'}
[0.000087] (-) JobUnselected: {'identifier': 'interbotix_common_modules'}
[0.000173] (-) JobUnselected: {'identifier': 'interbotix_common_sim'}
[0.000313] (-) JobUnselected: {'identifier': 'interbotix_common_toolbox'}
[0.000372] (-) JobUnselected: {'identifier': 'interbotix_gravity_compensation'}
[0.000434] (-) JobUnselected: {'identifier': 'interbotix_moveit_interface'}
[0.000458] (-) JobUnselected: {'identifier': 'interbotix_moveit_interface_msgs'}
[0.000472] (-) JobUnselected: {'identifier': 'interbotix_perception_modules'}
[0.000485] (-) JobUnselected: {'identifier': 'interbotix_perception_msgs'}
[0.000503] (-) JobUnselected: {'identifier': 'interbotix_perception_pipelines'}
[0.000520] (-) JobUnselected: {'identifier': 'interbotix_perception_toolbox'}
[0.000527] (-) JobUnselected: {'identifier': 'interbotix_ros_xsarms'}
[0.000536] (-) JobUnselected: {'identifier': 'interbotix_ros_xsarms_examples'}
[0.000543] (-) JobUnselected: {'identifier': 'interbotix_ros_xseries'}
[0.000556] (-) JobUnselected: {'identifier': 'interbotix_tf_tools'}
[0.000569] (-) JobUnselected: {'identifier': 'interbotix_xs_driver'}
[0.000576] (-) JobUnselected: {'identifier': 'interbotix_xs_modules'}
[0.000607] (-) JobUnselected: {'identifier': 'interbotix_xs_msgs'}
[0.000621] (-) JobUnselected: {'identifier': 'interbotix_xs_ros_control'}
[0.000639] (-) JobUnselected: {'identifier': 'interbotix_xs_rviz'}
[0.000645] (-) JobUnselected: {'identifier': 'interbotix_xs_sdk'}
[0.000651] (-) JobUnselected: {'identifier': 'interbotix_xs_toolbox'}
[0.000657] (-) JobUnselected: {'identifier': 'interbotix_xsarm_control'}
[0.000663] (-) JobUnselected: {'identifier': 'interbotix_xsarm_descriptions'}
[0.000670] (-) JobUnselected: {'identifier': 'interbotix_xsarm_dual'}
[0.000676] (-) JobUnselected: {'identifier': 'interbotix_xsarm_gravity_compensation'}
[0.000682] (-) JobUnselected: {'identifier': 'interbotix_xsarm_joy'}
[0.000688] (-) JobUnselected: {'identifier': 'interbotix_xsarm_moveit'}
[0.000694] (-) JobUnselected: {'identifier': 'interbotix_xsarm_moveit_interface'}
[0.000700] (-) JobUnselected: {'identifier': 'interbotix_xsarm_perception'}
[0.000706] (-) JobUnselected: {'identifier': 'interbotix_xsarm_puppet'}
[0.000712] (-) JobUnselected: {'identifier': 'interbotix_xsarm_ros_control'}
[0.000718] (-) JobUnselected: {'identifier': 'interbotix_xsarm_sim'}
[0.000725] (-) JobUnselected: {'identifier': 'moveit_visual_tools'}
[0.000748] (-) JobUnselected: {'identifier': 'widowx_custom_perception'}
[0.000794] (widowx_custom_msgs) JobQueued: {'identifier': 'widowx_custom_msgs', 'dependencies': OrderedDict()}
[0.000803] (widowx_custom_msgs) JobStarted: {'identifier': 'widowx_custom_msgs'}
[0.008466] (widowx_custom_msgs) JobProgress: {'identifier': 'widowx_custom_msgs', 'progress': 'cmake'}
[0.008606] (widowx_custom_msgs) Command: {'cmd': ['/home/my11/.local/bin/cmake', '/home/my11/interbotix_ws/src/widowx_custom_msgs', '-DAMENT_CMAKE_SYMLINK_INSTALL=1', '-DCMAKE_INSTALL_PREFIX=/home/my11/interbotix_ws/install/widowx_custom_msgs'], 'cwd': '/home/my11/interbotix_ws/build/widowx_custom_msgs', 'env': OrderedDict([('LESSOPEN', '| /usr/bin/lesspipe %s'), ('VSCODE_CWD', '/home/my11'), ('VSCODE_ESM_ENTRYPOINT', 'vs/workbench/api/node/extensionHostProcess'), ('LANGUAGE', 'zh_CN:zh'), ('USER', 'my11'), ('LC_TIME', 'en_US.UTF-8'), ('VSCODE_NLS_CONFIG', '{"userLocale":"zh-cn","osLocale":"zh-cn","resolvedLanguage":"zh-cn","defaultMessagesFile":"/usr/share/cursor/resources/app/out/nls.messages.json","languagePack":{"translationsConfigFile":"/home/my11/.config/Cursor/clp/6fe284ae87274d9cb2cdffc89b193492.zh-cn/tcf.json","messagesFile":"/home/my11/.config/Cursor/clp/6fe284ae87274d9cb2cdffc89b193492.zh-cn/25412918da7e74b2686b25d62da1f01cfcd27680/nls.messages.json","corruptMarkerFile":"/home/my11/.config/Cursor/clp/6fe284ae87274d9cb2cdffc89b193492.zh-cn/corrupted.info"},"locale":"zh-cn","availableLanguages":{"*":"zh-cn"},"_languagePackId":"6fe284ae87274d9cb2cdffc89b193492.zh-cn","_languagePackSupport":true,"_translationsConfigFile":"/home/my11/.config/Cursor/clp/6fe284ae87274d9cb2cdffc89b193492.zh-cn/tcf.json","_cacheRoot":"/home/my11/.config/Cursor/clp/6fe284ae87274d9cb2cdffc89b193492.zh-cn","_resolvedLanguagePackCoreLocation":"/home/my11/.config/Cursor/clp/6fe284ae87274d9cb2cdffc89b193492.zh-cn/25412918da7e74b2686b25d62da1f01cfcd27680","_corruptedFile":"/home/my11/.config/Cursor/clp/6fe284ae87274d9cb2cdffc89b193492.zh-cn/corrupted.info"}'), ('VSCODE_HANDLES_UNCAUGHT_ERRORS', 'true'), ('XDG_SESSION_TYPE', 'x11'), ('SHLVL', '2'), ('LD_LIBRARY_PATH', '/home/my11/interbotix_ws/install/moveit_visual_tools/lib:/home/my11/interbotix_ws/install/interbotix_xs_rviz/lib:/home/my11/interbotix_ws/install/interbotix_xs_ros_control/lib:/home/my11/interbotix_ws/install/interbotix_xs_msgs/lib:/home/my11/interbotix_ws/install/interbotix_xs_driver/lib:/home/my11/interbotix_ws/install/interbotix_tf_tools/lib:/home/my11/interbotix_ws/install/interbotix_perception_msgs/lib:/home/my11/interbotix_ws/install/interbotix_moveit_interface_msgs/lib:/home/my11/interbotix_ws/install/dynamixel_workbench_toolbox/lib:/home/my11/apriltag_ws/install/apriltag_ros/lib:/usr/lib/x86_64-linux-gnu/gazebo-11/plugins:/opt/ros/humble/opt/rviz_ogre_vendor/lib:/opt/ros/humble/lib/x86_64-linux-gnu:/opt/ros/humble/lib::/usr/share/gazebo/../../lib/x86_64-linux-gnu/gazebo-11/plugins::/usr/share/gazebo/../../lib/x86_64-linux-gnu/gazebo-11/plugins:/usr/share/gazebo/../../lib/x86_64-linux-gnu/gazebo-11/plugins::/usr/share/gazebo/../../lib/x86_64-linux-gnu/gazebo-11/plugins:/usr/share/gazebo/../../lib/x86_64-linux-gnu/gazebo-11/plugins:/usr/share/gazebo/../../lib/x86_64-linux-gnu/gazebo-11/plugins::/usr/share/gazebo/../../lib/x86_64-linux-gnu/gazebo-11/plugins:/usr/share/gazebo/../../lib/x86_64-linux-gnu/gazebo-11/plugins:/usr/share/gazebo/../../lib/x86_64-linux-gnu/gazebo-11/plugins:/usr/share/gazebo/../../lib/x86_64-linux-gnu/gazebo-11/plugins:'), ('HOME', '/home/my11'), ('CHROME_DESKTOP', 'cursor.desktop'), ('CONDA_SHLVL', '0'), ('OLDPWD', '/home/my11/interbotix_ws/src/widowx_custom_perception'), ('DESKTOP_SESSION', 'ubuntu'), ('VSCODE_IPC_HOOK', '/run/user/1000/vscode-e095de6f-2.0.-main.sock'), ('GAZEBO_MASTER_URI', 'http://localhost:11345'), ('ROS_PYTHON_VERSION', '3'), ('GNOME_SHELL_SESSION_MODE', 'ubuntu'), ('GTK_MODULES', 'gail:atk-bridge'), ('LC_MONETARY', 'en_US.UTF-8'), ('ROS_IP', '130.215.219.67'), ('SYSTEMD_EXEC_PID', '2288'), ('NO_COLOR', '1'), ('DBUS_SESSION_BUS_ADDRESS', 'unix:path=/run/user/1000/bus'), ('COLORTERM', 'truecolor'), ('_CE_M', ''), ('VSCODE_CRASH_REPORTER_PROCESS_TYPE', 'extensionHost'), ('VSCODE_L10N_BUNDLE_LOCATION', 'file:///home/my11/.cursor/extensions/ms-ceintl.vscode-language-pack-zh-hans-1.99.0-universal/translations/extensions/vscode.markdown-language-features.i18n.json'), ('COLCON_PREFIX_PATH', '/home/my11/interbotix_ws/install:/home/my11/apriltag_ws/install:/home/my11/ros2_ws/install'), ('ROS_DISTRO', 'humble'), ('GTK_IM_MODULE', 'ibus'), ('LOGNAME', 'my11'), ('FORCE_COLOR', '0'), ('_', '/usr/bin/colcon'), ('ROS_VERSION', '2'), ('XDG_SESSION_CLASS', 'user'), ('USERNAME', 'my11'), ('TERM', 'dumb'), ('GAZEBO_MODEL_PATH', '/usr/share/gazebo/../../share/gazebo-11/models:/usr/share/gazebo/../../share/gazebo-11/models:/home/my11/ros2_ws/install/rrbot_description/share:/usr/share/gazebo/../../share/gazebo-11/models:/usr/share/gazebo/../../share/gazebo-11/models:'), ('GNOME_DESKTOP_SESSION_ID', 'this-is-deprecated'), ('_CE_CONDA', ''), ('ROS_LOCALHOST_ONLY', '0'), ('COMPOSER_NO_INTERACTION', '1'), ('WINDOWPATH', '2'), ('OGRE_RESOURCE_PATH', '/usr/lib/x86_64-linux-gnu/OGRE-1.9.0'), ('PATH', '/home/my11/.local/bin:/home/my11/miniforge3/condabin:/opt/ros/humble/bin:/home/my11/.local/bin:/usr/local/sbin:/usr/local/bin:/usr/sbin:/usr/bin:/sbin:/bin:/usr/games:/usr/local/games:/snap/bin:/snap/bin'), ('SESSION_MANAGER', 'local/my11-Alienware-x16-R1:@/tmp/.ICE-unix/1972,unix/my11-Alienware-x16-R1:/tmp/.ICE-unix/1972'), ('XDG_MENU_PREFIX', 'gnome-'), ('LC_ADDRESS', 'en_US.UTF-8'), ('VSCODE_PROCESS_TITLE', 'extension-host  [1-1]'), ('GNOME_TERMINAL_SCREEN', '/org/gnome/Terminal/screen/29f381a2_7e8f_4680_b7a2_6754c5e1e0d2'), ('XDG_RUNTIME_DIR', '/run/user/1000'), ('GDK_BACKEND', 'x11'), ('CURSOR_AGENT', '1'), ('DISPLAY', ':0'), ('LANG', 'zh_CN.UTF-8'), ('XDG_CURRENT_DESKTOP', 'Unity'), ('LC_TELEPHONE', 'en_US.UTF-8'), ('XMODIFIERS', '@im=ibus'), ('XDG_SESSION_DESKTOP', 'ubuntu'), ('XAUTHORITY', '/run/user/1000/gdm/Xauthority'), ('LS_COLORS', ''), ('GNOME_TERMINAL_SERVICE', ':1.126'), ('CURSOR_TRACE_ID', '193a3ec89c7e4fb298a1b63830eaaec7'), ('SSH_AGENT_LAUNCHER', 'gnome-keyring'), ('SSH_AUTH_SOCK', '/run/user/1000/keyring/ssh'), ('AMENT_PREFIX_PATH', '/home/my11/interbotix_ws/install/interbotix_ros_xsarms_examples:/home/my11/interbotix_ws/install/interbotix_xsarm_moveit_interface:/home/my11/interbotix_ws/install/interbotix_moveit_interface:/home/my11/interbotix_ws/install/moveit_visual_tools:/home/my11/interbotix_ws/install/interbotix_ros_xsarms:/home/my11/interbotix_ws/install/interbotix_xsarm_moveit:/home/my11/interbotix_ws/install/interbotix_xsarm_sim:/home/my11/interbotix_ws/install/interbotix_xsarm_ros_control:/home/my11/interbotix_ws/install/interbotix_xsarm_puppet:/home/my11/interbotix_ws/install/interbotix_xsarm_perception:/home/my11/interbotix_ws/install/interbotix_xsarm_joy:/home/my11/interbotix_ws/install/interbotix_xsarm_gravity_compensation:/home/my11/interbotix_ws/install/interbotix_xsarm_dual:/home/my11/interbotix_ws/install/interbotix_xsarm_control:/home/my11/interbotix_ws/install/interbotix_xsarm_descriptions:/home/my11/interbotix_ws/install/interbotix_xs_toolbox:/home/my11/interbotix_ws/install/interbotix_xs_rviz:/home/my11/interbotix_ws/install/interbotix_xs_modules:/home/my11/interbotix_ws/install/interbotix_ros_xseries:/home/my11/interbotix_ws/install/interbotix_xs_sdk:/home/my11/interbotix_ws/install/interbotix_xs_ros_control:/home/my11/interbotix_ws/install/interbotix_perception_toolbox:/home/my11/interbotix_ws/install/interbotix_perception_modules:/home/my11/interbotix_ws/install/interbotix_common_toolbox:/home/my11/interbotix_ws/install/interbotix_gravity_compensation:/home/my11/interbotix_ws/install/interbotix_xs_msgs:/home/my11/interbotix_ws/install/interbotix_xs_driver:/home/my11/interbotix_ws/install/interbotix_tf_tools:/home/my11/interbotix_ws/install/interbotix_perception_pipelines:/home/my11/interbotix_ws/install/interbotix_perception_msgs:/home/my11/interbotix_ws/install/interbotix_moveit_interface_msgs:/home/my11/interbotix_ws/install/interbotix_common_sim:/home/my11/interbotix_ws/install/interbotix_common_modules:/home/my11/interbotix_ws/install/dynamixel_workbench_toolbox:/home/my11/apriltag_ws/install/apriltag_ros:/home/my11/ros2_ws/install/rrbot_gazebo:/home/my11/ros2_ws/install/rrbot_description:/home/my11/ros2_ws/install/plate_description:/home/my11/ros2_ws/install/opencv_test_py:/opt/ros/humble'), ('CURSOR_CLI_MODE', 'local'), ('CONDA_PYTHON_EXE', '/home/my11/miniforge3/bin/python'), ('ORIGINAL_XDG_CURRENT_DESKTOP', 'ubuntu:GNOME'), ('SHELL', '/bin/bash'), ('LC_NAME', 'en_US.UTF-8'), ('QT_ACCESSIBILITY', '1'), ('CURSOR_CLI', 'ELECTRON_RUN_AS_NODE=1 "/usr/share/cursor/bin/../cursor" "/usr/share/cursor/bin/../resources/app/out/cli.js"'), ('GDMSESSION', 'ubuntu'), ('LESSCLOSE', '/usr/bin/lesspipe %s %s'), ('LC_MEASUREMENT', 'en_US.UTF-8'), ('GPG_AGENT_INFO', '/run/user/1000/gnupg/S.gpg-agent:0:1'), ('GAZEBO_RESOURCE_PATH', '/usr/share/gazebo/../../share/gazebo-11:/usr/share/gazebo/../../share/gazebo-11:/usr/share/gazebo/../../share/gazebo-11:/usr/share/gazebo/../../share/gazebo-11:'), ('LC_IDENTIFICATION', 'en_US.UTF-8'), ('GAZEBO_MODEL_DATABASE_URI', 'http://models.gazebosim.org'), ('QT_IM_MODULE', 'ibus'), ('PWD', '/home/my11/interbotix_ws/build/widowx_custom_msgs'), ('VSCODE_CLI', '1'), ('XDG_CONFIG_DIRS', '/etc/xdg/xdg-ubuntu:/etc/xdg'), ('CONDA_EXE', '/home/my11/miniforge3/bin/conda'), ('VSCODE_CODE_CACHE_PATH', '/home/my11/.config/Cursor/CachedData/25412918da7e74b2686b25d62da1f01cfcd27680'), ('GAZEBO_PLUGIN_PATH', '/usr/share/gazebo/../../lib/x86_64-linux-gnu/gazebo-11/plugins:/usr/share/gazebo/../../lib/x86_64-linux-gnu/gazebo-11/plugins:/usr/share/gazebo/../../lib/x86_64-linux-gnu/gazebo-11/plugins:/usr/share/gazebo/../../lib/x86_64-linux-gnu/gazebo-11/plugins:'), ('XDG_DATA_DIRS', '/usr/share/ubuntu:/usr/share/gnome:/usr/local/share/:/usr/share/:/var/lib/snapd/desktop'), ('PYTHONPATH', '/home/my11/interbotix_ws/install/interbotix_xs_modules/lib/python3.10/site-packages:/home/my11/interbotix_ws/install/interbotix_perception_modules/lib/python3.10/site-packages:/home/my11/interbotix_ws/install/interbotix_xs_msgs/local/lib/python3.10/dist-packages:/home/my11/interbotix_ws/install/interbotix_perception_msgs/local/lib/python3.10/dist-packages:/home/my11/interbotix_ws/install/interbotix_moveit_interface_msgs/local/lib/python3.10/dist-packages:/home/my11/interbotix_ws/install/interbotix_common_modules/lib/python3.10/site-packages:/home/my11/apriltag_ws/install/apriltag_ros/local/lib/python3.10/dist-packages:/home/my11/ros2_ws/install/opencv_test_py/lib/python3.10/site-packages:/opt/ros/humble/lib/python3.10/site-packages:/opt/ros/humble/local/lib/python3.10/dist-packages'), ('LC_NUMERIC', 'en_US.UTF-8'), ('LC_PAPER', 'en_US.UTF-8'), ('COLCON', '1'), ('VTE_VERSION', '6800'), ('ELECTRON_NO_ATTACH_CONSOLE', '1'), ('CMAKE_PREFIX_PATH', '/home/my11/interbotix_ws/install/interbotix_ros_xsarms_examples:/home/my11/interbotix_ws/install/interbotix_xsarm_moveit_interface:/home/my11/interbotix_ws/install/interbotix_moveit_interface:/home/my11/interbotix_ws/install/moveit_visual_tools:/home/my11/interbotix_ws/install/interbotix_ros_xsarms:/home/my11/interbotix_ws/install/interbotix_xsarm_moveit:/home/my11/interbotix_ws/install/interbotix_xsarm_sim:/home/my11/interbotix_ws/install/interbotix_xsarm_ros_control:/home/my11/interbotix_ws/install/interbotix_xsarm_puppet:/home/my11/interbotix_ws/install/interbotix_xsarm_perception:/home/my11/interbotix_ws/install/interbotix_xsarm_joy:/home/my11/interbotix_ws/install/interbotix_xsarm_gravity_compensation:/home/my11/interbotix_ws/install/interbotix_xsarm_dual:/home/my11/interbotix_ws/install/interbotix_xsarm_control:/home/my11/interbotix_ws/install/interbotix_xsarm_descriptions:/home/my11/interbotix_ws/install/interbotix_xs_toolbox:/home/my11/interbotix_ws/install/interbotix_xs_rviz:/home/my11/interbotix_ws/install/interbotix_ros_xseries:/home/my11/interbotix_ws/install/interbotix_xs_sdk:/home/my11/interbotix_ws/install/interbotix_xs_ros_control:/home/my11/interbotix_ws/install/interbotix_perception_toolbox:/home/my11/interbotix_ws/install/interbotix_common_toolbox:/home/my11/interbotix_ws/install/interbotix_gravity_compensation:/home/my11/interbotix_ws/install/interbotix_xs_msgs:/home/my11/interbotix_ws/install/interbotix_xs_driver:/home/my11/interbotix_ws/install/interbotix_tf_tools:/home/my11/interbotix_ws/install/interbotix_perception_pipelines:/home/my11/interbotix_ws/install/interbotix_perception_msgs:/home/my11/interbotix_ws/install/interbotix_moveit_interface_msgs:/home/my11/interbotix_ws/install/interbotix_common_sim:/home/my11/interbotix_ws/install/dynamixel_workbench_toolbox:/home/my11/apriltag_ws/install/apriltag_ros:/home/my11/ros2_ws/install/rrbot_gazebo:/home/my11/ros2_ws/install/rrbot_description:/home/my11/ros2_ws/install/plate_description:/home/my11/interbotix_ws/install/interbotix_xs_modules:/home/my11/interbotix_ws/install/interbotix_perception_modules:/home/my11/interbotix_ws/install/interbotix_common_modules:/home/my11/ros2_ws/install/opencv_test_py:/opt/ros/humble'), ('VSCODE_PID', '9371')]), 'shell': False}
[0.059437] (widowx_custom_msgs) StderrLine: {'line': b'CMake Deprecation Warning at CMakeLists.txt:1 (cmake_minimum_required):\n'}
[0.059615] (widowx_custom_msgs) StderrLine: {'line': b'  Compatibility with CMake < 3.10 will be removed from a future version of\n'}
[0.059679] (widowx_custom_msgs) StderrLine: {'line': b'  CMake.\n'}
[0.059740] (widowx_custom_msgs) StderrLine: {'line': b'\n'}
[0.059799] (widowx_custom_msgs) StderrLine: {'line': b'  Update the VERSION argument <min> value.  Or, use the <min>...<max> syntax\n'}
[0.059854] (widowx_custom_msgs) StderrLine: {'line': b'  to tell CMake that the project requires at least <min> but has been updated\n'}
[0.059910] (widowx_custom_msgs) StderrLine: {'line': b'  to work with policies introduced by <max> or earlier.\n'}
[0.059966] (widowx_custom_msgs) StderrLine: {'line': b'\n'}
[0.060024] (widowx_custom_msgs) StderrLine: {'line': b'\n'}
[0.099999] (-) TimerEvent: {}
[0.147635] (widowx_custom_msgs) StdoutLine: {'line': b'-- The C compiler identification is GNU 11.4.0\n'}
[0.200155] (-) TimerEvent: {}
[0.254850] (widowx_custom_msgs) StdoutLine: {'line': b'-- The CXX compiler identification is GNU 11.4.0\n'}
[0.270712] (widowx_custom_msgs) StdoutLine: {'line': b'-- Detecting C compiler ABI info\n'}
[0.300311] (-) TimerEvent: {}
[0.363606] (widowx_custom_msgs) StdoutLine: {'line': b'-- Detecting C compiler ABI info - done\n'}
[0.383510] (widowx_custom_msgs) StdoutLine: {'line': b'-- Check for working C compiler: /usr/bin/cc - skipped\n'}
[0.383838] (widowx_custom_msgs) StdoutLine: {'line': b'-- Detecting C compile features\n'}
[0.384311] (widowx_custom_msgs) StdoutLine: {'line': b'-- Detecting C compile features - done\n'}
[0.400476] (-) TimerEvent: {}
[0.401443] (widowx_custom_msgs) StdoutLine: {'line': b'-- Detecting CXX compiler ABI info\n'}
[0.500710] (-) TimerEvent: {}
[0.505431] (widowx_custom_msgs) StdoutLine: {'line': b'-- Detecting CXX compiler ABI info - done\n'}
[0.516204] (widowx_custom_msgs) StdoutLine: {'line': b'-- Check for working CXX compiler: /usr/bin/c++ - skipped\n'}
[0.516401] (widowx_custom_msgs) StdoutLine: {'line': b'-- Detecting CXX compile features\n'}
[0.516715] (widowx_custom_msgs) StdoutLine: {'line': b'-- Detecting CXX compile features - done\n'}
[0.528605] (widowx_custom_msgs) StdoutLine: {'line': b'-- Found ament_cmake: 1.3.10 (/opt/ros/humble/share/ament_cmake/cmake)\n'}
[0.600967] (-) TimerEvent: {}
[0.676124] (widowx_custom_msgs) StdoutLine: {'line': b'-- Found Python3: /usr/bin/python3 (found version "3.10.12") found components: Interpreter\n'}
[0.701216] (-) TimerEvent: {}
[0.734425] (widowx_custom_msgs) StdoutLine: {'line': b'-- Override CMake install command with custom implementation using symlinks instead of copying resources\n'}
[0.797179] (widowx_custom_msgs) StdoutLine: {'line': b'-- Found rosidl_default_generators: 1.2.0 (/opt/ros/humble/share/rosidl_default_generators/cmake)\n'}
[0.801309] (-) TimerEvent: {}
[0.805585] (widowx_custom_msgs) StdoutLine: {'line': b'-- Using all available rosidl_typesupport_c: rosidl_typesupport_fastrtps_c;rosidl_typesupport_introspection_c\n'}
[0.818351] (widowx_custom_msgs) StdoutLine: {'line': b'-- Found rosidl_adapter: 3.1.5 (/opt/ros/humble/share/rosidl_adapter/cmake)\n'}
[0.886956] (widowx_custom_msgs) StdoutLine: {'line': b'-- Using all available rosidl_typesupport_cpp: rosidl_typesupport_fastrtps_cpp;rosidl_typesupport_introspection_cpp\n'}
[0.901516] (-) TimerEvent: {}
[0.961045] (widowx_custom_msgs) StdoutLine: {'line': b'-- Found std_msgs: 4.2.4 (/opt/ros/humble/share/std_msgs/cmake)\n'}
[0.995556] (widowx_custom_msgs) StdoutLine: {'line': b'-- Found geometry_msgs: 4.2.4 (/opt/ros/humble/share/geometry_msgs/cmake)\n'}
[1.001704] (-) TimerEvent: {}
[1.014952] (widowx_custom_msgs) StdoutLine: {'line': b'-- Found sensor_msgs: 4.2.4 (/opt/ros/humble/share/sensor_msgs/cmake)\n'}
[1.101840] (-) TimerEvent: {}
[1.202056] (-) TimerEvent: {}
[1.302375] (-) TimerEvent: {}
[1.402608] (-) TimerEvent: {}
[1.490342] (widowx_custom_msgs) StdoutLine: {'line': b'-- Found ament_cmake_ros: 0.10.0 (/opt/ros/humble/share/ament_cmake_ros/cmake)\n'}
[1.502834] (-) TimerEvent: {}
[1.602988] (-) TimerEvent: {}
[1.703192] (-) TimerEvent: {}
[1.803484] (-) TimerEvent: {}
[1.903717] (-) TimerEvent: {}
[1.992675] (widowx_custom_msgs) StdoutLine: {'line': b'-- Using all available rosidl_typesupport_c: rosidl_typesupport_fastrtps_c;rosidl_typesupport_introspection_c\n'}
[2.003776] (-) TimerEvent: {}
[2.103982] (-) TimerEvent: {}
[2.204142] (-) TimerEvent: {}
[2.304302] (-) TimerEvent: {}
[2.404479] (-) TimerEvent: {}
[2.504668] (-) TimerEvent: {}
[2.604851] (-) TimerEvent: {}
[2.641879] (widowx_custom_msgs) StdoutLine: {'line': b'-- Using all available rosidl_typesupport_cpp: rosidl_typesupport_fastrtps_cpp;rosidl_typesupport_introspection_cpp\n'}
[2.652367] (widowx_custom_msgs) StderrLine: {'line': b'CMake Warning (dev) at /opt/ros/humble/share/rosidl_generator_py/cmake/rosidl_generator_py_generate_interfaces.cmake:20 (find_package):\n'}
[2.652790] (widowx_custom_msgs) StderrLine: {'line': b'  Policy CMP0148 is not set: The FindPythonInterp and FindPythonLibs modules\n'}
[2.653000] (widowx_custom_msgs) StderrLine: {'line': b'  are removed.  Run "cmake --help-policy CMP0148" for policy details.  Use\n'}
[2.653168] (widowx_custom_msgs) StderrLine: {'line': b'  the cmake_policy command to set the policy and suppress this warning.\n'}
[2.653334] (widowx_custom_msgs) StderrLine: {'line': b'\n'}
[2.653493] (widowx_custom_msgs) StderrLine: {'line': b'Call Stack (most recent call first):\n'}
[2.653651] (widowx_custom_msgs) StderrLine: {'line': b'  /opt/ros/humble/share/ament_cmake_core/cmake/core/ament_execute_extensions.cmake:48 (include)\n'}
[2.653832] (widowx_custom_msgs) StderrLine: {'line': b'  /opt/ros/humble/share/rosidl_cmake/cmake/rosidl_generate_interfaces.cmake:286 (ament_execute_extensions)\n'}
[2.653992] (widowx_custom_msgs) StderrLine: {'line': b'  CMakeLists.txt:19 (rosidl_generate_interfaces)\n'}
[2.654141] (widowx_custom_msgs) StderrLine: {'line': b'This warning is for project developers.  Use -Wno-dev to suppress it.\n'}
[2.654285] (widowx_custom_msgs) StderrLine: {'line': b'\n'}
[2.686436] (widowx_custom_msgs) StdoutLine: {'line': b'-- Found PythonInterp: /usr/bin/python3 (found suitable version "3.10.12", minimum required is "3.6")\n'}
[2.690428] (widowx_custom_msgs) StdoutLine: {'line': b'-- Found python_cmake_module: 0.10.0 (/opt/ros/humble/share/python_cmake_module/cmake)\n'}
[2.691259] (widowx_custom_msgs) StderrLine: {'line': b'CMake Warning (dev) at /opt/ros/humble/share/python_cmake_module/cmake/Modules/FindPythonExtra.cmake:52 (find_package):\n'}
[2.691358] (widowx_custom_msgs) StderrLine: {'line': b'  Policy CMP0148 is not set: The FindPythonInterp and FindPythonLibs modules\n'}
[2.691427] (widowx_custom_msgs) StderrLine: {'line': b'  are removed.  Run "cmake --help-policy CMP0148" for policy details.  Use\n'}
[2.691488] (widowx_custom_msgs) StderrLine: {'line': b'  the cmake_policy command to set the policy and suppress this warning.\n'}
[2.691540] (widowx_custom_msgs) StderrLine: {'line': b'\n'}
[2.691592] (widowx_custom_msgs) StderrLine: {'line': b'Call Stack (most recent call first):\n'}
[2.691644] (widowx_custom_msgs) StderrLine: {'line': b'  /opt/ros/humble/share/rosidl_generator_py/cmake/rosidl_generator_py_generate_interfaces.cmake:23 (find_package)\n'}
[2.691695] (widowx_custom_msgs) StderrLine: {'line': b'  /opt/ros/humble/share/ament_cmake_core/cmake/core/ament_execute_extensions.cmake:48 (include)\n'}
[2.691752] (widowx_custom_msgs) StderrLine: {'line': b'  /opt/ros/humble/share/rosidl_cmake/cmake/rosidl_generate_interfaces.cmake:286 (ament_execute_extensions)\n'}
[2.691805] (widowx_custom_msgs) StderrLine: {'line': b'  CMakeLists.txt:19 (rosidl_generate_interfaces)\n'}
[2.691860] (widowx_custom_msgs) StderrLine: {'line': b'This warning is for project developers.  Use -Wno-dev to suppress it.\n'}
[2.691918] (widowx_custom_msgs) StderrLine: {'line': b'\n'}
[2.704940] (-) TimerEvent: {}
[2.715131] (widowx_custom_msgs) StderrLine: {'line': b'CMake Warning (dev) at /opt/ros/humble/share/python_cmake_module/cmake/Modules/FindPythonExtra.cmake:140 (find_package):\n'}
[2.715281] (widowx_custom_msgs) StderrLine: {'line': b'  Policy CMP0148 is not set: The FindPythonInterp and FindPythonLibs modules\n'}
[2.715339] (widowx_custom_msgs) StderrLine: {'line': b'  are removed.  Run "cmake --help-policy CMP0148" for policy details.  Use\n'}
[2.715393] (widowx_custom_msgs) StderrLine: {'line': b'  the cmake_policy command to set the policy and suppress this warning.\n'}
[2.715453] (widowx_custom_msgs) StderrLine: {'line': b'\n'}
[2.715505] (widowx_custom_msgs) StderrLine: {'line': b'Call Stack (most recent call first):\n'}
[2.715558] (widowx_custom_msgs) StderrLine: {'line': b'  /opt/ros/humble/share/rosidl_generator_py/cmake/rosidl_generator_py_generate_interfaces.cmake:23 (find_package)\n'}
[2.715610] (widowx_custom_msgs) StderrLine: {'line': b'  /opt/ros/humble/share/ament_cmake_core/cmake/core/ament_execute_extensions.cmake:48 (include)\n'}
[2.715660] (widowx_custom_msgs) StderrLine: {'line': b'  /opt/ros/humble/share/rosidl_cmake/cmake/rosidl_generate_interfaces.cmake:286 (ament_execute_extensions)\n'}
[2.715711] (widowx_custom_msgs) StderrLine: {'line': b'  CMakeLists.txt:19 (rosidl_generate_interfaces)\n'}
[2.715771] (widowx_custom_msgs) StderrLine: {'line': b'This warning is for project developers.  Use -Wno-dev to suppress it.\n'}
[2.715823] (widowx_custom_msgs) StderrLine: {'line': b'\n'}
[2.724069] (widowx_custom_msgs) StdoutLine: {'line': b'-- Found PythonLibs: /usr/lib/x86_64-linux-gnu/libpython3.10.so (found suitable version "3.10.12", minimum required is "3.5")\n'}
[2.724253] (widowx_custom_msgs) StdoutLine: {'line': b'-- Using PYTHON_EXECUTABLE: /usr/bin/python3\n'}
[2.724312] (widowx_custom_msgs) StdoutLine: {'line': b'-- Using PYTHON_INCLUDE_DIRS: /usr/include/python3.10\n'}
[2.724364] (widowx_custom_msgs) StdoutLine: {'line': b'-- Using PYTHON_LIBRARIES: /usr/lib/x86_64-linux-gnu/libpython3.10.so\n'}
[2.744470] (widowx_custom_msgs) StdoutLine: {'line': b'-- Found PythonExtra: .so\n'}
[2.805074] (-) TimerEvent: {}
[2.825424] (widowx_custom_msgs) StdoutLine: {'line': b'-- Found ament_lint_auto: 0.12.14 (/opt/ros/humble/share/ament_lint_auto/cmake)\n'}
[2.867042] (widowx_custom_msgs) StdoutLine: {'line': b"-- Added test 'copyright' to check source files copyright and LICENSE\n"}
[2.868879] (widowx_custom_msgs) StdoutLine: {'line': b"-- Added test 'lint_cmake' to check CMake code style\n"}
[2.870449] (widowx_custom_msgs) StdoutLine: {'line': b"-- Added test 'xmllint' to check XML markup files\n"}
[2.874485] (widowx_custom_msgs) StdoutLine: {'line': b'-- Configuring done (2.8s)\n'}
[2.898195] (widowx_custom_msgs) StdoutLine: {'line': b'-- Generating done (0.0s)\n'}
[2.898516] (widowx_custom_msgs) StdoutLine: {'line': b'-- Build files have been written to: /home/my11/interbotix_ws/build/widowx_custom_msgs\n'}
[2.905012] (widowx_custom_msgs) CommandEnded: {'returncode': 0}
[2.905241] (-) TimerEvent: {}
[2.905260] (widowx_custom_msgs) JobProgress: {'identifier': 'widowx_custom_msgs', 'progress': 'build'}
[2.905270] (widowx_custom_msgs) Command: {'cmd': ['/home/my11/.local/bin/cmake', '--build', '/home/my11/interbotix_ws/build/widowx_custom_msgs', '--', '-j20', '-l20'], 'cwd': '/home/my11/interbotix_ws/build/widowx_custom_msgs', 'env': OrderedDict([('LESSOPEN', '| /usr/bin/lesspipe %s'), ('VSCODE_CWD', '/home/my11'), ('VSCODE_ESM_ENTRYPOINT', 'vs/workbench/api/node/extensionHostProcess'), ('LANGUAGE', 'zh_CN:zh'), ('USER', 'my11'), ('LC_TIME', 'en_US.UTF-8'), ('VSCODE_NLS_CONFIG', '{"userLocale":"zh-cn","osLocale":"zh-cn","resolvedLanguage":"zh-cn","defaultMessagesFile":"/usr/share/cursor/resources/app/out/nls.messages.json","languagePack":{"translationsConfigFile":"/home/my11/.config/Cursor/clp/6fe284ae87274d9cb2cdffc89b193492.zh-cn/tcf.json","messagesFile":"/home/my11/.config/Cursor/clp/6fe284ae87274d9cb2cdffc89b193492.zh-cn/25412918da7e74b2686b25d62da1f01cfcd27680/nls.messages.json","corruptMarkerFile":"/home/my11/.config/Cursor/clp/6fe284ae87274d9cb2cdffc89b193492.zh-cn/corrupted.info"},"locale":"zh-cn","availableLanguages":{"*":"zh-cn"},"_languagePackId":"6fe284ae87274d9cb2cdffc89b193492.zh-cn","_languagePackSupport":true,"_translationsConfigFile":"/home/my11/.config/Cursor/clp/6fe284ae87274d9cb2cdffc89b193492.zh-cn/tcf.json","_cacheRoot":"/home/my11/.config/Cursor/clp/6fe284ae87274d9cb2cdffc89b193492.zh-cn","_resolvedLanguagePackCoreLocation":"/home/my11/.config/Cursor/clp/6fe284ae87274d9cb2cdffc89b193492.zh-cn/25412918da7e74b2686b25d62da1f01cfcd27680","_corruptedFile":"/home/my11/.config/Cursor/clp/6fe284ae87274d9cb2cdffc89b193492.zh-cn/corrupted.info"}'), ('VSCODE_HANDLES_UNCAUGHT_ERRORS', 'true'), ('XDG_SESSION_TYPE', 'x11'), ('SHLVL', '2'), ('LD_LIBRARY_PATH', '/home/my11/interbotix_ws/install/moveit_visual_tools/lib:/home/my11/interbotix_ws/install/interbotix_xs_rviz/lib:/home/my11/interbotix_ws/install/interbotix_xs_ros_control/lib:/home/my11/interbotix_ws/install/interbotix_xs_msgs/lib:/home/my11/interbotix_ws/install/interbotix_xs_driver/lib:/home/my11/interbotix_ws/install/interbotix_tf_tools/lib:/home/my11/interbotix_ws/install/interbotix_perception_msgs/lib:/home/my11/interbotix_ws/install/interbotix_moveit_interface_msgs/lib:/home/my11/interbotix_ws/install/dynamixel_workbench_toolbox/lib:/home/my11/apriltag_ws/install/apriltag_ros/lib:/usr/lib/x86_64-linux-gnu/gazebo-11/plugins:/opt/ros/humble/opt/rviz_ogre_vendor/lib:/opt/ros/humble/lib/x86_64-linux-gnu:/opt/ros/humble/lib::/usr/share/gazebo/../../lib/x86_64-linux-gnu/gazebo-11/plugins::/usr/share/gazebo/../../lib/x86_64-linux-gnu/gazebo-11/plugins:/usr/share/gazebo/../../lib/x86_64-linux-gnu/gazebo-11/plugins::/usr/share/gazebo/../../lib/x86_64-linux-gnu/gazebo-11/plugins:/usr/share/gazebo/../../lib/x86_64-linux-gnu/gazebo-11/plugins:/usr/share/gazebo/../../lib/x86_64-linux-gnu/gazebo-11/plugins::/usr/share/gazebo/../../lib/x86_64-linux-gnu/gazebo-11/plugins:/usr/share/gazebo/../../lib/x86_64-linux-gnu/gazebo-11/plugins:/usr/share/gazebo/../../lib/x86_64-linux-gnu/gazebo-11/plugins:/usr/share/gazebo/../../lib/x86_64-linux-gnu/gazebo-11/plugins:'), ('HOME', '/home/my11'), ('CHROME_DESKTOP', 'cursor.desktop'), ('CONDA_SHLVL', '0'), ('OLDPWD', '/home/my11/interbotix_ws/src/widowx_custom_perception'), ('DESKTOP_SESSION', 'ubuntu'), ('VSCODE_IPC_HOOK', '/run/user/1000/vscode-e095de6f-2.0.-main.sock'), ('GAZEBO_MASTER_URI', 'http://localhost:11345'), ('ROS_PYTHON_VERSION', '3'), ('GNOME_SHELL_SESSION_MODE', 'ubuntu'), ('GTK_MODULES', 'gail:atk-bridge'), ('LC_MONETARY', 'en_US.UTF-8'), ('ROS_IP', '130.215.219.67'), ('SYSTEMD_EXEC_PID', '2288'), ('NO_COLOR', '1'), ('DBUS_SESSION_BUS_ADDRESS', 'unix:path=/run/user/1000/bus'), ('COLORTERM', 'truecolor'), ('_CE_M', ''), ('VSCODE_CRASH_REPORTER_PROCESS_TYPE', 'extensionHost'), ('VSCODE_L10N_BUNDLE_LOCATION', 'file:///home/my11/.cursor/extensions/ms-ceintl.vscode-language-pack-zh-hans-1.99.0-universal/translations/extensions/vscode.markdown-language-features.i18n.json'), ('COLCON_PREFIX_PATH', '/home/my11/interbotix_ws/install:/home/my11/apriltag_ws/install:/home/my11/ros2_ws/install'), ('ROS_DISTRO', 'humble'), ('GTK_IM_MODULE', 'ibus'), ('LOGNAME', 'my11'), ('FORCE_COLOR', '0'), ('_', '/usr/bin/colcon'), ('ROS_VERSION', '2'), ('XDG_SESSION_CLASS', 'user'), ('USERNAME', 'my11'), ('TERM', 'dumb'), ('GAZEBO_MODEL_PATH', '/usr/share/gazebo/../../share/gazebo-11/models:/usr/share/gazebo/../../share/gazebo-11/models:/home/my11/ros2_ws/install/rrbot_description/share:/usr/share/gazebo/../../share/gazebo-11/models:/usr/share/gazebo/../../share/gazebo-11/models:'), ('GNOME_DESKTOP_SESSION_ID', 'this-is-deprecated'), ('_CE_CONDA', ''), ('ROS_LOCALHOST_ONLY', '0'), ('COMPOSER_NO_INTERACTION', '1'), ('WINDOWPATH', '2'), ('OGRE_RESOURCE_PATH', '/usr/lib/x86_64-linux-gnu/OGRE-1.9.0'), ('PATH', '/home/my11/.local/bin:/home/my11/miniforge3/condabin:/opt/ros/humble/bin:/home/my11/.local/bin:/usr/local/sbin:/usr/local/bin:/usr/sbin:/usr/bin:/sbin:/bin:/usr/games:/usr/local/games:/snap/bin:/snap/bin'), ('SESSION_MANAGER', 'local/my11-Alienware-x16-R1:@/tmp/.ICE-unix/1972,unix/my11-Alienware-x16-R1:/tmp/.ICE-unix/1972'), ('XDG_MENU_PREFIX', 'gnome-'), ('LC_ADDRESS', 'en_US.UTF-8'), ('VSCODE_PROCESS_TITLE', 'extension-host  [1-1]'), ('GNOME_TERMINAL_SCREEN', '/org/gnome/Terminal/screen/29f381a2_7e8f_4680_b7a2_6754c5e1e0d2'), ('XDG_RUNTIME_DIR', '/run/user/1000'), ('GDK_BACKEND', 'x11'), ('CURSOR_AGENT', '1'), ('DISPLAY', ':0'), ('LANG', 'zh_CN.UTF-8'), ('XDG_CURRENT_DESKTOP', 'Unity'), ('LC_TELEPHONE', 'en_US.UTF-8'), ('XMODIFIERS', '@im=ibus'), ('XDG_SESSION_DESKTOP', 'ubuntu'), ('XAUTHORITY', '/run/user/1000/gdm/Xauthority'), ('LS_COLORS', ''), ('GNOME_TERMINAL_SERVICE', ':1.126'), ('CURSOR_TRACE_ID', '193a3ec89c7e4fb298a1b63830eaaec7'), ('SSH_AGENT_LAUNCHER', 'gnome-keyring'), ('SSH_AUTH_SOCK', '/run/user/1000/keyring/ssh'), ('AMENT_PREFIX_PATH', '/home/my11/interbotix_ws/install/interbotix_ros_xsarms_examples:/home/my11/interbotix_ws/install/interbotix_xsarm_moveit_interface:/home/my11/interbotix_ws/install/interbotix_moveit_interface:/home/my11/interbotix_ws/install/moveit_visual_tools:/home/my11/interbotix_ws/install/interbotix_ros_xsarms:/home/my11/interbotix_ws/install/interbotix_xsarm_moveit:/home/my11/interbotix_ws/install/interbotix_xsarm_sim:/home/my11/interbotix_ws/install/interbotix_xsarm_ros_control:/home/my11/interbotix_ws/install/interbotix_xsarm_puppet:/home/my11/interbotix_ws/install/interbotix_xsarm_perception:/home/my11/interbotix_ws/install/interbotix_xsarm_joy:/home/my11/interbotix_ws/install/interbotix_xsarm_gravity_compensation:/home/my11/interbotix_ws/install/interbotix_xsarm_dual:/home/my11/interbotix_ws/install/interbotix_xsarm_control:/home/my11/interbotix_ws/install/interbotix_xsarm_descriptions:/home/my11/interbotix_ws/install/interbotix_xs_toolbox:/home/my11/interbotix_ws/install/interbotix_xs_rviz:/home/my11/interbotix_ws/install/interbotix_xs_modules:/home/my11/interbotix_ws/install/interbotix_ros_xseries:/home/my11/interbotix_ws/install/interbotix_xs_sdk:/home/my11/interbotix_ws/install/interbotix_xs_ros_control:/home/my11/interbotix_ws/install/interbotix_perception_toolbox:/home/my11/interbotix_ws/install/interbotix_perception_modules:/home/my11/interbotix_ws/install/interbotix_common_toolbox:/home/my11/interbotix_ws/install/interbotix_gravity_compensation:/home/my11/interbotix_ws/install/interbotix_xs_msgs:/home/my11/interbotix_ws/install/interbotix_xs_driver:/home/my11/interbotix_ws/install/interbotix_tf_tools:/home/my11/interbotix_ws/install/interbotix_perception_pipelines:/home/my11/interbotix_ws/install/interbotix_perception_msgs:/home/my11/interbotix_ws/install/interbotix_moveit_interface_msgs:/home/my11/interbotix_ws/install/interbotix_common_sim:/home/my11/interbotix_ws/install/interbotix_common_modules:/home/my11/interbotix_ws/install/dynamixel_workbench_toolbox:/home/my11/apriltag_ws/install/apriltag_ros:/home/my11/ros2_ws/install/rrbot_gazebo:/home/my11/ros2_ws/install/rrbot_description:/home/my11/ros2_ws/install/plate_description:/home/my11/ros2_ws/install/opencv_test_py:/opt/ros/humble'), ('CURSOR_CLI_MODE', 'local'), ('CONDA_PYTHON_EXE', '/home/my11/miniforge3/bin/python'), ('ORIGINAL_XDG_CURRENT_DESKTOP', 'ubuntu:GNOME'), ('SHELL', '/bin/bash'), ('LC_NAME', 'en_US.UTF-8'), ('QT_ACCESSIBILITY', '1'), ('CURSOR_CLI', 'ELECTRON_RUN_AS_NODE=1 "/usr/share/cursor/bin/../cursor" "/usr/share/cursor/bin/../resources/app/out/cli.js"'), ('GDMSESSION', 'ubuntu'), ('LESSCLOSE', '/usr/bin/lesspipe %s %s'), ('LC_MEASUREMENT', 'en_US.UTF-8'), ('GPG_AGENT_INFO', '/run/user/1000/gnupg/S.gpg-agent:0:1'), ('GAZEBO_RESOURCE_PATH', '/usr/share/gazebo/../../share/gazebo-11:/usr/share/gazebo/../../share/gazebo-11:/usr/share/gazebo/../../share/gazebo-11:/usr/share/gazebo/../../share/gazebo-11:'), ('LC_IDENTIFICATION', 'en_US.UTF-8'), ('GAZEBO_MODEL_DATABASE_URI', 'http://models.gazebosim.org'), ('QT_IM_MODULE', 'ibus'), ('PWD', '/home/my11/interbotix_ws/build/widowx_custom_msgs'), ('VSCODE_CLI', '1'), ('XDG_CONFIG_DIRS', '/etc/xdg/xdg-ubuntu:/etc/xdg'), ('CONDA_EXE', '/home/my11/miniforge3/bin/conda'), ('VSCODE_CODE_CACHE_PATH', '/home/my11/.config/Cursor/CachedData/25412918da7e74b2686b25d62da1f01cfcd27680'), ('GAZEBO_PLUGIN_PATH', '/usr/share/gazebo/../../lib/x86_64-linux-gnu/gazebo-11/plugins:/usr/share/gazebo/../../lib/x86_64-linux-gnu/gazebo-11/plugins:/usr/share/gazebo/../../lib/x86_64-linux-gnu/gazebo-11/plugins:/usr/share/gazebo/../../lib/x86_64-linux-gnu/gazebo-11/plugins:'), ('XDG_DATA_DIRS', '/usr/share/ubuntu:/usr/share/gnome:/usr/local/share/:/usr/share/:/var/lib/snapd/desktop'), ('PYTHONPATH', '/home/my11/interbotix_ws/install/interbotix_xs_modules/lib/python3.10/site-packages:/home/my11/interbotix_ws/install/interbotix_perception_modules/lib/python3.10/site-packages:/home/my11/interbotix_ws/install/interbotix_xs_msgs/local/lib/python3.10/dist-packages:/home/my11/interbotix_ws/install/interbotix_perception_msgs/local/lib/python3.10/dist-packages:/home/my11/interbotix_ws/install/interbotix_moveit_interface_msgs/local/lib/python3.10/dist-packages:/home/my11/interbotix_ws/install/interbotix_common_modules/lib/python3.10/site-packages:/home/my11/apriltag_ws/install/apriltag_ros/local/lib/python3.10/dist-packages:/home/my11/ros2_ws/install/opencv_test_py/lib/python3.10/site-packages:/opt/ros/humble/lib/python3.10/site-packages:/opt/ros/humble/local/lib/python3.10/dist-packages'), ('LC_NUMERIC', 'en_US.UTF-8'), ('LC_PAPER', 'en_US.UTF-8'), ('COLCON', '1'), ('VTE_VERSION', '6800'), ('ELECTRON_NO_ATTACH_CONSOLE', '1'), ('CMAKE_PREFIX_PATH', '/home/my11/interbotix_ws/install/interbotix_ros_xsarms_examples:/home/my11/interbotix_ws/install/interbotix_xsarm_moveit_interface:/home/my11/interbotix_ws/install/interbotix_moveit_interface:/home/my11/interbotix_ws/install/moveit_visual_tools:/home/my11/interbotix_ws/install/interbotix_ros_xsarms:/home/my11/interbotix_ws/install/interbotix_xsarm_moveit:/home/my11/interbotix_ws/install/interbotix_xsarm_sim:/home/my11/interbotix_ws/install/interbotix_xsarm_ros_control:/home/my11/interbotix_ws/install/interbotix_xsarm_puppet:/home/my11/interbotix_ws/install/interbotix_xsarm_perception:/home/my11/interbotix_ws/install/interbotix_xsarm_joy:/home/my11/interbotix_ws/install/interbotix_xsarm_gravity_compensation:/home/my11/interbotix_ws/install/interbotix_xsarm_dual:/home/my11/interbotix_ws/install/interbotix_xsarm_control:/home/my11/interbotix_ws/install/interbotix_xsarm_descriptions:/home/my11/interbotix_ws/install/interbotix_xs_toolbox:/home/my11/interbotix_ws/install/interbotix_xs_rviz:/home/my11/interbotix_ws/install/interbotix_ros_xseries:/home/my11/interbotix_ws/install/interbotix_xs_sdk:/home/my11/interbotix_ws/install/interbotix_xs_ros_control:/home/my11/interbotix_ws/install/interbotix_perception_toolbox:/home/my11/interbotix_ws/install/interbotix_common_toolbox:/home/my11/interbotix_ws/install/interbotix_gravity_compensation:/home/my11/interbotix_ws/install/interbotix_xs_msgs:/home/my11/interbotix_ws/install/interbotix_xs_driver:/home/my11/interbotix_ws/install/interbotix_tf_tools:/home/my11/interbotix_ws/install/interbotix_perception_pipelines:/home/my11/interbotix_ws/install/interbotix_perception_msgs:/home/my11/interbotix_ws/install/interbotix_moveit_interface_msgs:/home/my11/interbotix_ws/install/interbotix_common_sim:/home/my11/interbotix_ws/install/dynamixel_workbench_toolbox:/home/my11/apriltag_ws/install/apriltag_ros:/home/my11/ros2_ws/install/rrbot_gazebo:/home/my11/ros2_ws/install/rrbot_description:/home/my11/ros2_ws/install/plate_description:/home/my11/interbotix_ws/install/interbotix_xs_modules:/home/my11/interbotix_ws/install/interbotix_perception_modules:/home/my11/interbotix_ws/install/interbotix_common_modules:/home/my11/ros2_ws/install/opencv_test_py:/opt/ros/humble'), ('VSCODE_PID', '9371')]), 'shell': False}
[2.981272] (widowx_custom_msgs) StdoutLine: {'line': b'[  3%] Generating C code for ROS interfaces\n'}
[2.989246] (widowx_custom_msgs) StdoutLine: {'line': b'[  6%] Generating C++ code for ROS interfaces\n'}
[2.992620] (widowx_custom_msgs) StdoutLine: {'line': b'[  6%] Built target ament_cmake_python_symlink_widowx_custom_msgs\n'}
[3.005396] (-) TimerEvent: {}
[3.049427] (widowx_custom_msgs) StderrLine: {'line': b'Traceback (most recent call last):\n'}
[3.049764] (widowx_custom_msgs) StderrLine: {'line': b'  File "/home/my11/interbotix_ws/build/widowx_custom_msgs/ament_cmake_python/widowx_custom_msgs/setup.py", line 1, in <module>\n'}
[3.049846] (widowx_custom_msgs) StderrLine: {'line': b'    from setuptools import find_packages\n'}
[3.049914] (widowx_custom_msgs) StderrLine: {'line': b'  File "/home/my11/.local/lib/python3.10/site-packages/setuptools/__init__.py", line 21, in <module>\n'}
[3.049980] (widowx_custom_msgs) StderrLine: {'line': b'    import _distutils_hack.override  # noqa: F401\n'}
[3.050042] (widowx_custom_msgs) StderrLine: {'line': b'  File "/home/my11/.local/lib/python3.10/site-packages/_distutils_hack/override.py", line 1, in <module>\n'}
[3.050115] (widowx_custom_msgs) StderrLine: {'line': b"    __import__('_distutils_hack').do_override()\n"}
[3.050174] (widowx_custom_msgs) StderrLine: {'line': b'  File "/home/my11/.local/lib/python3.10/site-packages/_distutils_hack/__init__.py", line 89, in do_override\n'}
[3.050232] (widowx_custom_msgs) StderrLine: {'line': b'    ensure_local_distutils()\n'}
[3.050290] (widowx_custom_msgs) StderrLine: {'line': b'  File "/home/my11/.local/lib/python3.10/site-packages/_distutils_hack/__init__.py", line 76, in ensure_local_distutils\n'}
[3.050348] (widowx_custom_msgs) StderrLine: {'line': b"    assert '_distutils' in core.__file__, core.__file__\n"}
[3.050406] (widowx_custom_msgs) StderrLine: {'line': b'AssertionError: /usr/lib/python3.10/distutils/core.py\n'}
[3.058294] (widowx_custom_msgs) StderrLine: {'line': b'gmake[2]: *** [CMakeFiles/ament_cmake_python_build_widowx_custom_msgs_egg.dir/build.make:70\xef\xbc\x9aCMakeFiles/ament_cmake_python_build_widowx_custom_msgs_egg] \xe9\x94\x99\xe8\xaf\xaf 1\n'}
[3.058485] (widowx_custom_msgs) StderrLine: {'line': b'gmake[1]: *** [CMakeFiles/Makefile2:546\xef\xbc\x9aCMakeFiles/ament_cmake_python_build_widowx_custom_msgs_egg.dir/all] \xe9\x94\x99\xe8\xaf\xaf 2\n'}
[3.058562] (widowx_custom_msgs) StderrLine: {'line': b'gmake[1]: *** \xe6\xad\xa3\xe5\x9c\xa8\xe7\xad\x89\xe5\xbe\x85\xe6\x9c\xaa\xe5\xae\x8c\xe6\x88\x90\xe7\x9a\x84\xe4\xbb\xbb\xe5\x8a\xa1....\n'}
[3.105618] (-) TimerEvent: {}
[3.160888] (widowx_custom_msgs) StdoutLine: {'line': b'[  6%] Built target widowx_custom_msgs__cpp\n'}
[3.171160] (widowx_custom_msgs) StdoutLine: {'line': b'[  9%] Building C object CMakeFiles/widowx_custom_msgs__rosidl_generator_c.dir/rosidl_generator_c/widowx_custom_msgs/msg/detail/segmentation_result__functions.c.o\n'}
[3.205837] (-) TimerEvent: {}
[3.243032] (widowx_custom_msgs) StdoutLine: {'line': b'[ 12%] Linking C shared library libwidowx_custom_msgs__rosidl_generator_c.so\n'}
[3.287015] (widowx_custom_msgs) StdoutLine: {'line': b'[ 12%] Built target widowx_custom_msgs__rosidl_generator_c\n'}
[3.287798] (widowx_custom_msgs) StderrLine: {'line': b'gmake: *** [Makefile:146\xef\xbc\x9aall] \xe9\x94\x99\xe8\xaf\xaf 2\n'}
[3.289387] (widowx_custom_msgs) CommandEnded: {'returncode': 2}
[3.305910] (-) TimerEvent: {}
[3.406143] (-) TimerEvent: {}
[3.446495] (widowx_custom_msgs) JobEnded: {'identifier': 'widowx_custom_msgs', 'rc': 2}
[3.457293] (-) EventReactorShutdown: {}
