[0.570s] Invoking command in '/home/my11/interbotix_ws/src/interbotix_ros_toolboxes/interbotix_common_toolbox/interbotix_common_modules': PYTHONPATH=/home/my11/interbotix_ws/build/interbotix_common_modules/prefix_override:/usr/lib/python3/dist-packages/colcon_core/task/python/colcon_distutils_commands:/home/my11/interbotix_ws/install/interbotix_common_modules/lib/python3.10/site-packages:${PYTHONPATH} /usr/bin/python3 -W ignore:setup.py install is deprecated setup.py egg_info --egg-base ../../../../build/interbotix_common_modules build --build-base /home/my11/interbotix_ws/build/interbotix_common_modules/build install --record /home/my11/interbotix_ws/build/interbotix_common_modules/install.log --single-version-externally-managed install_data
[0.703s] running egg_info
[0.703s] creating ../../../../build/interbotix_common_modules/interbotix_common_modules.egg-info
[0.703s] writing ../../../../build/interbotix_common_modules/interbotix_common_modules.egg-info/PKG-INFO
[0.703s] writing dependency_links to ../../../../build/interbotix_common_modules/interbotix_common_modules.egg-info/dependency_links.txt
[0.703s] writing entry points to ../../../../build/interbotix_common_modules/interbotix_common_modules.egg-info/entry_points.txt
[0.703s] writing requirements to ../../../../build/interbotix_common_modules/interbotix_common_modules.egg-info/requires.txt
[0.703s] writing top-level names to ../../../../build/interbotix_common_modules/interbotix_common_modules.egg-info/top_level.txt
[0.704s] writing manifest file '../../../../build/interbotix_common_modules/interbotix_common_modules.egg-info/SOURCES.txt'
[0.704s] reading manifest file '../../../../build/interbotix_common_modules/interbotix_common_modules.egg-info/SOURCES.txt'
[0.706s] writing manifest file '../../../../build/interbotix_common_modules/interbotix_common_modules.egg-info/SOURCES.txt'
[0.707s] running build
[0.707s] running build_py
[0.707s] creating /home/my11/interbotix_ws/build/interbotix_common_modules/build
[0.707s] creating /home/my11/interbotix_ws/build/interbotix_common_modules/build/lib
[0.707s] creating /home/my11/interbotix_ws/build/interbotix_common_modules/build/lib/interbotix_common_modules
[0.707s] copying interbotix_common_modules/__init__.py -> /home/my11/interbotix_ws/build/interbotix_common_modules/build/lib/interbotix_common_modules
[0.707s] creating /home/my11/interbotix_ws/build/interbotix_common_modules/build/lib/interbotix_common_modules/launch
[0.707s] copying interbotix_common_modules/launch/and_condition.py -> /home/my11/interbotix_ws/build/interbotix_common_modules/build/lib/interbotix_common_modules/launch
[0.707s] copying interbotix_common_modules/launch/or_condition.py -> /home/my11/interbotix_ws/build/interbotix_common_modules/build/lib/interbotix_common_modules/launch
[0.707s] copying interbotix_common_modules/launch/__init__.py -> /home/my11/interbotix_ws/build/interbotix_common_modules/build/lib/interbotix_common_modules/launch
[0.707s] creating /home/my11/interbotix_ws/build/interbotix_common_modules/build/lib/interbotix_common_modules/py_common
[0.707s] copying interbotix_common_modules/py_common/params.py -> /home/my11/interbotix_ws/build/interbotix_common_modules/build/lib/interbotix_common_modules/py_common
[0.707s] copying interbotix_common_modules/py_common/__init__.py -> /home/my11/interbotix_ws/build/interbotix_common_modules/build/lib/interbotix_common_modules/py_common
[0.708s] creating /home/my11/interbotix_ws/build/interbotix_common_modules/build/lib/interbotix_common_modules/angle_manipulation
[0.708s] copying interbotix_common_modules/angle_manipulation/angle_manipulation.py -> /home/my11/interbotix_ws/build/interbotix_common_modules/build/lib/interbotix_common_modules/angle_manipulation
[0.708s] copying interbotix_common_modules/angle_manipulation/__init__.py -> /home/my11/interbotix_ws/build/interbotix_common_modules/build/lib/interbotix_common_modules/angle_manipulation
[0.708s] creating /home/my11/interbotix_ws/build/interbotix_common_modules/build/lib/interbotix_common_modules/common_robot
[0.708s] copying interbotix_common_modules/common_robot/robot.py -> /home/my11/interbotix_ws/build/interbotix_common_modules/build/lib/interbotix_common_modules/common_robot
[0.708s] copying interbotix_common_modules/common_robot/exceptions.py -> /home/my11/interbotix_ws/build/interbotix_common_modules/build/lib/interbotix_common_modules/common_robot
[0.708s] copying interbotix_common_modules/common_robot/__init__.py -> /home/my11/interbotix_ws/build/interbotix_common_modules/build/lib/interbotix_common_modules/common_robot
[0.708s] running install
[0.708s] running install_lib
[0.708s] creating /home/my11/interbotix_ws/install/interbotix_common_modules/lib/python3.10/site-packages/interbotix_common_modules
[0.708s] creating /home/my11/interbotix_ws/install/interbotix_common_modules/lib/python3.10/site-packages/interbotix_common_modules/launch
[0.708s] copying /home/my11/interbotix_ws/build/interbotix_common_modules/build/lib/interbotix_common_modules/launch/and_condition.py -> /home/my11/interbotix_ws/install/interbotix_common_modules/lib/python3.10/site-packages/interbotix_common_modules/launch
[0.708s] copying /home/my11/interbotix_ws/build/interbotix_common_modules/build/lib/interbotix_common_modules/launch/or_condition.py -> /home/my11/interbotix_ws/install/interbotix_common_modules/lib/python3.10/site-packages/interbotix_common_modules/launch
[0.708s] copying /home/my11/interbotix_ws/build/interbotix_common_modules/build/lib/interbotix_common_modules/launch/__init__.py -> /home/my11/interbotix_ws/install/interbotix_common_modules/lib/python3.10/site-packages/interbotix_common_modules/launch
[0.709s] creating /home/my11/interbotix_ws/install/interbotix_common_modules/lib/python3.10/site-packages/interbotix_common_modules/py_common
[0.709s] copying /home/my11/interbotix_ws/build/interbotix_common_modules/build/lib/interbotix_common_modules/py_common/params.py -> /home/my11/interbotix_ws/install/interbotix_common_modules/lib/python3.10/site-packages/interbotix_common_modules/py_common
[0.709s] copying /home/my11/interbotix_ws/build/interbotix_common_modules/build/lib/interbotix_common_modules/py_common/__init__.py -> /home/my11/interbotix_ws/install/interbotix_common_modules/lib/python3.10/site-packages/interbotix_common_modules/py_common
[0.709s] creating /home/my11/interbotix_ws/install/interbotix_common_modules/lib/python3.10/site-packages/interbotix_common_modules/angle_manipulation
[0.709s] copying /home/my11/interbotix_ws/build/interbotix_common_modules/build/lib/interbotix_common_modules/angle_manipulation/angle_manipulation.py -> /home/my11/interbotix_ws/install/interbotix_common_modules/lib/python3.10/site-packages/interbotix_common_modules/angle_manipulation
[0.709s] copying /home/my11/interbotix_ws/build/interbotix_common_modules/build/lib/interbotix_common_modules/angle_manipulation/__init__.py -> /home/my11/interbotix_ws/install/interbotix_common_modules/lib/python3.10/site-packages/interbotix_common_modules/angle_manipulation
[0.709s] creating /home/my11/interbotix_ws/install/interbotix_common_modules/lib/python3.10/site-packages/interbotix_common_modules/common_robot
[0.709s] copying /home/my11/interbotix_ws/build/interbotix_common_modules/build/lib/interbotix_common_modules/common_robot/robot.py -> /home/my11/interbotix_ws/install/interbotix_common_modules/lib/python3.10/site-packages/interbotix_common_modules/common_robot
[0.709s] copying /home/my11/interbotix_ws/build/interbotix_common_modules/build/lib/interbotix_common_modules/common_robot/exceptions.py -> /home/my11/interbotix_ws/install/interbotix_common_modules/lib/python3.10/site-packages/interbotix_common_modules/common_robot
[0.709s] copying /home/my11/interbotix_ws/build/interbotix_common_modules/build/lib/interbotix_common_modules/common_robot/__init__.py -> /home/my11/interbotix_ws/install/interbotix_common_modules/lib/python3.10/site-packages/interbotix_common_modules/common_robot
[0.709s] copying /home/my11/interbotix_ws/build/interbotix_common_modules/build/lib/interbotix_common_modules/__init__.py -> /home/my11/interbotix_ws/install/interbotix_common_modules/lib/python3.10/site-packages/interbotix_common_modules
[0.709s] byte-compiling /home/my11/interbotix_ws/install/interbotix_common_modules/lib/python3.10/site-packages/interbotix_common_modules/launch/and_condition.py to and_condition.cpython-310.pyc
[0.709s] byte-compiling /home/my11/interbotix_ws/install/interbotix_common_modules/lib/python3.10/site-packages/interbotix_common_modules/launch/or_condition.py to or_condition.cpython-310.pyc
[0.709s] byte-compiling /home/my11/interbotix_ws/install/interbotix_common_modules/lib/python3.10/site-packages/interbotix_common_modules/launch/__init__.py to __init__.cpython-310.pyc
[0.709s] byte-compiling /home/my11/interbotix_ws/install/interbotix_common_modules/lib/python3.10/site-packages/interbotix_common_modules/py_common/params.py to params.cpython-310.pyc
[0.709s] byte-compiling /home/my11/interbotix_ws/install/interbotix_common_modules/lib/python3.10/site-packages/interbotix_common_modules/py_common/__init__.py to __init__.cpython-310.pyc
[0.709s] byte-compiling /home/my11/interbotix_ws/install/interbotix_common_modules/lib/python3.10/site-packages/interbotix_common_modules/angle_manipulation/angle_manipulation.py to angle_manipulation.cpython-310.pyc
[0.709s] byte-compiling /home/my11/interbotix_ws/install/interbotix_common_modules/lib/python3.10/site-packages/interbotix_common_modules/angle_manipulation/__init__.py to __init__.cpython-310.pyc
[0.709s] byte-compiling /home/my11/interbotix_ws/install/interbotix_common_modules/lib/python3.10/site-packages/interbotix_common_modules/common_robot/robot.py to robot.cpython-310.pyc
[0.709s] byte-compiling /home/my11/interbotix_ws/install/interbotix_common_modules/lib/python3.10/site-packages/interbotix_common_modules/common_robot/exceptions.py to exceptions.cpython-310.pyc
[0.709s] byte-compiling /home/my11/interbotix_ws/install/interbotix_common_modules/lib/python3.10/site-packages/interbotix_common_modules/common_robot/__init__.py to __init__.cpython-310.pyc
[0.709s] byte-compiling /home/my11/interbotix_ws/install/interbotix_common_modules/lib/python3.10/site-packages/interbotix_common_modules/__init__.py to __init__.cpython-310.pyc
[0.710s] running install_data
[0.710s] creating /home/my11/interbotix_ws/install/interbotix_common_modules/share/ament_index
[0.710s] creating /home/my11/interbotix_ws/install/interbotix_common_modules/share/ament_index/resource_index
[0.710s] creating /home/my11/interbotix_ws/install/interbotix_common_modules/share/ament_index/resource_index/packages
[0.710s] copying resource/interbotix_common_modules -> /home/my11/interbotix_ws/install/interbotix_common_modules/share/ament_index/resource_index/packages
[0.710s] copying package.xml -> /home/my11/interbotix_ws/install/interbotix_common_modules/share/interbotix_common_modules
[0.710s] running install_egg_info
[0.711s] Copying ../../../../build/interbotix_common_modules/interbotix_common_modules.egg-info to /home/my11/interbotix_ws/install/interbotix_common_modules/lib/python3.10/site-packages/interbotix_common_modules-0.0.0-py3.10.egg-info
[0.712s] running install_scripts
[0.725s] writing list of installed files to '/home/my11/interbotix_ws/build/interbotix_common_modules/install.log'
[0.742s] Invoked command in '/home/my11/interbotix_ws/src/interbotix_ros_toolboxes/interbotix_common_toolbox/interbotix_common_modules' returned '0': PYTHONPATH=/home/my11/interbotix_ws/build/interbotix_common_modules/prefix_override:/usr/lib/python3/dist-packages/colcon_core/task/python/colcon_distutils_commands:/home/my11/interbotix_ws/install/interbotix_common_modules/lib/python3.10/site-packages:${PYTHONPATH} /usr/bin/python3 -W ignore:setup.py install is deprecated setup.py egg_info --egg-base ../../../../build/interbotix_common_modules build --build-base /home/my11/interbotix_ws/build/interbotix_common_modules/build install --record /home/my11/interbotix_ws/build/interbotix_common_modules/install.log --single-version-externally-managed install_data
